Archive member included to satisfy reference by file (symbol)

arch/arm/cpu/armv8/cpu.o      (--whole-archive)
arch/arm/cpu/armv8/generic_timer.o
                              (--whole-archive)
arch/arm/cpu/armv8/cache_v8.o
                              (--whole-archive)
arch/arm/cpu/armv8/cache.o    (--whole-archive)
arch/arm/cpu/armv8/exceptions.o
                              (--whole-archive)
arch/arm/cpu/armv8/exception_level.o
                              (--whole-archive)
arch/arm/cpu/armv8/tlb.o      (--whole-archive)
arch/arm/cpu/armv8/transition.o
                              (--whole-archive)
arch/arm/cpu/armv8/fwcall.o   (--whole-archive)
arch/arm/cpu/armv8/cpu-dt.o   (--whole-archive)
arch/arm/cpu/armv8/smccc-call.o
                              (--whole-archive)
arch/arm/cpu/armv8/lowlevel_init.o
                              (--whole-archive)
arch/arm/lib/crt0_64.o        (--whole-archive)
arch/arm/lib/setjmp_aarch64.o
                              (--whole-archive)
arch/arm/lib/relocate_64.o    (--whole-archive)
arch/arm/lib/bootm-fdt.o      (--whole-archive)
arch/arm/lib/bootm.o          (--whole-archive)
arch/arm/lib/image.o          (--whole-archive)
arch/arm/lib/bdinfo.o         (--whole-archive)
arch/arm/lib/sections.o       (--whole-archive)
arch/arm/lib/stack.o          (--whole-archive)
arch/arm/lib/interrupts_64.o  (--whole-archive)
arch/arm/lib/reset.o          (--whole-archive)
arch/arm/lib/cache.o          (--whole-archive)
arch/arm/lib/psci-dt.o        (--whole-archive)
arch/arm/mach-sunxi/board.o   (--whole-archive)
arch/arm/mach-sunxi/clock.o   (--whole-archive)
arch/arm/mach-sunxi/cpu_info.o
                              (--whole-archive)
arch/arm/mach-sunxi/dram_helpers.o
                              (--whole-archive)
arch/arm/mach-sunxi/pinmux.o  (--whole-archive)
arch/arm/mach-sunxi/pmic_bus.o
                              (--whole-archive)
arch/arm/mach-sunxi/clock_sun50i_h6.o
                              (--whole-archive)
board/sunxi/board.o           (--whole-archive)
cmd/boot.o                    (--whole-archive)
cmd/bootm.o                   (--whole-archive)
cmd/help.o                    (--whole-archive)
cmd/panic.o                   (--whole-archive)
cmd/version.o                 (--whole-archive)
cmd/blk_common.o              (--whole-archive)
cmd/source.o                  (--whole-archive)
cmd/bdinfo.o                  (--whole-archive)
cmd/blkcache.o                (--whole-archive)
cmd/bootefi.o                 (--whole-archive)
cmd/booti.o                   (--whole-archive)
cmd/console.o                 (--whole-archive)
cmd/dm.o                      (--whole-archive)
cmd/echo.o                    (--whole-archive)
cmd/elf.o                     (--whole-archive)
cmd/exit.o                    (--whole-archive)
cmd/ext4.o                    (--whole-archive)
cmd/ext2.o                    (--whole-archive)
cmd/fat.o                     (--whole-archive)
cmd/fdt.o                     (--whole-archive)
cmd/fs.o                      (--whole-archive)
cmd/gpio.o                    (--whole-archive)
cmd/i2c.o                     (--whole-archive)
cmd/itest.o                   (--whole-archive)
cmd/load.o                    (--whole-archive)
cmd/mem.o                     (--whole-archive)
cmd/mii.o                     (--whole-archive)
cmd/mdio.o                    (--whole-archive)
cmd/sleep.o                   (--whole-archive)
cmd/mmc.o                     (--whole-archive)
cmd/net.o                     (--whole-archive)
cmd/part.o                    (--whole-archive)
cmd/pxe.o                     (--whole-archive)
cmd/pxe_utils.o               (--whole-archive)
cmd/setexpr.o                 (--whole-archive)
cmd/sysboot.o                 (--whole-archive)
cmd/test.o                    (--whole-archive)
cmd/unlz4.o                   (--whole-archive)
cmd/unzip.o                   (--whole-archive)
cmd/lzmadec.o                 (--whole-archive)
cmd/usb.o                     (--whole-archive)
cmd/disk.o                    (--whole-archive)
cmd/ximg.o                    (--whole-archive)
cmd/gpt.o                     (--whole-archive)
cmd/nvedit.o                  (--whole-archive)
common/init/board_init.o      (--whole-archive)
common/main.o                 (--whole-archive)
common/exports.o              (--whole-archive)
common/hash.o                 (--whole-archive)
common/cli_hush.o             (--whole-archive)
common/autoboot.o             (--whole-archive)
common/board_f.o              (--whole-archive)
common/board_r.o              (--whole-archive)
common/board_info.o           (--whole-archive)
common/bootm.o                (--whole-archive)
common/bootm_os.o             (--whole-archive)
common/fdt_support.o          (--whole-archive)
common/miiphyutil.o           (--whole-archive)
common/usb.o                  (--whole-archive)
common/usb_hub.o              (--whole-archive)
common/usb_storage.o          (--whole-archive)
[...]
Memory Configuration

Name             Origin             Length             Attributes
*default*        0x0000000000000000 0xffffffffffffffff

Linker script and memory map

Address of section .text set to 0x4a000000
                0x0000000000000000                . = 0x0
                0x0000000000000000                . = ALIGN (0x8)

.text           0x000000004a000000      0x208
 *(.__image_copy_start)
 .__image_copy_start
                0x000000004a000000        0x0 arch/arm/lib/sections.o
                0x000000004a000000                __image_copy_start
 arch/arm/cpu/armv8/start.o(.text*)
 .text          0x000000004a000000      0x208 arch/arm/cpu/armv8/start.o
                0x000000004a000000                _start
                0x000000004a0000e8                _TEXT_BASE
                0x000000004a0000f0                _end_ofs
                0x000000004a0000f8                _bss_start_ofs
                0x000000004a000100                _bss_end_ofs
                0x000000004a00010c                save_boot_params_ret
                0x000000004a000178                apply_core_errata
                0x000000004a0001c0                smp_kick_all_cpus
                0x000000004a0001c4                c_runtime_cpu_setup
                0x000000004a0001fc                save_boot_params

.efi_runtime    0x000000004a000208     0x1008
                0x000000004a000208                __efi_runtime_start = .
 *(.text.efi_runtime*)
 .text.efi_runtime
                0x000000004a000208       0x58 arch/arm/cpu/armv8/smccc-call.o
                0x000000004a000208                __arm_smccc_smc
                0x000000004a000234                __arm_smccc_hvc
 .text.efi_runtime
                0x000000004a000260       0xd4 drivers/firmware/psci.o
                0x000000004a000260                invoke_psci_fn
                0x000000004a0002dc                efi_reset_system
 .text.efi_runtime
                0x000000004a000334      0x130 lib/efi_loader/efi_runtime.o
                0x000000004a000338                efi_get_time
                0x000000004a000340                efi_set_time
                0x000000004a000350                efi_update_capsule_unsupported
                0x000000004a000358                efi_query_capsule_caps_unsupported
                0x000000004a000370                efi_convert_pointer
                0x000000004a000410                efi_update_table_header_crc32
                0x000000004a000444                efi_memcpy_runtime
 .text.efi_runtime_detach
                0x000000004a000464       0x34 lib/efi_loader/efi_runtime.o
                0x000000004a000464                efi_runtime_detach
 .text.efi_runtime_relocate
                0x000000004a000498      0x128 lib/efi_loader/efi_runtime.o
                0x000000004a000498                efi_runtime_relocate
 .text.efi_runtime
                0x000000004a0005c0       0x38 lib/efi_loader/efi_var_common.o
                0x000000004a0005c0                efi_get_variable_runtime
                0x000000004a0005f4                efi_get_next_variable_name_runtime
 .text.efi_runtime
                0x000000004a0005f8      0x534 lib/efi_loader/efi_var_mem.o
                0x000000004a0006b0                efi_var_mem_find
                0x000000004a0007b0                efi_get_next_variable_name_mem
                0x000000004a000890                efi_get_variable_mem
                0x000000004a000958                efi_var_mem_del
                0x000000004a0009e8                efi_var_mem_ins
                0x000000004a000b10                efi_var_mem_free
 .text.efi_runtime
                0x000000004a000b2c       0x18 lib/efi_loader/efi_variable.o
                0x000000004a000b2c                efi_query_variable_info_runtime
                0x000000004a000b3c                efi_get_variable_int
                0x000000004a000b40                efi_get_next_variable_name_int
 .text.efi_runtime
                0x000000004a000b44       0x24 lib/charset.o
                0x000000004a000b44                u16_strnlen
 .text.efi_runtime
                0x000000004a000b68       0xf0 lib/crc32.o
                0x000000004a000b68                crc32_no_comp
                0x000000004a000c3c                crc32
 *(.rodata.efi_runtime*)
 .rodata.efi_runtime_relocate.str1.1
                0x000000004a000c58       0x4e lib/efi_loader/efi_runtime.o
 *fill*         0x000000004a000ca6        0x2 
 .rodata.efi_runtime
                0x000000004a000ca8      0x400 lib/crc32.o
 *(.data.efi_runtime*)
 .data.efi_runtime
                0x000000004a0010a8        0x4 drivers/firmware/psci.o
                0x000000004a0010a8                psci_method
 *fill*         0x000000004a0010ac        0x4 
 .data.efi_runtime
                0x000000004a0010b0       0x9e lib/efi_loader/efi_boottime.o
                0x000000004a0010b0                efi_events
                0x000000004a0010c0                systab
 *fill*         0x000000004a00114e        0x2 
 .data.efi_runtime
                0x000000004a001150       0xa0 lib/efi_loader/efi_runtime.o
                0x000000004a001168                efi_runtime_services
 .data.efi_runtime_mmio
                0x000000004a0011f0       0x10 lib/efi_loader/efi_runtime.o
                0x000000004a0011f0                efi_runtime_mmio
 .data.efi_runtime
                0x000000004a001200       0x10 lib/efi_loader/efi_var_mem.o
                0x000000004a001210                __efi_runtime_stop = .

.text_rest      0x000000004a001800    0x5e220
 *(.text*)
 .text.board_cleanup_before_linux
                0x000000004a001800        0x4 arch/arm/cpu/armv8/cpu.o
                0x000000004a001800                board_cleanup_before_linux
 .text.cleanup_before_linux
                0x000000004a001804       0x2c arch/arm/cpu/armv8/cpu.o
                0x000000004a001804                cleanup_before_linux
 .text.get_tbclk
                0x000000004a001830        0x8 arch/arm/cpu/armv8/generic_timer.o
                0x000000004a001830                get_tbclk
 .text.get_ticks
                0x000000004a001838       0x10 arch/arm/cpu/armv8/generic_timer.o
                0x000000004a001838                get_ticks
 .text.count_required_pts
                0x000000004a001848       0xf8 arch/arm/cpu/armv8/cache_v8.o
 .text.create_table
                0x000000004a001940       0x70 arch/arm/cpu/armv8/cache_v8.o
 .text.split_block
                0x000000004a0019b0       0x90 arch/arm/cpu/armv8/cache_v8.o
 .text.get_tcr  0x000000004a001a40       0xe4 arch/arm/cpu/armv8/cache_v8.o
                0x000000004a001a40                get_tcr
 .text.find_pte
                0x000000004a001b24       0x8c arch/arm/cpu/armv8/cache_v8.o
 .text.get_page_table_size
                0x000000004a001bb0       0x48 arch/arm/cpu/armv8/cache_v8.o
                0x000000004a001bb0                get_page_table_size
 .text.setup_pgtables
                0x000000004a001bf8      0x16c arch/arm/cpu/armv8/cache_v8.o
                0x000000004a001bf8                setup_pgtables
 .text.mmu_setup
                0x000000004a001d64      0x13c arch/arm/cpu/armv8/cache_v8.o
                0x000000004a001d64                mmu_setup
 .text.invalidate_dcache_all
                0x000000004a001ea0       0x14 arch/arm/cpu/armv8/cache_v8.o
                0x000000004a001ea0                invalidate_dcache_all
 .text.invalidate_dcache_range
                0x000000004a001eb4        0x4 arch/arm/cpu/armv8/cache_v8.o
                0x000000004a001eb4                invalidate_dcache_range
 .text.flush_dcache_range
                0x000000004a001eb8        0x4 arch/arm/cpu/armv8/cache_v8.o
                0x000000004a001eb8                flush_dcache_range
 .text.dcache_enable
                0x000000004a001ebc      0x110 arch/arm/cpu/armv8/cache_v8.o
                0x000000004a001ebc                dcache_enable
 .text.dcache_disable
                0x000000004a001fcc       0x84 arch/arm/cpu/armv8/cache_v8.o
                0x000000004a001fcc                dcache_disable
 .text.dcache_status
                0x000000004a002050       0x34 arch/arm/cpu/armv8/cache_v8.o
                0x000000004a002050                dcache_status
 .text.icache_disable
                0x000000004a002084       0x68 arch/arm/cpu/armv8/cache_v8.o
                0x000000004a002084                icache_disable
 .text.invalidate_icache_all
                0x000000004a0020ec       0x14 arch/arm/cpu/armv8/cache_v8.o
                0x000000004a0020ec                invalidate_icache_all
 .text.icache_enable
                0x000000004a002100       0x74 arch/arm/cpu/armv8/cache_v8.o
                0x000000004a002100                icache_enable
 .text.enable_caches
                0x000000004a002174       0x14 arch/arm/cpu/armv8/cache_v8.o
                0x000000004a002174                enable_caches
 .text.__asm_dcache_level
                0x000000004a002188       0x64 arch/arm/cpu/armv8/cache.o
                0x000000004a002188                __asm_dcache_level
 .text.__asm_dcache_all
                0x000000004a0021ec       0x60 arch/arm/cpu/armv8/cache.o
                0x000000004a0021ec                __asm_dcache_all
 .text.__asm_flush_dcache_all
                0x000000004a00224c        0x8 arch/arm/cpu/armv8/cache.o
                0x000000004a00224c                __asm_flush_dcache_all
 .text.__asm_invalidate_dcache_all
                0x000000004a002254        0x8 arch/arm/cpu/armv8/cache.o
                0x000000004a002254                __asm_invalidate_dcache_all
 .text.__asm_flush_dcache_range
                0x000000004a00225c       0x34 arch/arm/cpu/armv8/cache.o
                0x000000004a00225c                __asm_flush_dcache_range
 .text.__asm_invalidate_dcache_range
                0x000000004a002290       0x30 arch/arm/cpu/armv8/cache.o
                0x000000004a002290                __asm_invalidate_dcache_range
 .text.__asm_invalidate_icache_all
                0x000000004a0022c0        0xc arch/arm/cpu/armv8/cache.o
                0x000000004a0022c0                __asm_invalidate_icache_all
 .text.__asm_invalidate_l3_dcache
                0x000000004a0022cc        0x8 arch/arm/cpu/armv8/cache.o
                0x000000004a0022cc                __asm_invalidate_l3_dcache
 .text.__asm_flush_l3_dcache
                0x000000004a0022d4        0x8 arch/arm/cpu/armv8/cache.o
                0x000000004a0022d4                __asm_flush_l3_dcache
 .text.__asm_invalidate_l3_icache
                0x000000004a0022dc        0x8 arch/arm/cpu/armv8/cache.o
                0x000000004a0022dc                __asm_invalidate_l3_icache
 *fill*         0x000000004a0022e4      0x51c 
 .text          0x000000004a002800      0x390 arch/arm/cpu/armv8/exceptions.o
                0x000000004a002800                vectors
 .text.entry_non_secure
                0x000000004a002b90       0x28 arch/arm/cpu/armv8/exception_level.o
 .text.switch_to_non_secure_mode
                0x000000004a002bb8       0x54 arch/arm/cpu/armv8/exception_level.o
                0x000000004a002bb8                switch_to_non_secure_mode
 .text.__asm_invalidate_tlb_all
                0x000000004a002c0c       0x4c arch/arm/cpu/armv8/tlb.o
                0x000000004a002c0c                __asm_invalidate_tlb_all
 .text.armv8_switch_to_el2
                0x000000004a002c58       0xb8 arch/arm/cpu/armv8/transition.o
                0x000000004a002c58                armv8_switch_to_el2
 .text.armv8_el2_to_aarch32
                0x000000004a002d10        0x4 arch/arm/cpu/armv8/transition.o
                0x000000004a002d10                armv8_el2_to_aarch32
 .text          0x000000004a002d14       0x1c arch/arm/cpu/armv8/lowlevel_init.o
                0x000000004a002d14                lowlevel_init
 .text          0x000000004a002d30       0x80 arch/arm/lib/crt0_64.o
                0x000000004a002d30                _main
 .text.setjmp   0x000000004a002db0       0x28 arch/arm/lib/setjmp_aarch64.o
                0x000000004a002db0                setjmp
 .text.longjmp  0x000000004a002dd8       0x2c arch/arm/lib/setjmp_aarch64.o
                0x000000004a002dd8                longjmp
 .text          0x000000004a002e04       0xd8 arch/arm/lib/relocate_64.o
                0x000000004a002e04                relocate_code
 .text.arch_fixup_fdt
                0x000000004a002edc       0x2c arch/arm/lib/bootm-fdt.o
                0x000000004a002edc                arch_fixup_fdt
 .text.setup_initrd_tag.isra.0
                0x000000004a002f08       0x40 arch/arm/lib/bootm.o
 .text.arch_lmb_reserve
                0x000000004a002f48       0x68 arch/arm/lib/bootm.o
                0x000000004a002f48                arch_lmb_reserve
 .text.board_quiesce_devices
                0x000000004a002fb0        0x4 arch/arm/lib/bootm.o
                0x000000004a002fb0                board_quiesce_devices
 .text.setup_board_tags
                0x000000004a002fb4        0x4 arch/arm/lib/bootm.o
                0x000000004a002fb4                setup_board_tags
 .text.board_prep_linux
                0x000000004a002fb8        0x4 arch/arm/lib/bootm.o
                0x000000004a002fb8                board_prep_linux
 .text.boot_prep_linux
                0x000000004a002fbc      0x1d4 arch/arm/lib/bootm.o
 .text.update_os_arch_secondary_cores
                0x000000004a003190        0x4 arch/arm/lib/bootm.o
                0x000000004a003190                update_os_arch_secondary_cores
 .text.boot_jump_linux
                0x000000004a003194       0xc8 arch/arm/lib/bootm.o
 .text.do_bootm_linux
                0x000000004a00325c       0x7c arch/arm/lib/bootm.o
                0x000000004a00325c                do_bootm_linux
 .text.boot_prep_vxworks
                0x000000004a0032d8       0x50 arch/arm/lib/bootm.o
                0x000000004a0032d8                boot_prep_vxworks
 .text.boot_jump_vxworks
                0x000000004a003328       0x10 arch/arm/lib/bootm.o
                0x000000004a003328                boot_jump_vxworks
 .text.booti_setup
                0x000000004a003338       0xb8 arch/arm/lib/image.o
                0x000000004a003338                booti_setup
 .text.arch_print_bdinfo
                0x000000004a0033f0       0x64 arch/arm/lib/bdinfo.o
                0x000000004a0033f0                arch_print_bdinfo
 .text.arch_reserve_stacks
                0x000000004a003454       0x10 arch/arm/lib/stack.o
                0x000000004a003454                arch_reserve_stacks
 .text.interrupt_init
                0x000000004a003464        0x8 arch/arm/lib/interrupts_64.o
                0x000000004a003464                interrupt_init
 .text.enable_interrupts
                0x000000004a00346c        0x4 arch/arm/lib/interrupts_64.o
                0x000000004a00346c                enable_interrupts
 .text.disable_interrupts
                0x000000004a003470        0x8 arch/arm/lib/interrupts_64.o
                0x000000004a003470                disable_interrupts
 .text.show_regs
                0x000000004a003478      0x108 arch/arm/lib/interrupts_64.o
                0x000000004a003478                show_regs
 .text.do_bad_sync
                0x000000004a003580       0x44 arch/arm/lib/interrupts_64.o
                0x000000004a003580                do_bad_sync
 .text.do_bad_irq
                0x000000004a0035c4       0x44 arch/arm/lib/interrupts_64.o
                0x000000004a0035c4                do_bad_irq
 .text.do_bad_fiq
                0x000000004a003608       0x44 arch/arm/lib/interrupts_64.o
                0x000000004a003608                do_bad_fiq
 .text.do_bad_error
                0x000000004a00364c       0x44 arch/arm/lib/interrupts_64.o
                0x000000004a00364c                do_bad_error
 .text.do_sync  0x000000004a003690       0x44 arch/arm/lib/interrupts_64.o
                0x000000004a003690                do_sync
 .text.do_irq   0x000000004a0036d4       0x44 arch/arm/lib/interrupts_64.o
                0x000000004a0036d4                do_irq
 .text.do_fiq   0x000000004a003718       0x44 arch/arm/lib/interrupts_64.o
                0x000000004a003718                do_fiq
 .text.do_error
                0x000000004a00375c       0x44 arch/arm/lib/interrupts_64.o
                0x000000004a00375c                do_error
 .text.do_reset
                0x000000004a0037a0       0x34 arch/arm/lib/reset.o
                0x000000004a0037a0                do_reset
 .text.flush_cache
                0x000000004a0037d4        0x8 arch/arm/lib/cache.o
                0x000000004a0037d4                flush_cache
 .text.arm_reserve_mmu
                0x000000004a0037dc       0x4c arch/arm/lib/cache.o
                0x000000004a0037dc                arm_reserve_mmu
 .text.arch_reserve_mmu
                0x000000004a003828        0x4 arch/arm/lib/cache.o
                0x000000004a003828                arch_reserve_mmu
 .text.s_init   0x000000004a00382c       0x7c arch/arm/mach-sunxi/board.o
                0x000000004a00382c                s_init
 .text.sunxi_get_boot_device
                0x000000004a0038a8       0xb0 arch/arm/mach-sunxi/board.o
                0x000000004a0038a8                sunxi_get_boot_device
 .text.reset_cpu
                0x000000004a003958       0x2c arch/arm/mach-sunxi/board.o
                0x000000004a003958                reset_cpu
 .text.clock_init_sec
                0x000000004a003984        0x4 arch/arm/mach-sunxi/clock.o
                0x000000004a003984                clock_init_sec
 .text.clock_init
                0x000000004a003988       0x1c arch/arm/mach-sunxi/clock.o
                0x000000004a003988                clock_init
 .text.print_cpuinfo
                0x000000004a0039a4       0x20 arch/arm/mach-sunxi/cpu_info.o
                0x000000004a0039a4                print_cpuinfo
 .text.sunxi_get_sid
                0x000000004a0039c4       0x58 arch/arm/mach-sunxi/cpu_info.o
                0x000000004a0039c4                sunxi_get_sid
 .text.sunxi_gpio_set_cfgbank
                0x000000004a003a1c       0x2c arch/arm/mach-sunxi/pinmux.o
                0x000000004a003a1c                sunxi_gpio_set_cfgbank
 .text.sunxi_gpio_set_cfgpin
                0x000000004a003a48       0x38 arch/arm/mach-sunxi/pinmux.o
                0x000000004a003a48                sunxi_gpio_set_cfgpin
 .text.sunxi_gpio_get_cfgbank
                0x000000004a003a80       0x20 arch/arm/mach-sunxi/pinmux.o
                0x000000004a003a80                sunxi_gpio_get_cfgbank
 .text.sunxi_gpio_set_drv
                0x000000004a003aa0       0x60 arch/arm/mach-sunxi/pinmux.o
                0x000000004a003aa0                sunxi_gpio_set_drv
 .text.sunxi_gpio_set_pull
                0x000000004a003b00       0x60 arch/arm/mach-sunxi/pinmux.o
                0x000000004a003b00                sunxi_gpio_set_pull
 .text.clock_init_uart
                0x000000004a003b60       0x2c arch/arm/mach-sunxi/clock_sun50i_h6.o
                0x000000004a003b60                clock_init_uart
 .text.clock_get_pll6
                0x000000004a003b8c       0x3c arch/arm/mach-sunxi/clock_sun50i_h6.o
                0x000000004a003b8c                clock_get_pll6
 .text.clock_twi_onoff
                0x000000004a003bc8       0x4c arch/arm/mach-sunxi/clock_sun50i_h6.o
                0x000000004a003bc8                clock_twi_onoff
 .text.get_spl_header
                0x000000004a003c14       0x70 board/sunxi/board.o
 .text.get_spl_dt_name
                0x000000004a003c84       0x38 board/sunxi/board.o
 .text.mmc_pinmux_setup.part.0
                0x000000004a003cbc       0x4c board/sunxi/board.o
 .text.setup_environment
                0x000000004a003d08      0x14c board/sunxi/board.o
 .text.i2c_init_board
                0x000000004a003e54       0x30 board/sunxi/board.o
                0x000000004a003e54                i2c_init_board
 .text.board_init
                0x000000004a003e84       0x78 board/sunxi/board.o
                0x000000004a003e84                board_init
 .text.dram_init
                0x000000004a003efc       0x5c board/sunxi/board.o
                0x000000004a003efc                dram_init
 .text.get_board_serial
                0x000000004a003f58       0x48 board/sunxi/board.o
                0x000000004a003f58                get_board_serial
 .text.misc_init_r
                0x000000004a003fa0      0x140 board/sunxi/board.o
                0x000000004a003fa0                misc_init_r
 .text.board_late_init
                0x000000004a0040e0        0x8 board/sunxi/board.o
                0x000000004a0040e0                board_late_init
 .text.ft_board_setup
                0x000000004a0040e8       0x2c board/sunxi/board.o
                0x000000004a0040e8                ft_board_setup
 .text.do_go_exec
                0x000000004a004114       0x10 cmd/boot.o
                0x000000004a004114                do_go_exec
 .text.do_go    0x000000004a004124       0x88 cmd/boot.o
 .text.do_bootm
                0x000000004a0041ac      0x104 cmd/bootm.o
                0x000000004a0041ac                do_bootm
 .text.do_bootd
                0x000000004a0042b0       0x2c cmd/bootm.o
                0x000000004a0042b0                do_bootd
 .text.image_info
                0x000000004a0042dc      0x130 cmd/bootm.o
 .text.do_iminfo
                0x000000004a00440c       0x7c cmd/bootm.o
 .text.bootm_maybe_autostart
                0x000000004a004488       0x74 cmd/bootm.o
                0x000000004a004488                bootm_maybe_autostart
 .text.do_help  0x000000004a0044fc       0x44 cmd/help.o
 .text.do_panic
                0x000000004a004540       0x24 cmd/panic.o
 .text.do_version
                0x000000004a004564       0x40 cmd/version.o
 .text.blk_common_cmd
                0x000000004a0045a4      0x330 cmd/blk_common.o
                0x000000004a0045a4                blk_common_cmd
 .text.image_source_script
                0x000000004a0048d4      0x208 cmd/source.o
                0x000000004a0048d4                image_source_script
 .text.do_source
                0x000000004a004adc       0x78 cmd/source.o
 .text.bdinfo_print_num_l
                0x000000004a004b54       0x18 cmd/bdinfo.o
                0x000000004a004b54                bdinfo_print_num_l
 .text.bdinfo_print_num_ll
                0x000000004a004b6c       0x18 cmd/bdinfo.o
                0x000000004a004b6c                bdinfo_print_num_ll
 .text.do_bdinfo
                0x000000004a004b84      0x19c cmd/bdinfo.o
                0x000000004a004b84                do_bdinfo
 .text.do_blkcache
                0x000000004a004d20       0x84 cmd/blkcache.o
 .text.blkc_configure
                0x000000004a004da4       0x78 cmd/blkcache.o
 .text.blkc_show
                0x000000004a004e1c       0x34 cmd/blkcache.o
 .text.efi_clear_bootdev
                0x000000004a004e50       0x48 cmd/bootefi.o
 .text.do_bootefi_exec
                0x000000004a004e98       0x88 cmd/bootefi.o
 .text.efi_set_bootdev
                0x000000004a004f20      0x100 cmd/bootefi.o
                0x000000004a004f20                efi_set_bootdev
 .text.efi_install_fdt
                0x000000004a005020      0x280 cmd/bootefi.o
                0x000000004a005020                efi_install_fdt
 .text.efi_run_image
                0x000000004a0052a0      0x194 cmd/bootefi.o
                0x000000004a0052a0                efi_run_image
 .text.do_bootefi
                0x000000004a005434      0x11c cmd/bootefi.o
 .text.do_booti
                0x000000004a005550      0x208 cmd/booti.o
                0x000000004a005550                do_booti
 .text.do_coninfo
                0x000000004a005758       0xdc cmd/console.o
 .text.do_dm_dump_devres
                0x000000004a005834        0x8 cmd/dm.o
 .text.do_dm    0x000000004a00583c       0x94 cmd/dm.o
 .text.do_dm_dump_static_driver_info
                0x000000004a0058d0       0x18 cmd/dm.o
 .text.do_dm_dump_driver_compat
                0x000000004a0058e8       0x18 cmd/dm.o
 .text.do_dm_dump_drivers
                0x000000004a005900       0x18 cmd/dm.o
 .text.do_dm_dump_uclass
                0x000000004a005918       0x18 cmd/dm.o
 .text.do_dm_dump_all
                0x000000004a005930       0x18 cmd/dm.o
 .text.do_echo  0x000000004a005948       0x94 cmd/echo.o
 .text.do_bootelf
                0x000000004a0059dc      0x154 cmd/elf.o
                0x000000004a0059dc                do_bootelf
 .text.do_bootvx
                0x000000004a005b30      0x334 cmd/elf.o
                0x000000004a005b30                do_bootvx
 .text.do_exit  0x000000004a005e64       0x30 cmd/exit.o
 .text.do_ext4_size
                0x000000004a005e94        0x8 cmd/ext4.o
                0x000000004a005e94                do_ext4_size
 .text.do_ext4_load
                0x000000004a005e9c        0x8 cmd/ext4.o
                0x000000004a005e9c                do_ext4_load
 .text.do_ext4_ls
                0x000000004a005ea4        0x8 cmd/ext4.o
                0x000000004a005ea4                do_ext4_ls
 .text.do_ext2load
                0x000000004a005eac        0x8 cmd/ext2.o
                0x000000004a005eac                do_ext2load
 .text.do_ext2ls
                0x000000004a005eb4        0x8 cmd/ext2.o
 .text.do_fat_size
                0x000000004a005ebc        0x8 cmd/fat.o
                0x000000004a005ebc                do_fat_size
 .text.do_fat_fsload
                0x000000004a005ec4        0x8 cmd/fat.o
                0x000000004a005ec4                do_fat_fsload
 .text.do_fat_ls
                0x000000004a005ecc        0x8 cmd/fat.o
 .text.do_fat_fsinfo
                0x000000004a005ed4       0x94 cmd/fat.o
 .text.do_fat_fswrite
                0x000000004a005f68        0x8 cmd/fat.o
 .text.do_fat_rm
                0x000000004a005f70        0x8 cmd/fat.o
 .text.do_fat_mkdir
                0x000000004a005f78        0x8 cmd/fat.o
 .text.is_printable_string
                0x000000004a005f80       0x84 cmd/fdt.o
 .text.print_data.part.0
                0x000000004a006004      0x1e8 cmd/fdt.o
 .text.set_working_fdt_addr
                0x000000004a0061ec       0x18 cmd/fdt.o
                0x000000004a0061ec                set_working_fdt_addr
 .text.do_fdt   0x000000004a006204     0x1034 cmd/fdt.o
 .text.do_size_wrapper
                0x000000004a007238        0x8 cmd/fs.o
 .text.do_load_wrapper
                0x000000004a007240        0x8 cmd/fs.o
 .text.do_save_wrapper
                0x000000004a007248        0x8 cmd/fs.o
 .text.do_ls_wrapper
                0x000000004a007250        0x8 cmd/fs.o
 .text.do_ln_wrapper
                0x000000004a007258        0x8 cmd/fs.o
 .text.do_fstype_wrapper
                0x000000004a007260        0x4 cmd/fs.o
 .text.do_fstypes_wrapper
                0x000000004a007264        0x4 cmd/fs.o
 .text.gpio_get_description
                0x000000004a007268       0xdc cmd/gpio.o
 .text.do_gpio  0x000000004a007344      0x38c cmd/gpio.o
 .text.do_i2c   0x000000004a0076d0       0x84 cmd/i2c.o
 .text.do_i2c_bus_speed
                0x000000004a007754       0x88 cmd/i2c.o
 .text.do_i2c_reset
                0x000000004a0077dc       0x3c cmd/i2c.o
 .text.do_i2c_probe
                0x000000004a007818       0xa4 cmd/i2c.o
 .text.do_i2c_bus_num
                0x000000004a0078bc       0xd0 cmd/i2c.o
 .text.do_i2c_show_bus
                0x000000004a00798c      0x104 cmd/i2c.o
 .text.get_alen.constprop.0
                0x000000004a007a90       0x38 cmd/i2c.o
 .text.do_i2c_crc
                0x000000004a007ac8      0x140 cmd/i2c.o
 .text.mod_i2c_mem.isra.0.part.0
                0x000000004a007c08      0x224 cmd/i2c.o
 .text.do_i2c_nm
                0x000000004a007e2c       0x1c cmd/i2c.o
 .text.do_i2c_md
                0x000000004a007e48      0x208 cmd/i2c.o
 .text.do_i2c_read
                0x000000004a008050       0xdc cmd/i2c.o
 .text.do_i2c_mw
                0x000000004a00812c      0x11c cmd/i2c.o
 .text.do_i2c_write
                0x000000004a008248      0x184 cmd/i2c.o
 .text.do_i2c_loop
                0x000000004a0083cc      0x114 cmd/i2c.o
 .text.do_i2c_mm
                0x000000004a0084e0       0x1c cmd/i2c.o
 .text.evalexp  0x000000004a0084fc       0xa8 cmd/itest.o
 .text.evalstr  0x000000004a0085a4       0x5c cmd/itest.o
 .text.binary_test
                0x000000004a008600      0x198 cmd/itest.o
 .text.do_itest
                0x000000004a008798       0x8c cmd/itest.o
 .text.bin_data_init
                0x000000004a008824       0x1c cmd/load.o
 .text.k_data_save
                0x000000004a008840       0x34 cmd/load.o
 .text.k_data_restore
                0x000000004a008874       0x34 cmd/load.o
 .text.getcxmodem
                0x000000004a0088a8       0x24 cmd/load.o
 .text.load_serial_ymodem
                0x000000004a0088cc      0x110 cmd/load.o
 .text.bin_data_char
                0x000000004a0089dc       0x28 cmd/load.o
 .text.chk1.constprop.0
                0x000000004a008a04       0x34 cmd/load.o
 .text.s1_sendpacket.constprop.0
                0x000000004a008a38       0x5c cmd/load.o
 .text.load_serial
                0x000000004a008a94      0x1d4 cmd/load.o
 .text.do_load_serial
                0x000000004a008c68       0xe0 cmd/load.o
 .text.do_load_serial_bin
                0x000000004a008d48      0x79c cmd/load.o
 .text.do_mem_md
                0x000000004a0094e4       0xf4 cmd/mem.o
 .text.do_mem_base
                0x000000004a0095d8       0x4c cmd/mem.o
 .text.do_mem_crc
                0x000000004a009624       0x30 cmd/mem.o
 .text.do_random
                0x000000004a009654      0x108 cmd/mem.o
 .text.do_mem_loop
                0x000000004a00975c      0x128 cmd/mem.o
 .text.do_mem_cmp
                0x000000004a009884      0x1a4 cmd/mem.o
 .text.mod_mem.isra.0.part.0
                0x000000004a009a28      0x1b4 cmd/mem.o
 .text.do_mem_mm
                0x000000004a009bdc       0x1c cmd/mem.o
 .text.do_mem_mw
                0x000000004a009bf8      0x108 cmd/mem.o
 .text.do_mem_cp
                0x000000004a009d00       0xc0 cmd/mem.o
 .text.do_mem_nm
                0x000000004a009dc0       0x1c cmd/mem.o
 .text.extract_range
                0x000000004a009ddc       0x64 cmd/mii.o
 .text.dump_field
                0x000000004a009e40       0x68 cmd/mii.o
 .text.do_mii   0x000000004a009ea8      0x850 cmd/mii.o
 .text.extract_range
                0x000000004a00a6f8       0x98 cmd/mdio.o
 .text.do_mdio  0x000000004a00a790      0x6e8 cmd/mdio.o
 .text.do_sleep
                0x000000004a00ae78       0xf0 cmd/sleep.o
 .text.do_mmcops
                0x000000004a00af68       0xe8 cmd/mmc.o
 .text.init_mmc_device
                0x000000004a00b050       0x84 cmd/mmc.o
 .text.do_mmc_rescan
                0x000000004a00b0d4       0x28 cmd/mmc.o
 .text.do_mmc_hwpartition
                0x000000004a00b0fc      0x4e8 cmd/mmc.o
 .text.do_mmc_list
                0x000000004a00b5e4       0x1c cmd/mmc.o
 .text.do_mmc_dev
                0x000000004a00b600      0x14c cmd/mmc.o
 .text.do_mmc_boot_wp
                0x000000004a00b74c       0x68 cmd/mmc.o
 .text.print_mmcinfo
                0x000000004a00b7b4      0x414 cmd/mmc.o
 .text.do_mmcinfo
                0x000000004a00bbc8       0x60 cmd/mmc.o
 .text.do_mmc_setdsr
                0x000000004a00bc28       0xbc cmd/mmc.o
 .text.do_mmc_part
                0x000000004a00bce4       0x64 cmd/mmc.o
 .text.do_mmc_erase
                0x000000004a00bd48      0x104 cmd/mmc.o
 .text.do_mmc_write
                0x000000004a00be4c      0x124 cmd/mmc.o
 .text.do_mmc_read
                0x000000004a00bf70       0xfc cmd/mmc.o
 .text.netboot_common
                0x000000004a00c06c      0x2bc cmd/net.o
 .text.do_bootp
                0x000000004a00c328        0xc cmd/net.o
 .text.do_dhcp  0x000000004a00c334        0xc cmd/net.o
 .text.do_nfs   0x000000004a00c340        0xc cmd/net.o
 .text.do_tftpb
                0x000000004a00c34c       0x58 cmd/net.o
                0x000000004a00c34c                do_tftpb
 .text.do_ping  0x000000004a00c3a4       0x7c cmd/net.o
 .text.do_part_list
                0x000000004a00c420      0x18c cmd/part.o
 .text.do_part_info
                0x000000004a00c5ac      0x13c cmd/part.o
 .text.do_part  0x000000004a00c6e8      0x1f8 cmd/part.o
 .text.do_pxe   0x000000004a00c8e0       0x90 cmd/pxe.o
 .text.do_pxe_boot
                0x000000004a00c970       0xf0 cmd/pxe.o
 .text.do_get_tftp
                0x000000004a00ca60       0x3c cmd/pxe.o
 .text.do_pxe_get
                0x000000004a00ca9c      0x16c cmd/pxe.o
 .text.eol_or_eof
                0x000000004a00cc08       0x24 cmd/pxe_utils.o
 .text.label_print
                0x000000004a00cc2c       0x1c cmd/pxe_utils.o
 .text.label_destroy
                0x000000004a00cc48       0x80 cmd/pxe_utils.o
 .text.get_string
                0x000000004a00ccc8       0xe0 cmd/pxe_utils.o
 .text.get_token
                0x000000004a00cda8      0x12c cmd/pxe_utils.o
 .text.parse_sliteral
                0x000000004a00ced4       0x6c cmd/pxe_utils.o
 .text.parse_integer
                0x000000004a00cf40       0x84 cmd/pxe_utils.o
 .text.get_relfile
                0x000000004a00cfc4      0x140 cmd/pxe_utils.o
 .text.get_relfile_envaddr
                0x000000004a00d104       0x5c cmd/pxe_utils.o
 .text.format_mac_pxe
                0x000000004a00d160       0x88 cmd/pxe_utils.o
                0x000000004a00d160                format_mac_pxe
 .text.label_boot
                0x000000004a00d1e8      0x7a8 cmd/pxe_utils.o
 .text.get_pxe_file
                0x000000004a00d990       0x60 cmd/pxe_utils.o
                0x000000004a00d990                get_pxe_file
 .text.handle_include
                0x000000004a00d9f0       0xc4 cmd/pxe_utils.o
 .text.parse_pxefile_top
                0x000000004a00dab4      0x45c cmd/pxe_utils.o
 .text.get_pxelinux_path
                0x000000004a00df10       0xa0 cmd/pxe_utils.o
                0x000000004a00df10                get_pxelinux_path
 .text.destroy_pxe_menu
                0x000000004a00dfb0       0x68 cmd/pxe_utils.o
                0x000000004a00dfb0                destroy_pxe_menu
 .text.parse_pxefile
                0x000000004a00e018       0x7c cmd/pxe_utils.o
                0x000000004a00e018                parse_pxefile
 .text.handle_pxe_menu
                0x000000004a00e094      0x180 cmd/pxe_utils.o
                0x000000004a00e094                handle_pxe_menu
 .text.get_arg  0x000000004a00e214      0x104 cmd/setexpr.o
 .text.substitute
                0x000000004a00e318      0x118 cmd/setexpr.o
 .text.setexpr_regex_sub
                0x000000004a00e430      0x234 cmd/setexpr.o
                0x000000004a00e430                setexpr_regex_sub
 .text.regex_sub_var.part.0
                0x000000004a00e664      0x100 cmd/setexpr.o
 .text.regex_sub_var
                0x000000004a00e764       0x8c cmd/setexpr.o
 .text.do_setexpr
                0x000000004a00e7f0      0x280 cmd/setexpr.o
 .text.do_sysboot
                0x000000004a00ea70      0x1fc cmd/sysboot.o
 .text.do_get_any
                0x000000004a00ec6c       0x44 cmd/sysboot.o
 .text.do_get_fat
                0x000000004a00ecb0       0x40 cmd/sysboot.o
 .text.do_get_ext2
                0x000000004a00ecf0       0x40 cmd/sysboot.o
 .text.do_false
                0x000000004a00ed30        0x8 cmd/test.o
 .text.do_true  0x000000004a00ed38        0x8 cmd/test.o
 .text.do_test  0x000000004a00ed40      0x35c cmd/test.o
 .text.do_unlz4
                0x000000004a00f09c       0xcc cmd/unlz4.o
 .text.do_unzip
                0x000000004a00f168       0xbc cmd/unzip.o
 .text.do_gzwrite
                0x000000004a00f224      0x118 cmd/unzip.o
 .text.do_lzmadec
                0x000000004a00f33c       0xbc cmd/lzmadec.o
 .text.usb_get_class_desc
                0x000000004a00f3f8       0xac cmd/usb.o
 .text.usb_display_class_sub
                0x000000004a00f4a4      0x18c cmd/usb.o
 .text.usb_display_desc
                0x000000004a00f630      0x14c cmd/usb.o
 .text.usb_show_tree_graph
                0x000000004a00f77c      0x230 cmd/usb.o
 .text.usb_show_subtree
                0x000000004a00f9ac       0x38 cmd/usb.o
 .text.usb_for_each_root_dev
                0x000000004a00f9e4       0x68 cmd/usb.o
 .text.usb_display_string
                0x000000004a00fa4c       0x4c cmd/usb.o
 .text.usb_display_config
                0x000000004a00fa98      0x254 cmd/usb.o
 .text.usb_show_info
                0x000000004a00fcec       0x78 cmd/usb.o
 .text.usb_find_device
                0x000000004a00fd64       0xb0 cmd/usb.o
 .text.do_usbboot
                0x000000004a00fe14        0xc cmd/usb.o
 .text.do_usb_start
                0x000000004a00fe20       0x30 cmd/usb.o
 .text.usb_show_tree
                0x000000004a00fe50        0xc cmd/usb.o
                0x000000004a00fe50                usb_show_tree
 .text.do_usb   0x000000004a00fe5c      0x3ec cmd/usb.o
 .text.common_diskboot
                0x000000004a010248      0x2a0 cmd/disk.o
                0x000000004a010248                common_diskboot
 .text.do_imgextract
                0x000000004a0104e8      0x3c0 cmd/ximg.o
 .text.extract_val
                0x000000004a0108a8       0xa0 cmd/gpt.o
 .text.extract_env
                0x000000004a010948       0xf8 cmd/gpt.o
 .text.gpt_enumerate
                0x000000004a010a40      0x148 cmd/gpt.o
 .text.set_gpt_info.isra.0.constprop.0
                0x000000004a010b88      0x46c cmd/gpt.o
 .text.do_gpt   0x000000004a010ff4      0x41c cmd/gpt.o
 .text.do_env_delete
                0x000000004a011410       0xc4 cmd/nvedit.o
 .text.do_env_save
                0x000000004a0114d4       0x1c cmd/nvedit.o
 .text.do_env   0x000000004a0114f0       0x84 cmd/nvedit.o
 .text.env_print
                0x000000004a011574       0xc4 cmd/nvedit.o
 .text.do_env_print
                0x000000004a011638       0xe0 cmd/nvedit.o
 .text.do_env_import
                0x000000004a011718      0x2a8 cmd/nvedit.o
 .text.do_env_default
                0x000000004a0119c0       0x98 cmd/nvedit.o
 .text.do_env_exists
                0x000000004a011a58       0x60 cmd/nvedit.o
 .text._do_env_set.isra.0
                0x000000004a011ab8      0x1bc cmd/nvedit.o
 .text.do_env_set
                0x000000004a011c74       0x20 cmd/nvedit.o
 .text.env_get_id
                0x000000004a011c94        0xc cmd/nvedit.o
                0x000000004a011c94                env_get_id
 .text.env_set  0x000000004a011ca0       0x58 cmd/nvedit.o
                0x000000004a011ca0                env_set
 .text.env_set_ulong
                0x000000004a011cf8       0x2c cmd/nvedit.o
                0x000000004a011cf8                env_set_ulong
 .text.env_set_hex
                0x000000004a011d24       0x3c cmd/nvedit.o
                0x000000004a011d24                env_set_hex
 .text.do_env_export
                0x000000004a011d60      0x21c cmd/nvedit.o
 .text.env_match
                0x000000004a011f7c       0x7c cmd/nvedit.o
                0x000000004a011f7c                env_match
 .text.env_get_f
                0x000000004a011ff8      0x100 cmd/nvedit.o
                0x000000004a011ff8                env_get_f
 .text.env_get  0x000000004a0120f8       0x70 cmd/nvedit.o
                0x000000004a0120f8                env_get
 .text.env_get_hex
                0x000000004a012168       0x44 cmd/nvedit.o
                0x000000004a012168                env_get_hex
 .text.eth_env_get_enetaddr
                0x000000004a0121ac       0x68 cmd/nvedit.o
                0x000000004a0121ac                eth_env_get_enetaddr
 .text.eth_env_set_enetaddr
                0x000000004a012214       0x54 cmd/nvedit.o
                0x000000004a012214                eth_env_set_enetaddr
 .text.from_env
                0x000000004a012268       0x3c cmd/nvedit.o
                0x000000004a012268                from_env
 .text.env_get_ulong
                0x000000004a0122a4       0x40 cmd/nvedit.o
                0x000000004a0122a4                env_get_ulong
 .text.do_env_edit.part.0
                0x000000004a0122e4       0xb4 cmd/nvedit.o
 .text.do_env_edit
                0x000000004a012398       0x28 cmd/nvedit.o
 .text.board_init_f_alloc_reserve
                0x000000004a0123c0       0x10 common/init/board_init.o
                0x000000004a0123c0                board_init_f_alloc_reserve
 .text.board_init_f_init_reserve
                0x000000004a0123d0       0x30 common/init/board_init.o
                0x000000004a0123d0                board_init_f_init_reserve
 .text.show_boot_progress
                0x000000004a012400        0x4 common/init/board_init.o
                0x000000004a012400                show_boot_progress
 .text.main_loop
                0x000000004a012404       0x88 common/main.o
                0x000000004a012404                main_loop
 .text.mdelay   0x000000004a01248c        0xc common/exports.o
 .text.dummy    0x000000004a012498        0x4 common/exports.o
 .text.get_version
                0x000000004a01249c        0x8 common/exports.o
                0x000000004a01249c                get_version
 .text.jumptable_init
                0x000000004a0124a4      0x1fc common/exports.o
                0x000000004a0124a4                jumptable_init
 .text.hash_finish_crc32
                0x000000004a0126a0       0x38 common/hash.o
 .text.hash_finish_crc16_ccitt
                0x000000004a0126d8       0x38 common/hash.o
 .text.hash_update_crc32
                0x000000004a012710       0x34 common/hash.o
 .text.hash_init_crc32
                0x000000004a012744       0x30 common/hash.o
 .text.hash_init_crc16_ccitt
                0x000000004a012774       0x30 common/hash.o
 .text.hash_update_crc16_ccitt
                0x000000004a0127a4       0x34 common/hash.o
 .text.hash_finish_sha256
                0x000000004a0127d8       0x48 common/hash.o
 .text.hash_update_sha256
                0x000000004a012820       0x24 common/hash.o
 .text.hash_init_sha256
                0x000000004a012844       0x34 common/hash.o
 .text.hash_finish_sha1
                0x000000004a012878       0x48 common/hash.o
 .text.hash_update_sha1
                0x000000004a0128c0       0x24 common/hash.o
 .text.hash_init_sha1
                0x000000004a0128e4       0x34 common/hash.o
 .text.hash_lookup_algo
                0x000000004a012918       0x74 common/hash.o
                0x000000004a012918                hash_lookup_algo
 .text.hash_command
                0x000000004a01298c      0x1e4 common/hash.o
                0x000000004a01298c                hash_command
 .text.b_reset  0x000000004a012b70       0x18 common/cli_hush.o
 .text.static_get
                0x000000004a012b88       0x1c common/cli_hush.o
 .text.static_peek
                0x000000004a012ba4        0xc common/cli_hush.o
 .text.mapset   0x000000004a012bb0       0x20 common/cli_hush.o
 .text.free_pipe_list
                0x000000004a012bd0       0xf0 common/cli_hush.o
 .text.syntax_err
                0x000000004a012cc0        0xc common/cli_hush.o
 .text.xmalloc  0x000000004a012ccc       0x28 common/cli_hush.o
 .text.new_pipe
                0x000000004a012cf4       0x24 common/cli_hush.o
 .text.xrealloc
                0x000000004a012d18       0x28 common/cli_hush.o
 .text.done_command
                0x000000004a012d40       0x94 common/cli_hush.o
 .text.done_pipe
                0x000000004a012dd4       0x58 common/cli_hush.o
 .text.done_word
                0x000000004a012e2c      0x2a0 common/cli_hush.o
 .text.is_assignment
                0x000000004a0130cc       0x50 common/cli_hush.o
 .text.file_get
                0x000000004a01311c      0x1e4 common/cli_hush.o
 .text.do_showvar
                0x000000004a013300      0x10c common/cli_hush.o
 .text.b_addchr
                0x000000004a01340c       0x94 common/cli_hush.o
 .text.b_addqchr
                0x000000004a0134a0       0x58 common/cli_hush.o
 .text.file_peek
                0x000000004a0134f8        0xc common/cli_hush.o
 .text.get_local_var
                0x000000004a013504       0x9c common/cli_hush.o
                0x000000004a013504                get_local_var
 .text.set_local_var
                0x000000004a0135a0      0x188 common/cli_hush.o
                0x000000004a0135a0                set_local_var
 .text.insert_var_value_sub
                0x000000004a013728      0x2b8 common/cli_hush.o
 .text.parse_string_outer
                0x000000004a0139e0       0xe4 common/cli_hush.o
                0x000000004a0139e0                parse_string_outer
 .text.run_list_real
                0x000000004a013ac4      0x72c common/cli_hush.o
 .text.parse_stream_outer
                0x000000004a0141f0      0x670 common/cli_hush.o
 .text.parse_file_outer
                0x000000004a014860       0x40 common/cli_hush.o
                0x000000004a014860                parse_file_outer
 .text.u_boot_hush_start
                0x000000004a0148a0       0x58 common/cli_hush.o
                0x000000004a0148a0                u_boot_hush_start
 .text.bootdelay_process
                0x000000004a0148f8       0xd4 common/autoboot.o
                0x000000004a0148f8                bootdelay_process
 .text.autoboot_command
                0x000000004a0149cc      0x204 common/autoboot.o
                0x000000004a0149cc                autoboot_command
 .text.log_init
                0x000000004a014bd0        0x8 common/board_f.o
 .text.display_text_info
                0x000000004a014bd8        0x8 common/board_f.o
 .text.setup_mon_len
                0x000000004a014be0       0x20 common/board_f.o
 .text.reserve_round_4k
                0x000000004a014c00       0x14 common/board_f.o
 .text.reserve_uboot
                0x000000004a014c14       0x38 common/board_f.o
 .text.checkcpu
                0x000000004a014c4c        0x8 common/board_f.o
                0x000000004a014c4c                checkcpu
 .text.dram_init_banksize
                0x000000004a014c54       0x34 common/board_f.o
                0x000000004a014c54                dram_init_banksize
 .text.setup_reloc
                0x000000004a014c88       0x48 common/board_f.o
 .text.reloc_fdt
                0x000000004a014cd0       0x4c common/board_f.o
 .text.reserve_board
                0x000000004a014d1c       0x4c common/board_f.o
 .text.announce_dram_init
                0x000000004a014d68       0x20 common/board_f.o
 .text.init_func_i2c
                0x000000004a014d88       0x30 common/board_f.o
 .text.init_baud_rate
                0x000000004a014db8       0x30 common/board_f.o
 .text.initf_dm
                0x000000004a014de8        0x8 common/board_f.o
 .text.initf_bootstage
                0x000000004a014df0       0x1c common/board_f.o
 .text.clear_bss
                0x000000004a014e0c        0x8 common/board_f.o
                0x000000004a014e0c                clear_bss
 .text.setup_spl_handoff
                0x000000004a014e14        0x8 common/board_f.o
 .text.arch_cpu_init
                0x000000004a014e1c        0x8 common/board_f.o
                0x000000004a014e1c                arch_cpu_init
 .text.mach_cpu_init
                0x000000004a014e24        0x8 common/board_f.o
                0x000000004a014e24                mach_cpu_init
 .text.reserve_video
                0x000000004a014e2c        0x8 common/board_f.o
 .text.reserve_trace
                0x000000004a014e34        0x8 common/board_f.o
 .text.reserve_bootstage
                0x000000004a014e3c        0x8 common/board_f.o
 .text.reserve_bloblist
                0x000000004a014e44        0x8 common/board_f.o
 .text.display_new_sp
                0x000000004a014e4c        0x8 common/board_f.o
 .text.reloc_bootstage
                0x000000004a014e54        0x8 common/board_f.o
 .text.reloc_bloblist
                0x000000004a014e5c        0x8 common/board_f.o
 .text.reserve_arch
                0x000000004a014e64        0x8 common/board_f.o
                0x000000004a014e64                reserve_arch
 .text.arch_cpu_init_dm
                0x000000004a014e6c        0x8 common/board_f.o
                0x000000004a014e6c                arch_cpu_init_dm
 .text.reserve_malloc
                0x000000004a014e74       0x20 common/board_f.o
 .text.reserve_global_data
                0x000000004a014e94       0x20 common/board_f.o
 .text.reserve_fdt
                0x000000004a014eb4       0x48 common/board_f.o
 .text.board_add_ram_info
                0x000000004a014efc        0x4 common/board_f.o
                0x000000004a014efc                board_add_ram_info
 .text.show_dram_config
                0x000000004a014f00       0x38 common/board_f.o
 .text.board_get_usable_ram_top
                0x000000004a014f38       0x20 common/board_f.o
                0x000000004a014f38                board_get_usable_ram_top
 .text.setup_dest_addr
                0x000000004a014f58       0x4c common/board_f.o
 .text.reserve_stacks
                0x000000004a014fa4       0x14 common/board_f.o
 .text.arch_setup_bdinfo
                0x000000004a014fb8        0x8 common/board_f.o
                0x000000004a014fb8                arch_setup_bdinfo
 .text.setup_bdinfo
                0x000000004a014fc0        0xc common/board_f.o
                0x000000004a014fc0                setup_bdinfo
 .text.board_init_f
                0x000000004a014fcc       0x7c common/board_f.o
                0x000000004a014fcc                board_init_f
 .text.log_init
                0x000000004a015048        0x8 common/board_r.o
 .text.cpu_secondary_init_r
                0x000000004a015050        0x8 common/board_r.o
                0x000000004a015050                cpu_secondary_init_r
 .text.initr_trace
                0x000000004a015058        0x8 common/board_r.o
 .text.initr_reloc
                0x000000004a015060       0x18 common/board_r.o
 .text.run_main_loop
                0x000000004a015078       0x10 common/board_r.o
 .text.initr_net
                0x000000004a015088       0x24 common/board_r.o
 .text.initr_ethaddr
                0x000000004a0150ac       0x28 common/board_r.o
 .text.initr_env
                0x000000004a0150d4       0x74 common/board_r.o
 .text.initr_mmc
                0x000000004a015148       0x28 common/board_r.o
 .text.initr_binman
                0x000000004a015170        0x4 common/board_r.o
 .text.initr_dm
                0x000000004a015174       0x14 common/board_r.o
 .text.initr_bootstage
                0x000000004a015188       0x1c common/board_r.o
 .text.initr_malloc
                0x000000004a0151a4       0x2c common/board_r.o
 .text.initr_reloc_global_data
                0x000000004a0151d0       0x50 common/board_r.o
 .text.initr_caches
                0x000000004a015220       0x18 common/board_r.o
 .text.arch_initr_trap
                0x000000004a015238        0x8 common/board_r.o
                0x000000004a015238                arch_initr_trap
 .text.initr_barrier
                0x000000004a015240        0x8 common/board_r.o
 .text.initr_of_live
                0x000000004a015248        0x8 common/board_r.o
 .text.initr_dm_devices
                0x000000004a015250        0x8 common/board_r.o
 .text.power_init_board
                0x000000004a015258        0x8 common/board_r.o
                0x000000004a015258                power_init_board
 .text.initr_announce
                0x000000004a015260        0x8 common/board_r.o
 .text.board_init_r
                0x000000004a015268       0x70 common/board_r.o
                0x000000004a015268                board_init_r
 .text.checkboard
                0x000000004a0152d8        0x8 common/board_info.o
                0x000000004a0152d8                checkboard
 .text.show_board_info
                0x000000004a0152e0       0x3c common/board_info.o
                0x000000004a0152e0                show_board_info
 .text.bootm_find_images
                0x000000004a01531c      0x190 common/bootm.o
                0x000000004a01531c                bootm_find_images
 .text.bootm_disable_interrupts
                0x000000004a0154ac       0x28 common/bootm.o
                0x000000004a0154ac                bootm_disable_interrupts
 .text.do_bootm_states
                0x000000004a0154d4      0x8d4 common/bootm.o
                0x000000004a0154d4                do_bootm_states
 .text.copy_args
                0x000000004a015da8       0x6c common/bootm_os.o
 .text.do_bootm_rtems
                0x000000004a015e14       0x60 common/bootm_os.o
 .text.do_bootm_vxworks
                0x000000004a015e74      0x204 common/bootm_os.o
                0x000000004a015e74                do_bootm_vxworks
 .text.do_bootm_efi
                0x000000004a016078       0xbc common/bootm_os.o
 .text.do_bootm_plan9
                0x000000004a016134       0xc0 common/bootm_os.o
 .text.do_bootm_standalone
                0x000000004a0161f4       0x74 common/bootm_os.o
 .text.do_bootm_qnxelf
                0x000000004a016268       0x8c common/bootm_os.o
 .text.do_bootm_netbsd
                0x000000004a0162f4      0x120 common/bootm_os.o
 .text.arch_preboot_os
                0x000000004a016414        0x4 common/bootm_os.o
                0x000000004a016414                arch_preboot_os
 .text.board_preboot_os
                0x000000004a016418        0x4 common/bootm_os.o
                0x000000004a016418                board_preboot_os
 .text.boot_selected_os
                0x000000004a01641c       0x7c common/bootm_os.o
                0x000000004a01641c                boot_selected_os
 .text.bootm_os_get_boot_func
                0x000000004a016498       0x10 common/bootm_os.o
                0x000000004a016498                bootm_os_get_boot_func
 .text.of_bus_default_map
                0x000000004a0164a8       0xa8 common/fdt_support.o
 .text.fdt_pack_reg
                0x000000004a016550       0xd8 common/fdt_support.o
 .text.of_bus_default_translate
                0x000000004a016628       0xb8 common/fdt_support.o
 .text.fdt_support_default_count_cells
                0x000000004a0166e0       0x70 common/fdt_support.o
                0x000000004a0166e0                fdt_support_default_count_cells
 .text.__of_translate_address
                0x000000004a016750      0x270 common/fdt_support.o
 .text.fdt_getprop_u32_default_node
                0x000000004a0169c0       0x4c common/fdt_support.o
                0x000000004a0169c0                fdt_getprop_u32_default_node
 .text.fdt_find_and_setprop
                0x000000004a016a0c       0x94 common/fdt_support.o
                0x000000004a016a0c                fdt_find_and_setprop
 .text.fdt_find_or_add_subnode
                0x000000004a016aa0       0x74 common/fdt_support.o
                0x000000004a016aa0                fdt_find_or_add_subnode
 .text.fdt_root
                0x000000004a016b14       0x98 common/fdt_support.o
                0x000000004a016b14                fdt_root
 .text.fdt_initrd
                0x000000004a016bac      0x1b4 common/fdt_support.o
                0x000000004a016bac                fdt_initrd
 .text.board_fdt_chosen_bootargs
                0x000000004a016d60        0xc common/fdt_support.o
                0x000000004a016d60                board_fdt_chosen_bootargs
 .text.fdt_chosen
                0x000000004a016d6c       0xb4 common/fdt_support.o
                0x000000004a016d6c                fdt_chosen
 .text.do_fixup_by_path
                0x000000004a016e20       0x4c common/fdt_support.o
                0x000000004a016e20                do_fixup_by_path
 .text.fdt_fixup_memory_banks
                0x000000004a016e6c      0x188 common/fdt_support.o
                0x000000004a016e6c                fdt_fixup_memory_banks
 .text.fdt_fixup_memory
                0x000000004a016ff4       0x24 common/fdt_support.o
                0x000000004a016ff4                fdt_fixup_memory
 .text.fdt_fixup_ethernet
                0x000000004a017018      0x1ac common/fdt_support.o
                0x000000004a017018                fdt_fixup_ethernet
 .text.fdt_shrink_to_minimum
                0x000000004a0171c4       0xdc common/fdt_support.o
                0x000000004a0171c4                fdt_shrink_to_minimum
 .text.fdt_translate_address
                0x000000004a0172a0        0xc common/fdt_support.o
                0x000000004a0172a0                fdt_translate_address
 .text.fdt_overlay_apply_verbose
                0x000000004a0172ac       0x80 common/fdt_support.o
                0x000000004a0172ac                fdt_overlay_apply_verbose
 .text.fdt_valid
                0x000000004a01732c       0xcc common/fdt_support.o
                0x000000004a01732c                fdt_valid
 .text.miiphy_get_dev_by_name
                0x000000004a0173f8       0x68 common/miiphyutil.o
                0x000000004a0173f8                miiphy_get_dev_by_name
 .text.miiphy_init
                0x000000004a017460       0x1c common/miiphyutil.o
                0x000000004a017460                miiphy_init
 .text.mdio_alloc
                0x000000004a01747c       0x3c common/miiphyutil.o
                0x000000004a01747c                mdio_alloc
 .text.mdio_register
                0x000000004a0174b8       0x8c common/miiphyutil.o
                0x000000004a0174b8                mdio_register
 .text.mdio_list_devices
                0x000000004a017544       0xc8 common/miiphyutil.o
                0x000000004a017544                mdio_list_devices
 .text.miiphy_set_current_dev
                0x000000004a01760c       0x48 common/miiphyutil.o
                0x000000004a01760c                miiphy_set_current_dev
 .text.miiphy_get_active_dev
                0x000000004a017654       0x60 common/miiphyutil.o
 .text.mdio_get_current_dev
                0x000000004a0176b4        0xc common/miiphyutil.o
                0x000000004a0176b4                mdio_get_current_dev
 .text.mdio_phydev_for_ethname
                0x000000004a0176c0       0xa0 common/miiphyutil.o
                0x000000004a0176c0                mdio_phydev_for_ethname
 .text.miiphy_get_current_dev
                0x000000004a017760       0x14 common/miiphyutil.o
                0x000000004a017760                miiphy_get_current_dev
 .text.miiphy_read
                0x000000004a017774       0x5c common/miiphyutil.o
                0x000000004a017774                miiphy_read
 .text.miiphy_write
                0x000000004a0177d0       0x60 common/miiphyutil.o
                0x000000004a0177d0                miiphy_write
 .text.miiphy_listdev
                0x000000004a017830       0x90 common/miiphyutil.o
                0x000000004a017830                miiphy_listdev
 .text.miiphy_info
                0x000000004a0178c0       0xa0 common/miiphyutil.o
                0x000000004a0178c0                miiphy_info
 .text.miiphy_is_1000base_x
                0x000000004a017960       0x40 common/miiphyutil.o
                0x000000004a017960                miiphy_is_1000base_x
 .text.miiphy_speed
                0x000000004a0179a0      0x11c common/miiphyutil.o
                0x000000004a0179a0                miiphy_speed
 .text.miiphy_duplex
                0x000000004a017abc      0x140 common/miiphyutil.o
                0x000000004a017abc                miiphy_duplex
 .text.usb_set_maxpacket_ep
                0x000000004a017bfc       0x84 common/usb.o
 .text.usb_int_msg
                0x000000004a017c80        0x4 common/usb.o
                0x000000004a017c80                usb_int_msg
 .text.usb_control_msg
                0x000000004a017c84       0xa0 common/usb.o
                0x000000004a017c84                usb_control_msg
 .text.usb_get_descriptor
                0x000000004a017d24       0x5c common/usb.o
 .text.get_descriptor_len
                0x000000004a017d80       0xa4 common/usb.o
 .text.usb_setup_descriptor
                0x000000004a017e24       0xec common/usb.o
 .text.usb_get_string
                0x000000004a017f10       0xa4 common/usb.o
 .text.usb_string_sub
                0x000000004a017fb4      0x114 common/usb.o
 .text.usb_bulk_msg
                0x000000004a0180c8       0x80 common/usb.o
                0x000000004a0180c8                usb_bulk_msg
 .text.usb_maxpacket
                0x000000004a018148       0x1c common/usb.o
                0x000000004a018148                usb_maxpacket
 .text.usb_clear_halt
                0x000000004a018164       0x9c common/usb.o
                0x000000004a018164                usb_clear_halt
 .text.usb_get_configuration_len
                0x000000004a018200       0x78 common/usb.o
                0x000000004a018200                usb_get_configuration_len
 .text.usb_get_configuration_no
                0x000000004a018278       0x40 common/usb.o
                0x000000004a018278                usb_get_configuration_no
 .text.usb_set_interface
                0x000000004a0182b8       0xb0 common/usb.o
                0x000000004a0182b8                usb_set_interface
 .text.usb_set_protocol
                0x000000004a018368       0x4c common/usb.o
                0x000000004a018368                usb_set_protocol
 .text.usb_set_idle
                0x000000004a0183b4       0x4c common/usb.o
                0x000000004a0183b4                usb_set_idle
 .text.usb_string
                0x000000004a018400      0x118 common/usb.o
                0x000000004a018400                usb_string
 .text.usb_select_config
                0x000000004a018518      0x4b8 common/usb.o
                0x000000004a018518                usb_select_config
 .text.usb_setup_device
                0x000000004a0189d0      0x114 common/usb.o
                0x000000004a0189d0                usb_setup_device
 .text.usb_device_has_child_on_port
                0x000000004a018ae4        0x8 common/usb.o
                0x000000004a018ae4                usb_device_has_child_on_port
 .text.usb_set_port_feature
                0x000000004a018aec       0x4c common/usb_hub.o
 .text.usb_clear_port_feature
                0x000000004a018b38       0x4c common/usb_hub.o
 .text.usb_get_hub_descriptor
                0x000000004a018b84       0x64 common/usb_hub.o
 .text.usb_hub_reset_devices
                0x000000004a018be8        0x4 common/usb_hub.o
                0x000000004a018be8                usb_hub_reset_devices
 .text.usb_hub_is_root_hub
                0x000000004a018bec       0x20 common/usb_hub.o
                0x000000004a018bec                usb_hub_is_root_hub
 .text.usb_get_port_status
                0x000000004a018c0c       0xc8 common/usb_hub.o
                0x000000004a018c0c                usb_get_port_status
 .text.usb_hub_port_connect_change
                0x000000004a018cd4      0x180 common/usb_hub.o
                0x000000004a018cd4                usb_hub_port_connect_change
 .text.usb_hub_configure
                0x000000004a018e54      0x5a4 common/usb_hub.o
 .text.usb_hub_scan
                0x000000004a0193f8       0x14 common/usb_hub.o
                0x000000004a0193f8                usb_hub_scan
 .text.usb_hub_post_probe
                0x000000004a01940c        0x4 common/usb_hub.o
 .text.usb_stor_irq
                0x000000004a019410       0x18 common/usb_storage.o
 .text.usb_stor_BBB_reset
                0x000000004a019428       0xec common/usb_storage.o
 .text.usb_stor_CB_reset
                0x000000004a019514       0xd4 common/usb_storage.o
 .text.usb_stor_BBB_clear_endpt_stall.isra.0
                0x000000004a0195e8       0x4c common/usb_storage.o
 .text.usb_stor_BBB_transport
                0x000000004a019634      0x248 common/usb_storage.o
 .text.usb_stor_CB_comdat
                0x000000004a01987c      0x1ec common/usb_storage.o
 .text.usb_stor_CBI_get_status.isra.0
                0x000000004a019a68       0xd4 common/usb_storage.o
 .text.usb_stor_CB_transport
                0x000000004a019b3c      0x1f4 common/usb_storage.o
 .text.usb_request_sense.constprop.0
                0x000000004a019d30       0x8c common/usb_storage.o
 .text.usb_stor_read
                0x000000004a019dbc      0x19c common/usb_storage.o
 .text.usb_stor_write
                0x000000004a019f58      0x19c common/usb_storage.o
 .text.usb_stor_info
                0x000000004a01a0f4       0x88 common/usb_storage.o
                0x000000004a01a0f4                usb_stor_info
 .text.usb_stor_reset
                0x000000004a01a17c        0xc common/usb_storage.o
                0x000000004a01a17c                usb_stor_reset
 .text.usb_stor_scan
                0x000000004a01a188       0x4c common/usb_storage.o
                0x000000004a01a188                usb_stor_scan
 .text.usb_storage_probe
                0x000000004a01a1d4      0x25c common/usb_storage.o
                0x000000004a01a1d4                usb_storage_probe
 .text.usb_stor_get_info
                0x000000004a01a430      0x2e4 common/usb_storage.o
                0x000000004a01a430                usb_stor_get_info
 .text.usb_mass_storage_probe
                0x000000004a01a714      0x18c common/usb_storage.o
 .text.menu_default_set
                0x000000004a01a8a0       0x94 common/menu.o
                0x000000004a01a8a0                menu_default_set
 .text.menu_get_choice
                0x000000004a01a934      0x1e0 common/menu.o
                0x000000004a01a934                menu_get_choice
 .text.menu_item_add
                0x000000004a01ab14       0xf0 common/menu.o
                0x000000004a01ab14                menu_item_add
 .text.menu_create
                0x000000004a01ac04       0xac common/menu.o
                0x000000004a01ac04                menu_create
 .text.menu_destroy
                0x000000004a01acb0       0x80 common/menu.o
                0x000000004a01acb0                menu_destroy
 .text.usb_kbd_put_queue
                0x000000004a01ad30       0x40 common/usb_kbd.o
 .text.usb_kbd_remove
                0x000000004a01ad70       0x94 common/usb_kbd.o
 .text.usb_kbd_translate.part.0
                0x000000004a01ae04      0x204 common/usb_kbd.o
 .text.usb_kbd_probe
                0x000000004a01b008      0x20c common/usb_kbd.o
 .text.usb_kbd_irq_worker
                0x000000004a01b214      0x1bc common/usb_kbd.o
 .text.usb_kbd_getc
                0x000000004a01b3d0       0xcc common/usb_kbd.o
 .text.usb_kbd_testc
                0x000000004a01b49c       0xe0 common/usb_kbd.o
 .text.usb_kbd_irq
                0x000000004a01b57c       0x20 common/usb_kbd.o
 .text.delete_char.part.0
                0x000000004a01b59c       0xfc common/cli_readline.o
 .text.cread_add_char
                0x000000004a01b698      0x100 common/cli_readline.o
 .text.cli_readline_into_buffer
                0x000000004a01b798      0x8d8 common/cli_readline.o
                0x000000004a01b798                cli_readline_into_buffer
 .text.cli_readline
                0x000000004a01c070       0x14 common/cli_readline.o
                0x000000004a01c070                cli_readline
 .text.cli_simple_process_macros
                0x000000004a01c084      0x214 common/cli_simple.o
                0x000000004a01c084                cli_simple_process_macros
 .text.pre_console_putc
                0x000000004a01c298       0x1c common/console.o
 .text.console_puts_select.part.0
                0x000000004a01c2b4       0x18 common/console.o
 .text.fgetc.part.0
                0x000000004a01c2cc       0x40 common/console.o
 .text.getchar  0x000000004a01c30c       0x24 common/console.o
                0x000000004a01c30c                getchar
 .text.putc     0x000000004a01c330       0x54 common/console.o
                0x000000004a01c330                putc
 .text.puts     0x000000004a01c384       0x74 common/console.o
                0x000000004a01c384                puts
 .text.console_puts_select
                0x000000004a01c3f8       0x88 common/console.o
                0x000000004a01c3f8                console_puts_select
 .text.print_pre_console_buffer
                0x000000004a01c480       0x90 common/console.o
 .text.console_start
                0x000000004a01c510       0x30 common/console.o
                0x000000004a01c510                console_start
 .text.console_setfile
                0x000000004a01c540       0xb4 common/console.o
 .text.ftstc    0x000000004a01c5f4       0x28 common/console.o
                0x000000004a01c5f4                ftstc
 .text.tstc     0x000000004a01c61c       0x24 common/console.o
                0x000000004a01c61c                tstc
 .text.fputs    0x000000004a01c640       0x10 common/console.o
                0x000000004a01c640                fputs
 .text.ctrlc    0x000000004a01c650       0x54 common/console.o
                0x000000004a01c650                ctrlc
 .text.disable_ctrlc
                0x000000004a01c6a4       0x14 common/console.o
                0x000000004a01c6a4                disable_ctrlc
 .text.had_ctrlc
                0x000000004a01c6b8        0xc common/console.o
                0x000000004a01c6b8                had_ctrlc
 .text.clear_ctrlc
                0x000000004a01c6c4        0xc common/console.o
                0x000000004a01c6c4                clear_ctrlc
 .text.console_search_dev
                0x000000004a01c6d0       0x34 common/console.o
                0x000000004a01c6d0                console_search_dev
 .text.console_assign
                0x000000004a01c704       0x58 common/console.o
                0x000000004a01c704                console_assign
 .text.on_console
                0x000000004a01c75c       0xbc common/console.o
 .text.console_init_f
                0x000000004a01c818       0x2c common/console.o
                0x000000004a01c818                console_init_f
 .text.stdio_print_current_devices
                0x000000004a01c844       0xbc common/console.o
                0x000000004a01c844                stdio_print_current_devices
 .text.console_init_r
                0x000000004a01c900       0xec common/console.o
                0x000000004a01c900                console_init_r
 .text.sbrk     0x000000004a01c9ec       0x74 common/dlmalloc.o
                0x000000004a01c9ec                sbrk
 .text.mem_malloc_init
                0x000000004a01ca60       0x20 common/dlmalloc.o
                0x000000004a01ca60                mem_malloc_init
 .text.malloc_trim
                0x000000004a01ca80       0xd8 common/dlmalloc.o
                0x000000004a01ca80                malloc_trim
 .text.free     0x000000004a01cb58      0x21c common/dlmalloc.o
                0x000000004a01cb58                free
 .text.malloc   0x000000004a01cd74      0x62c common/dlmalloc.o
                0x000000004a01cd74                malloc
 .text.calloc   0x000000004a01d3a0       0xb4 common/dlmalloc.o
                0x000000004a01d3a0                calloc
 .text.realloc  0x000000004a01d454      0x460 common/dlmalloc.o
                0x000000004a01d454                realloc
 .text.memalign
                0x000000004a01d8b4      0x1b0 common/dlmalloc.o
                0x000000004a01d8b4                memalign
 .text.initf_malloc
                0x000000004a01da64       0x18 common/dlmalloc.o
                0x000000004a01da64                initf_malloc
 .text.alloc_simple
                0x000000004a01da7c       0x6c common/malloc_simple.o
 .text.malloc_simple
                0x000000004a01dae8        0x8 common/malloc_simple.o
                0x000000004a01dae8                malloc_simple
 .text.memalign_simple
                0x000000004a01daf0       0x10 common/malloc_simple.o
                0x000000004a01daf0                memalign_simple
 .text.on_loadaddr
                0x000000004a01db00       0x3c common/image.o
 .text.image_check_hcrc
                0x000000004a01db3c       0x50 common/image.o
                0x000000004a01db3c                image_check_hcrc
 .text.image_check_dcrc
                0x000000004a01db8c       0x44 common/image.o
                0x000000004a01db8c                image_check_dcrc
 .text.image_multi_count
                0x000000004a01dbd0       0x20 common/image.o
                0x000000004a01dbd0                image_multi_count
 .text.image_multi_getimg
                0x000000004a01dbf0       0x84 common/image.o
                0x000000004a01dbf0                image_multi_getimg
 .text.image_decomp_type
                0x000000004a01dc74       0x58 common/image.o
                0x000000004a01dc74                image_decomp_type
 .text.env_get_bootm_low
                0x000000004a01dccc       0x34 common/image.o
                0x000000004a01dccc                env_get_bootm_low
 .text.env_get_bootm_size
                0x000000004a01dd00       0x88 common/image.o
                0x000000004a01dd00                env_get_bootm_size
 .text.env_get_bootm_mapsize
                0x000000004a01dd88       0x30 common/image.o
                0x000000004a01dd88                env_get_bootm_mapsize
 .text.memmove_wd
                0x000000004a01ddb8       0x10 common/image.o
                0x000000004a01ddb8                memmove_wd
 .text.genimg_print_size
                0x000000004a01ddc8       0x38 common/image.o
                0x000000004a01ddc8                genimg_print_size
 .text.get_table_entry
                0x000000004a01de00       0x20 common/image.o
                0x000000004a01de00                get_table_entry
 .text.get_table_entry_name
                0x000000004a01de20       0x28 common/image.o
                0x000000004a01de20                get_table_entry_name
 .text.genimg_get_os_name
                0x000000004a01de48       0x18 common/image.o
                0x000000004a01de48                genimg_get_os_name
 .text.genimg_get_arch_name
                0x000000004a01de60       0x18 common/image.o
                0x000000004a01de60                genimg_get_arch_name
 .text.genimg_get_type_name
                0x000000004a01de78       0x18 common/image.o
                0x000000004a01de78                genimg_get_type_name
 .text.image_decomp
                0x000000004a01de90      0x174 common/image.o
                0x000000004a01de90                image_decomp
 .text.genimg_get_comp_name
                0x000000004a01e004       0x18 common/image.o
                0x000000004a01e004                genimg_get_comp_name
 .text.image_print_contents
                0x000000004a01e01c      0x1c0 common/image.o
                0x000000004a01e01c                image_print_contents
 .text.get_table_entry_id
                0x000000004a01e1dc       0x50 common/image.o
                0x000000004a01e1dc                get_table_entry_id
 .text.genimg_get_os_id
                0x000000004a01e22c       0x18 common/image.o
                0x000000004a01e22c                genimg_get_os_id
 .text.genimg_get_arch_id
                0x000000004a01e244       0x18 common/image.o
                0x000000004a01e244                genimg_get_arch_id
 .text.genimg_get_type_id
                0x000000004a01e25c       0x18 common/image.o
                0x000000004a01e25c                genimg_get_type_id
 .text.genimg_get_comp_id
                0x000000004a01e274       0x18 common/image.o
                0x000000004a01e274                genimg_get_comp_id
 .text.genimg_get_kernel_addr_fit
                0x000000004a01e28c       0x78 common/image.o
                0x000000004a01e28c                genimg_get_kernel_addr_fit
 .text.genimg_get_kernel_addr
                0x000000004a01e304       0x20 common/image.o
                0x000000004a01e304                genimg_get_kernel_addr
 .text.genimg_get_format
                0x000000004a01e324       0x3c common/image.o
                0x000000004a01e324                genimg_get_format
 .text.genimg_has_config
                0x000000004a01e360       0x10 common/image.o
                0x000000004a01e360                genimg_has_config
 .text.boot_get_ramdisk
                0x000000004a01e370      0x364 common/image.o
                0x000000004a01e370                boot_get_ramdisk
 .text.boot_ramdisk_high
                0x000000004a01e6d4      0x12c common/image.o
                0x000000004a01e6d4                boot_ramdisk_high
 .text.boot_get_setup
                0x000000004a01e800        0x4 common/image.o
                0x000000004a01e800                boot_get_setup
 .text.boot_get_loadable
                0x000000004a01e804      0x194 common/image.o
                0x000000004a01e804                boot_get_loadable
 .text.image_setup_linux
                0x000000004a01e998       0x60 common/image.o
                0x000000004a01e998                image_setup_linux
 .text.fdt_error
                0x000000004a01e9f8       0x38 common/image-fdt.o
 .text.boot_fdt_reserve_region
                0x000000004a01ea30       0x50 common/image-fdt.o
 .text.boot_fdt_add_mem_rsv_regions
                0x000000004a01ea80      0x104 common/image-fdt.o
                0x000000004a01ea80                boot_fdt_add_mem_rsv_regions
 .text.boot_relocate_fdt
                0x000000004a01eb84      0x1a8 common/image-fdt.o
                0x000000004a01eb84                boot_relocate_fdt
 .text.boot_get_fdt
                0x000000004a01ed2c      0x380 common/image-fdt.o
                0x000000004a01ed2c                boot_get_fdt
 .text.ft_verify_fdt
                0x000000004a01f0ac        0x8 common/image-fdt.o
                0x000000004a01f0ac                ft_verify_fdt
 .text.image_setup_libfdt
                0x000000004a01f0b4      0x16c common/image-fdt.o
                0x000000004a01f0b4                image_setup_libfdt
 .text.fit_image_get_address
                0x000000004a01f220       0x88 common/image-fit.o
 .text.fit_parse_conf
                0x000000004a01f2a8       0x78 common/image-fit.o
                0x000000004a01f2a8                fit_parse_conf
 .text.fit_parse_subimage
                0x000000004a01f320       0x78 common/image-fit.o
                0x000000004a01f320                fit_parse_subimage
 .text.fit_get_desc
                0x000000004a01f398       0x38 common/image-fit.o
                0x000000004a01f398                fit_get_desc
 .text.fit_image_get_node
                0x000000004a01f3d0       0x48 common/image-fit.o
                0x000000004a01f3d0                fit_image_get_node
 .text.fit_image_get_os
                0x000000004a01f418       0x4c common/image-fit.o
                0x000000004a01f418                fit_image_get_os
 .text.fit_image_get_arch
                0x000000004a01f464       0x4c common/image-fit.o
                0x000000004a01f464                fit_image_get_arch
 .text.fit_image_get_type
                0x000000004a01f4b0       0x4c common/image-fit.o
                0x000000004a01f4b0                fit_image_get_type
 .text.fit_image_get_comp
                0x000000004a01f4fc       0x4c common/image-fit.o
                0x000000004a01f4fc                fit_image_get_comp
 .text.fit_image_get_load
                0x000000004a01f548       0x10 common/image-fit.o
                0x000000004a01f548                fit_image_get_load
 .text.fit_image_get_entry
                0x000000004a01f558       0x10 common/image-fit.o
                0x000000004a01f558                fit_image_get_entry
 .text.fit_image_get_data
                0x000000004a01f568       0x50 common/image-fit.o
                0x000000004a01f568                fit_image_get_data
 .text.fit_image_get_data_offset
                0x000000004a01f5b8       0x48 common/image-fit.o
                0x000000004a01f5b8                fit_image_get_data_offset
 .text.fit_image_get_data_position
                0x000000004a01f600       0x48 common/image-fit.o
                0x000000004a01f600                fit_image_get_data_position
 .text.fit_image_get_data_size
                0x000000004a01f648       0x48 common/image-fit.o
                0x000000004a01f648                fit_image_get_data_size
 .text.fit_image_get_data_and_size
                0x000000004a01f690       0xac common/image-fit.o
                0x000000004a01f690                fit_image_get_data_and_size
 .text.fit_image_hash_get_algo
                0x000000004a01f73c       0x38 common/image-fit.o
                0x000000004a01f73c                fit_image_hash_get_algo
 .text.fit_image_hash_get_value
                0x000000004a01f774       0x50 common/image-fit.o
                0x000000004a01f774                fit_image_hash_get_value
 .text.fit_image_print_data
                0x000000004a01f7c4      0x190 common/image-fit.o
 .text.fit_image_print_verification_data
                0x000000004a01f954       0xbc common/image-fit.o
 .text.fit_image_print
                0x000000004a01fa10      0x2fc common/image-fit.o
                0x000000004a01fa10                fit_image_print
 .text.fit_print_contents
                0x000000004a01fd0c      0x454 common/image-fit.o
                0x000000004a01fd0c                fit_print_contents
 .text.fit_get_end
                0x000000004a020160       0x10 common/image-fit.o
                0x000000004a020160                fit_get_end
 .text.calculate_hash
                0x000000004a020170      0x11c common/image-fit.o
                0x000000004a020170                calculate_hash
 .text.fit_image_verify_with_data
                0x000000004a02028c      0x1f4 common/image-fit.o
                0x000000004a02028c                fit_image_verify_with_data
 .text.fit_image_verify
                0x000000004a020480       0xa4 common/image-fit.o
                0x000000004a020480                fit_image_verify
 .text.fit_all_image_verify
                0x000000004a020524      0x110 common/image-fit.o
                0x000000004a020524                fit_all_image_verify
 .text.fit_image_check_os
                0x000000004a020634       0x3c common/image-fit.o
                0x000000004a020634                fit_image_check_os
 .text.fit_image_check_type
                0x000000004a020670       0x3c common/image-fit.o
                0x000000004a020670                fit_image_check_type
 .text.fit_image_check_comp
                0x000000004a0206ac       0x3c common/image-fit.o
                0x000000004a0206ac                fit_image_check_comp
 .text.fit_check_format
                0x000000004a0206e8       0x98 common/image-fit.o
                0x000000004a0206e8                fit_check_format
 .text.fit_conf_get_node
                0x000000004a020780       0xdc common/image-fit.o
                0x000000004a020780                fit_conf_get_node
 .text.fit_conf_get_prop_node_index
                0x000000004a02085c       0x3c common/image-fit.o
                0x000000004a02085c                fit_conf_get_prop_node_index
 .text.fit_conf_get_prop_node
                0x000000004a020898        0x8 common/image-fit.o
                0x000000004a020898                fit_conf_get_prop_node
 .text.fit_get_node_from_config
                0x000000004a0208a0       0x54 common/image-fit.o
                0x000000004a0208a0                fit_get_node_from_config
 .text.fit_image_load
                0x000000004a0208f4      0x654 common/image-fit.o
                0x000000004a0208f4                fit_image_load
 .text.boot_get_setup_fit
                0x000000004a020f48       0x78 common/image-fit.o
                0x000000004a020f48                boot_get_setup_fit
 .text.boot_get_fdt_fit
                0x000000004a020fc0      0x318 common/image-fit.o
                0x000000004a020fc0                boot_get_fdt_fit
 .text.get_ram_size
                0x000000004a0212d8       0xf4 common/memsize.o
                0x000000004a0212d8                get_ram_size
 .text.get_effective_memsize
                0x000000004a0213cc        0x8 common/memsize.o
                0x000000004a0213cc                get_effective_memsize
 .text.nulldev_putc
                0x000000004a0213d4        0x4 common/stdio.o
 .text.nulldev_puts
                0x000000004a0213d8        0x4 common/stdio.o
 .text.nulldev_input
                0x000000004a0213dc        0x8 common/stdio.o
 .text.stdio_serial_tstc
                0x000000004a0213e4        0x4 common/stdio.o
 .text.stdio_serial_getc
                0x000000004a0213e8        0x4 common/stdio.o
 .text.stdio_serial_puts
                0x000000004a0213ec        0x8 common/stdio.o
 .text.stdio_serial_putc
                0x000000004a0213f4        0x8 common/stdio.o
 .text.stdio_file_to_flags
                0x000000004a0213fc       0x24 common/stdio.o
                0x000000004a0213fc                stdio_file_to_flags
 .text.stdio_get_list
                0x000000004a021420       0x10 common/stdio.o
                0x000000004a021420                stdio_get_list
 .text.stdio_get_by_name
                0x000000004a021430       0x6c common/stdio.o
                0x000000004a021430                stdio_get_by_name
 .text.stdio_clone
                0x000000004a02149c       0x4c common/stdio.o
                0x000000004a02149c                stdio_clone
 .text.stdio_register_dev
                0x000000004a0214e8       0x58 common/stdio.o
                0x000000004a0214e8                stdio_register_dev
 .text.stdio_register
                0x000000004a021540        0x8 common/stdio.o
                0x000000004a021540                stdio_register
 .text.stdio_deregister_dev
                0x000000004a021548      0x120 common/stdio.o
                0x000000004a021548                stdio_deregister_dev
 .text.stdio_init_tables
                0x000000004a021668       0x18 common/stdio.o
                0x000000004a021668                stdio_init_tables
 .text.stdio_add_devices
                0x000000004a021680      0x13c common/stdio.o
                0x000000004a021680                stdio_add_devices
 .text.run_command
                0x000000004a0217bc       0x14 common/cli.o
                0x000000004a0217bc                run_command
 .text.run_command_list
                0x000000004a0217d0       0x90 common/cli.o
                0x000000004a0217d0                run_command_list
 .text.do_run   0x000000004a021860       0x88 common/cli.o
                0x000000004a021860                do_run
 .text.cli_process_fdt
                0x000000004a0218e8       0x50 common/cli.o
                0x000000004a0218e8                cli_process_fdt
 .text.cli_secure_boot_cmd
                0x000000004a021938       0x74 common/cli.o
                0x000000004a021938                cli_secure_boot_cmd
 .text.cli_loop
                0x000000004a0219ac       0x18 common/cli.o
                0x000000004a0219ac                cli_loop
 .text.cli_init
                0x000000004a0219c4        0x4 common/cli.o
                0x000000004a0219c4                cli_init
 .text.find_cmd_tbl
                0x000000004a0219c8       0xc0 common/command.o
                0x000000004a0219c8                find_cmd_tbl
 .text.find_cmd
                0x000000004a021a88       0x30 common/command.o
                0x000000004a021a88                find_cmd
 .text.cmd_usage
                0x000000004a021ab8       0x68 common/command.o
                0x000000004a021ab8                cmd_usage
 .text._do_help
                0x000000004a021b20      0x188 common/command.o
                0x000000004a021b20                _do_help
 .text.var_complete
                0x000000004a021ca8       0x80 common/command.o
                0x000000004a021ca8                var_complete
 .text.complete_subcmdv
                0x000000004a021d28      0x1b8 common/command.o
                0x000000004a021d28                complete_subcmdv
 .text.cmd_auto_complete
                0x000000004a021ee0      0x3f0 common/command.o
                0x000000004a021ee0                cmd_auto_complete
 .text.cmd_get_data_size
                0x000000004a0222d0       0x6c common/command.o
                0x000000004a0222d0                cmd_get_data_size
 .text.cmd_always_repeatable
                0x000000004a02233c       0x14 common/command.o
                0x000000004a02233c                cmd_always_repeatable
 .text.cmd_never_repeatable
                0x000000004a022350       0x10 common/command.o
                0x000000004a022350                cmd_never_repeatable
 .text.cmd_process
                0x000000004a022360      0x164 common/command.o
                0x000000004a022360                cmd_process
 .text.cmd_process_error
                0x000000004a0224c4       0x40 common/command.o
                0x000000004a0224c4                cmd_process_error
 .text.hex1_bin
                0x000000004a022504       0x44 common/s_record.o
 .text.hex2_bin
                0x000000004a022548       0x40 common/s_record.o
 .text.srec_decode
                0x000000004a022588      0x214 common/s_record.o
                0x000000004a022588                srec_decode
 .text.CYGACC_COMM_IF_GETC_TIMEOUT.isra.0
                0x000000004a02279c       0x54 common/xyzModem.o
 .text.xyzModem_flush
                0x000000004a0227f0       0x1c common/xyzModem.o
 .text.xyzModem_get_hdr
                0x000000004a02280c      0x200 common/xyzModem.o
 .text.xyzModem_stream_open
                0x000000004a022a0c      0x238 common/xyzModem.o
                0x000000004a022a0c                xyzModem_stream_open
 .text.xyzModem_stream_read
                0x000000004a022c44      0x254 common/xyzModem.o
                0x000000004a022c44                xyzModem_stream_read
 .text.xyzModem_stream_close
                0x000000004a022e98       0x3c common/xyzModem.o
                0x000000004a022e98                xyzModem_stream_close
 .text.xyzModem_stream_terminate
                0x000000004a022ed4       0xa4 common/xyzModem.o
                0x000000004a022ed4                xyzModem_stream_terminate
 .text.xyzModem_error
                0x000000004a022f78       0x24 common/xyzModem.o
                0x000000004a022f78                xyzModem_error
 .text.part_driver_lookup_type
                0x000000004a022f9c       0xa4 disk/part.o
 .text.blk_get_dev
                0x000000004a023040       0x38 disk/part.o
                0x000000004a023040                blk_get_dev
 .text.dev_print
                0x000000004a023078      0x1e4 disk/part.o
                0x000000004a023078                dev_print
 .text.part_init
                0x000000004a02325c       0x88 disk/part.o
                0x000000004a02325c                part_init
 .text.part_print
                0x000000004a0232e4      0x148 disk/part.o
                0x000000004a0232e4                part_print
 .text.part_get_info
                0x000000004a02342c       0x6c disk/part.o
                0x000000004a02342c                part_get_info
 .text.part_get_info_whole_disk
                0x000000004a023498       0x5c disk/part.o
                0x000000004a023498                part_get_info_whole_disk
 .text.blk_get_device_by_str
                0x000000004a0234f4      0x140 disk/part.o
                0x000000004a0234f4                blk_get_device_by_str
 .text.blk_get_device_part_str
                0x000000004a023634      0x37c disk/part.o
                0x000000004a023634                blk_get_device_part_str
 .text.part_get_info_by_name_type
                0x000000004a0239b0       0x94 disk/part.o
                0x000000004a0239b0                part_get_info_by_name_type
 .text.part_get_info_by_name
                0x000000004a023a44        0x8 disk/part.o
                0x000000004a023a44                part_get_info_by_name
 .text.part_get_info_by_dev_and_name_or_num
                0x000000004a023a4c       0xfc disk/part.o
                0x000000004a023a4c                part_get_info_by_dev_and_name_or_num
 .text.part_set_generic_name
                0x000000004a023b48       0x48 disk/part.o
                0x000000004a023b48                part_set_generic_name
 .text.test_block_type
                0x000000004a023b90       0xbc disk/part_dos.o
 .text.part_test_dos
                0x000000004a023c4c       0x88 disk/part_dos.o
 .text.part_get_info_extended
                0x000000004a023cd4      0x274 disk/part_dos.o
 .text.part_get_info_dos
                0x000000004a023f48       0x1c disk/part_dos.o
 .text.print_partition_extended
                0x000000004a023f64      0x230 disk/part_dos.o
 .text.part_print_dos
                0x000000004a024194       0x3c disk/part_dos.o
 .text.iso_dread
                0x000000004a0241d0       0x48 disk/part_iso.o
                0x000000004a0241d0                iso_dread
 .text.part_get_info_iso_verb
                0x000000004a024218      0x374 disk/part_iso.o
                0x000000004a024218                part_get_info_iso_verb
 .text.part_test_iso
                0x000000004a02458c       0x20 disk/part_iso.o
 .text.part_print_iso
                0x000000004a0245ac       0xa4 disk/part_iso.o
 .text.part_get_info_iso
                0x000000004a024650        0x8 disk/part_iso.o
 .text.print_efiname
                0x000000004a024658       0x54 disk/part_efi.o
 .text.part_test_efi
                0x000000004a0246ac       0xb4 disk/part_efi.o
 .text.validate_gpt_entries
                0x000000004a024760       0xa8 disk/part_efi.o
 .text.validate_gpt_header
                0x000000004a024808      0x230 disk/part_efi.o
 .text.is_gpt_valid
                0x000000004a024a38      0x2d4 disk/part_efi.o
 .text.is_pte_valid
                0x000000004a024d0c       0x64 disk/part_efi.o
 .text.find_valid_gpt
                0x000000004a024d70       0xcc disk/part_efi.o
 .text.part_print_efi
                0x000000004a024e3c      0x214 disk/part_efi.o
                0x000000004a024e3c                part_print_efi
 .text.part_get_info_efi
                0x000000004a025050      0x1e8 disk/part_efi.o
                0x000000004a025050                part_get_info_efi
 .text.get_disk_guid
                0x000000004a025238       0x84 disk/part_efi.o
                0x000000004a025238                get_disk_guid
 .text.write_gpt_table
                0x000000004a0252bc      0x4ec disk/part_efi.o
                0x000000004a0252bc                write_gpt_table
 .text.gpt_fill_pte
                0x000000004a0257a8      0x398 disk/part_efi.o
                0x000000004a0257a8                gpt_fill_pte
 .text.gpt_fill_header
                0x000000004a025b40      0x254 disk/part_efi.o
                0x000000004a025b40                gpt_fill_header
 .text.gpt_restore