Archive member included to satisfy reference by file (symbol)

/home/lodge/Allwinner/orangepi-build/external/cache/sources/arm-trusted-firmware-sunxi-mainline/master/build/sun50i_h616/debug/lib/libfdt.a(fdt.o)
                              /home/lodge/Allwinner/orangepi-build/external/cache/sources/arm-trusted-firmware-sunxi-mainline/master/build/sun50i_h616/debug/bl31/sunxi_bl31_setup.o (fdt_check_header)
/home/lodge/Allwinner/orangepi-build/external/cache/sources/arm-trusted-firmware-sunxi-mainline/master/build/sun50i_h616/debug/lib/libfdt.a(fdt_addresses.o)
                              /home/lodge/Allwinner/orangepi-build/external/cache/sources/arm-trusted-firmware-sunxi-mainline/master/build/sun50i_h616/debug/bl31/fdt_fixup.o (fdt_address_cells)
/home/lodge/Allwinner/orangepi-build/external/cache/sources/arm-trusted-firmware-sunxi-mainline/master/build/sun50i_h616/debug/lib/libfdt.a(fdt_ro.o)
                              /home/lodge/Allwinner/orangepi-build/external/cache/sources/arm-trusted-firmware-sunxi-mainline/master/build/sun50i_h616/debug/bl31/common.o (fdt_get_name)
/home/lodge/Allwinner/orangepi-build/external/cache/sources/arm-trusted-firmware-sunxi-mainline/master/build/sun50i_h616/debug/lib/libfdt.a(fdt_rw.o)
                              /home/lodge/Allwinner/orangepi-build/external/cache/sources/arm-trusted-firmware-sunxi-mainline/master/build/sun50i_h616/debug/bl31/fdt_fixup.o (fdt_setprop_placeholder)
/home/lodge/Allwinner/orangepi-build/external/cache/sources/arm-trusted-firmware-sunxi-mainline/master/build/sun50i_h616/debug/lib/libfdt.a(fdt_wip.o)
                              /home/lodge/Allwinner/orangepi-build/external/cache/sources/arm-trusted-firmware-sunxi-mainline/master/build/sun50i_h616/debug/bl31/fdt_fixup.o (fdt_setprop_inplace_namelen_partial)
/home/lodge/Allwinner/orangepi-build/external/cache/sources/arm-trusted-firmware-sunxi-mainline/master/build/sun50i_h616/debug/lib/libc.a(assert.o)
                              /home/lodge/Allwinner/orangepi-build/external/cache/sources/arm-trusted-firmware-sunxi-mainline/master/build/sun50i_h616/debug/bl31/bl31_context_mgmt.o (__assert)
/home/lodge/Allwinner/orangepi-build/external/cache/sources/arm-trusted-firmware-sunxi-mainline/master/build/sun50i_h616/debug/lib/libc.a(memchr.o)
                              /home/lodge/Allwinner/orangepi-build/external/cache/sources/arm-trusted-firmware-sunxi-mainline/master/build/sun50i_h616/debug/lib/libfdt.a(fdt_ro.o) (memchr)
/home/lodge/Allwinner/orangepi-build/external/cache/sources/arm-trusted-firmware-sunxi-mainline/master/build/sun50i_h616/debug/lib/libc.a(memcmp.o)
                              /home/lodge/Allwinner/orangepi-build/external/cache/sources/arm-trusted-firmware-sunxi-mainline/master/build/sun50i_h616/debug/lib/libfdt.a(fdt.o) (memcmp)
/home/lodge/Allwinner/orangepi-build/external/cache/sources/arm-trusted-firmware-sunxi-mainline/master/build/sun50i_h616/debug/lib/libc.a(memcpy.o)
                              /home/lodge/Allwinner/orangepi-build/external/cache/sources/arm-trusted-firmware-sunxi-mainline/master/build/sun50i_h616/debug/bl31/context_mgmt.o (memcpy)
/home/lodge/Allwinner/orangepi-build/external/cache/sources/arm-trusted-firmware-sunxi-mainline/master/build/sun50i_h616/debug/lib/libc.a(memmove.o)
                              /home/lodge/Allwinner/orangepi-build/external/cache/sources/arm-trusted-firmware-sunxi-mainline/master/build/sun50i_h616/debug/bl31/xlat_tables_core.o (memmove)
/home/lodge/Allwinner/orangepi-build/external/cache/sources/arm-trusted-firmware-sunxi-mainline/master/build/sun50i_h616/debug/lib/libc.a(memset.o)
                              /home/lodge/Allwinner/orangepi-build/external/cache/sources/arm-trusted-firmware-sunxi-mainline/master/build/sun50i_h616/debug/bl31/runtime_svc.o (memset)
/home/lodge/Allwinner/orangepi-build/external/cache/sources/arm-trusted-firmware-sunxi-mainline/master/build/sun50i_h616/debug/lib/libc.a(printf.o)
                              /home/lodge/Allwinner/orangepi-build/external/cache/sources/arm-trusted-firmware-sunxi-mainline/master/build/sun50i_h616/debug/bl31/tf_log.o (vprintf)
/home/lodge/Allwinner/orangepi-build/external/cache/sources/arm-trusted-firmware-sunxi-mainline/master/build/sun50i_h616/debug/lib/libc.a(putchar.o)
                              /home/lodge/Allwinner/orangepi-build/external/cache/sources/arm-trusted-firmware-sunxi-mainline/master/build/sun50i_h616/debug/bl31/tf_log.o (putchar)
/home/lodge/Allwinner/orangepi-build/external/cache/sources/arm-trusted-firmware-sunxi-mainline/master/build/sun50i_h616/debug/lib/libc.a(snprintf.o)
                              /home/lodge/Allwinner/orangepi-build/external/cache/sources/arm-trusted-firmware-sunxi-mainline/master/build/sun50i_h616/debug/bl31/fdt_fixup.o (snprintf)
/home/lodge/Allwinner/orangepi-build/external/cache/sources/arm-trusted-firmware-sunxi-mainline/master/build/sun50i_h616/debug/lib/libc.a(strcmp.o)
[...]
Memory Configuration

Name             Origin             Length             Attributes
RAM              0x0000000040000000 0x0000000000040000 xrw
*default*        0x0000000000000000 0xffffffffffffffff

Linker script and memory map

                0x0000000040000000                . = 0x40000000
                0x0000000000000001                ASSERT ((. == ALIGN (0x1000)), BL31_BASE address is not aligned on a page boundary.)
                0x0000000040000000                __BL31_START__ = .

.text           0x0000000040000000     0xa000
                0x0000000040000000                __TEXT_START__ = .
 *bl31_entrypoint.o(.text*)
 .text.asm.bl31_entrypoint
                0x0000000040000000      0x144 /home/lodge/Allwinner/orangepi-build/external/cache/sources/arm-trusted-firmware-sunxi-mainline/master/build/sun50i_h616/debug/bl31/bl31_entrypoint.o
                0x0000000040000000                bl31_entrypoint
 .text.asm.bl31_warm_entrypoint
                0x0000000040000144       0x9c /home/lodge/Allwinner/orangepi-build/external/cache/sources/arm-trusted-firmware-sunxi-mainline/master/build/sun50i_h616/debug/bl31/bl31_entrypoint.o
                0x0000000040000144                bl31_warm_entrypoint
 *(SORT_BY_ALIGNMENT(SORT_BY_NAME(.text*)))
 .text.__assert
                0x00000000400001e0       0x24 /home/lodge/Allwinner/orangepi-build/external/cache/sources/arm-trusted-firmware-sunxi-mainline/master/build/sun50i_h616/debug/lib/libc.a(assert.o)
                0x00000000400001e0                __assert
 .text.arm_arch_svc_smc_handler
                0x0000000040000204      0x14c /home/lodge/Allwinner/orangepi-build/external/cache/sources/arm-trusted-firmware-sunxi-mainline/master/build/sun50i_h616/debug/bl31/arm_arch_svc_setup.o
 .text.asm._cpu_data_by_index
                0x0000000040000350       0x18 /home/lodge/Allwinner/orangepi-build/external/cache/sources/arm-trusted-firmware-sunxi-mainline/master/build/sun50i_h616/debug/bl31/cpu_data.o
                0x0000000040000350                _cpu_data_by_index
 .text.asm.a53_disable_non_temporal_hint
                0x0000000040000368       0x1c /home/lodge/Allwinner/orangepi-build/external/cache/sources/arm-trusted-firmware-sunxi-mainline/master/build/sun50i_h616/debug/bl31/cortex_a53.o
 .text.asm.asm_assert
                0x0000000040000384       0x60 /home/lodge/Allwinner/orangepi-build/external/cache/sources/arm-trusted-firmware-sunxi-mainline/master/build/sun50i_h616/debug/bl31/debug.o
                0x0000000040000384                asm_assert
 .text.asm.asm_print_hex
                0x00000000400003e4       0x30 /home/lodge/Allwinner/orangepi-build/external/cache/sources/arm-trusted-firmware-sunxi-mainline/master/build/sun50i_h616/debug/bl31/debug.o
                0x00000000400003e4                asm_print_hex
                0x00000000400003e8                asm_print_hex_bits
 .text.asm.asm_print_newline
                0x0000000040000414        0x8 /home/lodge/Allwinner/orangepi-build/external/cache/sources/arm-trusted-firmware-sunxi-mainline/master/build/sun50i_h616/debug/bl31/debug.o
                0x0000000040000414                asm_print_newline
 .text.asm.asm_print_str
                0x000000004000041c       0x18 /home/lodge/Allwinner/orangepi-build/external/cache/sources/arm-trusted-firmware-sunxi-mainline/master/build/sun50i_h616/debug/bl31/debug.o
                0x000000004000041c                asm_print_str
 .text.asm.bl31_plat_enable_mmu
                0x0000000040000434        0x4 /home/lodge/Allwinner/orangepi-build/external/cache/sources/arm-trusted-firmware-sunxi-mainline/master/build/sun50i_h616/debug/bl31/platform_helpers.o
                0x0000000040000434                bl31_plat_enable_mmu
 .text.asm.check_errata_1530924
                0x0000000040000438        0x8 /home/lodge/Allwinner/orangepi-build/external/cache/sources/arm-trusted-firmware-sunxi-mainline/master/build/sun50i_h616/debug/bl31/cortex_a53.o
 .text.asm.check_errata_819472
                0x0000000040000440        0x8 /home/lodge/Allwinner/orangepi-build/external/cache/sources/arm-trusted-firmware-sunxi-mainline/master/build/sun50i_h616/debug/bl31/cortex_a53.o
 .text.asm.check_errata_824069
                0x0000000040000448        0x8 /home/lodge/Allwinner/orangepi-build/external/cache/sources/arm-trusted-firmware-sunxi-mainline/master/build/sun50i_h616/debug/bl31/cortex_a53.o
 .text.asm.check_errata_826319
                0x0000000040000450        0x8 /home/lodge/Allwinner/orangepi-build/external/cache/sources/arm-trusted-firmware-sunxi-mainline/master/build/sun50i_h616/debug/bl31/cortex_a53.o
 .text.asm.check_errata_827319
                0x0000000040000458        0x8 /home/lodge/Allwinner/orangepi-build/external/cache/sources/arm-trusted-firmware-sunxi-mainline/master/build/sun50i_h616/debug/bl31/cortex_a53.o
 .text.asm.check_errata_835769
                0x0000000040000460       0x24 /home/lodge/Allwinner/orangepi-build/external/cache/sources/arm-trusted-firmware-sunxi-mainline/master/build/sun50i_h616/debug/bl31/cortex_a53.o
 .text.asm.check_errata_843419
                0x0000000040000484       0x24 /home/lodge/Allwinner/orangepi-build/external/cache/sources/arm-trusted-firmware-sunxi-mainline/master/build/sun50i_h616/debug/bl31/cortex_a53.o
 .text.asm.check_errata_855873
                0x00000000400004a8        0x8 /home/lodge/Allwinner/orangepi-build/external/cache/sources/arm-trusted-firmware-sunxi-mainline/master/build/sun50i_h616/debug/bl31/cortex_a53.o
 .text.asm.check_errata_disable_non_temporal_hint
                0x00000000400004b0        0x8 /home/lodge/Allwinner/orangepi-build/external/cache/sources/arm-trusted-firmware-sunxi-mainline/master/build/sun50i_h616/debug/bl31/cortex_a53.o
 .text.asm.check_smccc_arch_wa3_applies
                0x00000000400004b8       0x48 /home/lodge/Allwinner/orangepi-build/external/cache/sources/arm-trusted-firmware-sunxi-mainline/master/build/sun50i_h616/debug/bl31/cpu_helpers.o
                0x00000000400004b8                check_smccc_arch_wa3_applies
 .text.asm.check_wa_cve_2017_5715
                0x0000000040000500       0x48 /home/lodge/Allwinner/orangepi-build/external/cache/sources/arm-trusted-firmware-sunxi-mainline/master/build/sun50i_h616/debug/bl31/cpu_helpers.o
                0x0000000040000500                check_wa_cve_2017_5715
 .text.asm.clean_dcache_range
                0x0000000040000548       0x38 /home/lodge/Allwinner/orangepi-build/external/cache/sources/arm-trusted-firmware-sunxi-mainline/master/build/sun50i_h616/debug/bl31/cache_helpers.o
                0x0000000040000548                clean_dcache_range
 .text.asm.console_16550_core_flush
                0x0000000040000580       0x28 /home/lodge/Allwinner/orangepi-build/external/cache/sources/arm-trusted-firmware-sunxi-mainline/master/build/sun50i_h616/debug/bl31/16550_console.o
                0x0000000040000580                console_16550_core_flush
 .text.asm.console_16550_core_getc
                0x00000000400005a8       0x2c /home/lodge/Allwinner/orangepi-build/external/cache/sources/arm-trusted-firmware-sunxi-mainline/master/build/sun50i_h616/debug/bl31/16550_console.o
                0x00000000400005a8                console_16550_core_getc
 .text.asm.console_16550_core_init
                0x00000000400005d4       0x70 /home/lodge/Allwinner/orangepi-build/external/cache/sources/arm-trusted-firmware-sunxi-mainline/master/build/sun50i_h616/debug/bl31/16550_console.o
                0x00000000400005d4                console_16550_core_init
 .text.asm.console_16550_core_putc
                0x0000000040000644       0x4c /home/lodge/Allwinner/orangepi-build/external/cache/sources/arm-trusted-firmware-sunxi-mainline/master/build/sun50i_h616/debug/bl31/16550_console.o
                0x0000000040000644                console_16550_core_putc
 .text.asm.console_16550_flush
                0x0000000040000690       0x1c /home/lodge/Allwinner/orangepi-build/external/cache/sources/arm-trusted-firmware-sunxi-mainline/master/build/sun50i_h616/debug/bl31/16550_console.o
                0x0000000040000690                console_16550_flush
 .text.asm.console_16550_getc
                0x00000000400006ac       0x1c /home/lodge/Allwinner/orangepi-build/external/cache/sources/arm-trusted-firmware-sunxi-mainline/master/build/sun50i_h616/debug/bl31/16550_console.o
                0x00000000400006ac                console_16550_getc
 .text.asm.console_16550_putc
                0x00000000400006c8       0x1c /home/lodge/Allwinner/orangepi-build/external/cache/sources/arm-trusted-firmware-sunxi-mainline/master/build/sun50i_h616/debug/bl31/16550_console.o
                0x00000000400006c8                console_16550_putc
 .text.asm.console_16550_register
                0x00000000400006e4       0x58 /home/lodge/Allwinner/orangepi-build/external/cache/sources/arm-trusted-firmware-sunxi-mainline/master/build/sun50i_h616/debug/bl31/16550_console.o
                0x00000000400006e4                console_16550_register
 .text.asm.cortex_a53_cluster_pwr_dwn
                0x000000004000073c       0x24 /home/lodge/Allwinner/orangepi-build/external/cache/sources/arm-trusted-firmware-sunxi-mainline/master/build/sun50i_h616/debug/bl31/cortex_a53.o
 .text.asm.cortex_a53_core_pwr_dwn
                0x0000000040000760       0x18 /home/lodge/Allwinner/orangepi-build/external/cache/sources/arm-trusted-firmware-sunxi-mainline/master/build/sun50i_h616/debug/bl31/cortex_a53.o
 .text.asm.cortex_a53_cpu_reg_dump
                0x0000000040000778       0x18 /home/lodge/Allwinner/orangepi-build/external/cache/sources/arm-trusted-firmware-sunxi-mainline/master/build/sun50i_h616/debug/bl31/cortex_a53.o
 .text.asm.cortex_a53_disable_dcache
                0x0000000040000790       0x14 /home/lodge/Allwinner/orangepi-build/external/cache/sources/arm-trusted-firmware-sunxi-mainline/master/build/sun50i_h616/debug/bl31/cortex_a53.o
 .text.asm.cortex_a53_disable_smp
                0x00000000400007a4       0x18 /home/lodge/Allwinner/orangepi-build/external/cache/sources/arm-trusted-firmware-sunxi-mainline/master/build/sun50i_h616/debug/bl31/cortex_a53.o
 .text.asm.cortex_a53_errata_report
                0x00000000400007bc       0xe8 /home/lodge/Allwinner/orangepi-build/external/cache/sources/arm-trusted-firmware-sunxi-mainline/master/build/sun50i_h616/debug/bl31/cortex_a53.o
 .text.asm.cortex_a53_reset_func
                0x00000000400008a4       0x30 /home/lodge/Allwinner/orangepi-build/external/cache/sources/arm-trusted-firmware-sunxi-mainline/master/build/sun50i_h616/debug/bl31/cortex_a53.o
 .text.asm.cpu_get_rev_var
                0x00000000400008d4       0x10 /home/lodge/Allwinner/orangepi-build/external/cache/sources/arm-trusted-firmware-sunxi-mainline/master/build/sun50i_h616/debug/bl31/cpu_helpers.o
                0x00000000400008d4                cpu_get_rev_var
 .text.asm.cpu_rev_var_hs
                0x00000000400008e4       0x14 /home/lodge/Allwinner/orangepi-build/external/cache/sources/arm-trusted-firmware-sunxi-mainline/master/build/sun50i_h616/debug/bl31/cpu_helpers.o
                0x00000000400008e4                cpu_rev_var_hs
 .text.asm.cpu_rev_var_ls
                0x00000000400008f8       0x14 /home/lodge/Allwinner/orangepi-build/external/cache/sources/arm-trusted-firmware-sunxi-mainline/master/build/sun50i_h616/debug/bl31/cpu_helpers.o
                0x00000000400008f8                cpu_rev_var_ls
 .text.asm.crash_panic
                0x000000004000090c        0x8 /home/lodge/Allwinner/orangepi-build/external/cache/sources/arm-trusted-firmware-sunxi-mainline/master/build/sun50i_h616/debug/bl31/crash_reporting.o
 .text.asm.dcsw_op_level1
                0x0000000040000914       0x10 /home/lodge/Allwinner/orangepi-build/external/cache/sources/arm-trusted-firmware-sunxi-mainline/master/build/sun50i_h616/debug/bl31/cache_helpers.o
                0x0000000040000914                dcsw_op_level1
 .text.asm.dcsw_op_level2
                0x0000000040000924       0x10 /home/lodge/Allwinner/orangepi-build/external/cache/sources/arm-trusted-firmware-sunxi-mainline/master/build/sun50i_h616/debug/bl31/cache_helpers.o
                0x0000000040000924                dcsw_op_level2
 .text.asm.delegate_async_ea
                0x0000000040000934        0x4 /home/lodge/Allwinner/orangepi-build/external/cache/sources/arm-trusted-firmware-sunxi-mainline/master/build/sun50i_h616/debug/bl31/ea_delegate.o
 .text.asm.delegate_sync_ea
                0x0000000040000938        0x4 /home/lodge/Allwinner/orangepi-build/external/cache/sources/arm-trusted-firmware-sunxi-mainline/master/build/sun50i_h616/debug/bl31/ea_delegate.o
 .text.asm.do_cpu_reg_dump
                0x000000004000093c       0x20 /home/lodge/Allwinner/orangepi-build/external/cache/sources/arm-trusted-firmware-sunxi-mainline/master/build/sun50i_h616/debug/bl31/cpu_helpers.o
                0x000000004000093c                do_cpu_reg_dump
 .text.asm.do_dcsw_op
                0x000000004000095c       0xfc /home/lodge/Allwinner/orangepi-build/external/cache/sources/arm-trusted-firmware-sunxi-mainline/master/build/sun50i_h616/debug/bl31/cache_helpers.o
 .text.asm.do_panic
                0x0000000040000a58       0x48 /home/lodge/Allwinner/orangepi-build/external/cache/sources/arm-trusted-firmware-sunxi-mainline/master/build/sun50i_h616/debug/bl31/debug.o
                0x0000000040000a58                do_panic
 .text.asm.ea_proceed
                0x0000000040000aa0       0x9c /home/lodge/Allwinner/orangepi-build/external/cache/sources/arm-trusted-firmware-sunxi-mainline/master/build/sun50i_h616/debug/bl31/ea_delegate.o
 .text.asm.el1_sysregs_context_restore
                0x0000000040000b3c       0xa0 /home/lodge/Allwinner/orangepi-build/external/cache/sources/arm-trusted-firmware-sunxi-mainline/master/build/sun50i_h616/debug/bl31/context.o
                0x0000000040000b3c                el1_sysregs_context_restore
 .text.asm.el3_exit
                0x0000000040000bdc       0x80 /home/lodge/Allwinner/orangepi-build/external/cache/sources/arm-trusted-firmware-sunxi-mainline/master/build/sun50i_h616/debug/bl31/context.o
                0x0000000040000bdc                el3_exit
 .text.asm.el3_panic
                0x0000000040000c5c      0x238 /home/lodge/Allwinner/orangepi-build/external/cache/sources/arm-trusted-firmware-sunxi-mainline/master/build/sun50i_h616/debug/bl31/crash_reporting.o
                0x0000000040000c5c                el3_panic
 .text.asm.enable_mmu_direct_el3
                0x0000000040000e94       0x70 /home/lodge/Allwinner/orangepi-build/external/cache/sources/arm-trusted-firmware-sunxi-mainline/master/build/sun50i_h616/debug/bl31/enable_mmu.o
                0x0000000040000e94                enable_mmu_direct_el3
 .text.asm.enter_lower_el_async_ea
                0x0000000040000f04       0x1c /home/lodge/Allwinner/orangepi-build/external/cache/sources/arm-trusted-firmware-sunxi-mainline/master/build/sun50i_h616/debug/bl31/ea_delegate.o
                0x0000000040000f04                enter_lower_el_async_ea
                0x0000000040000f08                handle_lower_el_async_ea
 .text.asm.enter_lower_el_sync_ea
                0x0000000040000f20       0x7c /home/lodge/Allwinner/orangepi-build/external/cache/sources/arm-trusted-firmware-sunxi-mainline/master/build/sun50i_h616/debug/bl31/ea_delegate.o
                0x0000000040000f20                enter_lower_el_sync_ea
 .text.asm.errata_a53_855873_wa
                0x0000000040000f9c       0x1c /home/lodge/Allwinner/orangepi-build/external/cache/sources/arm-trusted-firmware-sunxi-mainline/master/build/sun50i_h616/debug/bl31/cortex_a53.o
 .text.asm.flush_dcache_range
                0x0000000040000fb8       0x38 /home/lodge/Allwinner/orangepi-build/external/cache/sources/arm-trusted-firmware-sunxi-mainline/master/build/sun50i_h616/debug/bl31/cache_helpers.o
                0x0000000040000fb8                flush_dcache_range
 .text.asm.get_cpu_ops_ptr
                0x0000000040000ff0       0x54 /home/lodge/Allwinner/orangepi-build/external/cache/sources/arm-trusted-firmware-sunxi-mainline/master/build/sun50i_h616/debug/bl31/cpu_helpers.o
                0x0000000040000ff0                get_cpu_ops_ptr
 .text.asm.init_cpu_data_ptr
                0x0000000040001044       0x14 /home/lodge/Allwinner/orangepi-build/external/cache/sources/arm-trusted-firmware-sunxi-mainline/master/build/sun50i_h616/debug/bl31/cpu_data.o
                0x0000000040001044                init_cpu_data_ptr
 .text.asm.init_cpu_ops
                0x0000000040001058       0x34 /home/lodge/Allwinner/orangepi-build/external/cache/sources/arm-trusted-firmware-sunxi-mainline/master/build/sun50i_h616/debug/bl31/cpu_helpers.o
                0x0000000040001058                init_cpu_ops
 .text.asm.inv_dcache_range
                0x000000004000108c       0x38 /home/lodge/Allwinner/orangepi-build/external/cache/sources/arm-trusted-firmware-sunxi-mainline/master/build/sun50i_h616/debug/bl31/cache_helpers.o
                0x000000004000108c                inv_dcache_range
 .text.asm.plat_crash_console_flush
                0x00000000400010c4        0x4 /home/lodge/Allwinner/orangepi-build/external/cache/sources/arm-trusted-firmware-sunxi-mainline/master/build/sun50i_h616/debug/bl31/plat_helpers.o
                0x00000000400010c4                plat_crash_console_flush
 .text.asm.plat_crash_console_init
                0x00000000400010c8       0x18 /home/lodge/Allwinner/orangepi-build/external/cache/sources/arm-trusted-firmware-sunxi-mainline/master/build/sun50i_h616/debug/bl31/plat_helpers.o
                0x00000000400010c8                plat_crash_console_init
 .text.asm.plat_crash_console_putc
                0x00000000400010e0        0x8 /home/lodge/Allwinner/orangepi-build/external/cache/sources/arm-trusted-firmware-sunxi-mainline/master/build/sun50i_h616/debug/bl31/plat_helpers.o
                0x00000000400010e0                plat_crash_console_putc
 .text.asm.plat_disable_acp
                0x00000000400010e8        0x4 /home/lodge/Allwinner/orangepi-build/external/cache/sources/arm-trusted-firmware-sunxi-mainline/master/build/sun50i_h616/debug/bl31/platform_helpers.o
                0x00000000400010e8                plat_disable_acp
 .text.asm.plat_get_my_stack
                0x00000000400010ec       0x1c /home/lodge/Allwinner/orangepi-build/external/cache/sources/arm-trusted-firmware-sunxi-mainline/master/build/sun50i_h616/debug/bl31/platform_mp_stack.o
                0x00000000400010ec                plat_get_my_stack
 .text.asm.plat_handle_double_fault
                0x0000000040001108        0x4 /home/lodge/Allwinner/orangepi-build/external/cache/sources/arm-trusted-firmware-sunxi-mainline/master/build/sun50i_h616/debug/bl31/platform_helpers.o
                0x0000000040001108                plat_handle_double_fault
 .text.asm.plat_handle_el3_ea
                0x000000004000110c        0x4 /home/lodge/Allwinner/orangepi-build/external/cache/sources/arm-trusted-firmware-sunxi-mainline/master/build/sun50i_h616/debug/bl31/platform_helpers.o
                0x000000004000110c                plat_handle_el3_ea
 .text.asm.plat_my_core_pos
                0x0000000040001110       0x14 /home/lodge/Allwinner/orangepi-build/external/cache/sources/arm-trusted-firmware-sunxi-mainline/master/build/sun50i_h616/debug/bl31/plat_helpers.o
                0x0000000040001110                plat_my_core_pos
 .text.asm.plat_panic_handler
                0x0000000040001124        0x8 /home/lodge/Allwinner/orangepi-build/external/cache/sources/arm-trusted-firmware-sunxi-mainline/master/build/sun50i_h616/debug/bl31/platform_helpers.o
                0x0000000040001124                plat_panic_handler
 .text.asm.plat_reset_handler
                0x000000004000112c        0x4 /home/lodge/Allwinner/orangepi-build/external/cache/sources/arm-trusted-firmware-sunxi-mainline/master/build/sun50i_h616/debug/bl31/platform_helpers.o
                0x000000004000112c                plat_reset_handler
 .text.asm.plat_set_my_stack
                0x0000000040001130       0x10 /home/lodge/Allwinner/orangepi-build/external/cache/sources/arm-trusted-firmware-sunxi-mainline/master/build/sun50i_h616/debug/bl31/platform_mp_stack.o
                0x0000000040001130                plat_set_my_stack
 .text.asm.platform_mem_init
                0x0000000040001140        0x4 /home/lodge/Allwinner/orangepi-build/external/cache/sources/arm-trusted-firmware-sunxi-mainline/master/build/sun50i_h616/debug/bl31/plat_helpers.o
                0x0000000040001140                platform_mem_init
 .text.asm.prepare_cpu_pwr_dwn
                0x0000000040001144       0x4c /home/lodge/Allwinner/orangepi-build/external/cache/sources/arm-trusted-firmware-sunxi-mainline/master/build/sun50i_h616/debug/bl31/cpu_helpers.o
                0x0000000040001144                prepare_cpu_pwr_dwn
 .text.asm.prepare_el3_entry
                0x0000000040001190       0x7c /home/lodge/Allwinner/orangepi-build/external/cache/sources/arm-trusted-firmware-sunxi-mainline/master/build/sun50i_h616/debug/bl31/context.o
                0x0000000040001190                prepare_el3_entry
 .text.asm.print_alignment
                0x000000004000120c        0xc /home/lodge/Allwinner/orangepi-build/external/cache/sources/arm-trusted-firmware-sunxi-mainline/master/build/sun50i_h616/debug/bl31/crash_reporting.o
 .text.asm.print_errata_status
                0x0000000040001218       0x60 /home/lodge/Allwinner/orangepi-build/external/cache/sources/arm-trusted-firmware-sunxi-mainline/master/build/sun50i_h616/debug/bl31/cpu_helpers.o
                0x0000000040001218                print_errata_status
 .text.asm.psci_do_pwrdown_cache_maintenance
                0x0000000040001278       0x3c /home/lodge/Allwinner/orangepi-build/external/cache/sources/arm-trusted-firmware-sunxi-mainline/master/build/sun50i_h616/debug/bl31/psci_helpers.o
                0x0000000040001278                psci_do_pwrdown_cache_maintenance
 .text.asm.psci_power_down_wfi
                0x00000000400012b4       0x10 /home/lodge/Allwinner/orangepi-build/external/cache/sources/arm-trusted-firmware-sunxi-mainline/master/build/sun50i_h616/debug/bl31/psci_helpers.o
                0x00000000400012b4                psci_power_down_wfi
 .text.asm.report_unhandled_exception
                0x00000000400012c4       0x28 /home/lodge/Allwinner/orangepi-build/external/cache/sources/arm-trusted-firmware-sunxi-mainline/master/build/sun50i_h616/debug/bl31/crash_reporting.o
                0x00000000400012c4                report_unhandled_exception
 .text.asm.report_unhandled_interrupt
                0x00000000400012ec       0x28 /home/lodge/Allwinner/orangepi-build/external/cache/sources/arm-trusted-firmware-sunxi-mainline/master/build/sun50i_h616/debug/bl31/crash_reporting.o
                0x00000000400012ec                report_unhandled_interrupt
 .text.asm.reset_handler
                0x0000000040001314       0x34 /home/lodge/Allwinner/orangepi-build/external/cache/sources/arm-trusted-firmware-sunxi-mainline/master/build/sun50i_h616/debug/bl31/cpu_helpers.o
                0x0000000040001314                reset_handler
 .text.asm.restore_gp_pmcr_pauth_regs
                0x0000000040001348       0x70 /home/lodge/Allwinner/orangepi-build/external/cache/sources/arm-trusted-firmware-sunxi-mainline/master/build/sun50i_h616/debug/bl31/context.o
                0x0000000040001348                restore_gp_pmcr_pauth_regs
 .text.asm.save_and_update_ptw_el1_sys_regs
                0x00000000400013b8       0x34 /home/lodge/Allwinner/orangepi-build/external/cache/sources/arm-trusted-firmware-sunxi-mainline/master/build/sun50i_h616/debug/bl31/context.o
                0x00000000400013b8                save_and_update_ptw_el1_sys_regs
 .text.asm.size_controlled_print
                0x00000000400013ec       0x4c /home/lodge/Allwinner/orangepi-build/external/cache/sources/arm-trusted-firmware-sunxi-mainline/master/build/sun50i_h616/debug/bl31/crash_reporting.o
 .text.asm.smc_handler
                0x0000000040001438       0xb0 /home/lodge/Allwinner/orangepi-build/external/cache/sources/arm-trusted-firmware-sunxi-mainline/master/build/sun50i_h616/debug/bl31/runtime_exceptions.o
 .text.asm.spin_lock
                0x00000000400014e8       0x20 /home/lodge/Allwinner/orangepi-build/external/cache/sources/arm-trusted-firmware-sunxi-mainline/master/build/sun50i_h616/debug/bl31/spinlock.o
                0x00000000400014e8                spin_lock
 .text.asm.spin_unlock
                0x0000000040001508        0x8 /home/lodge/Allwinner/orangepi-build/external/cache/sources/arm-trusted-firmware-sunxi-mainline/master/build/sun50i_h616/debug/bl31/spinlock.o
                0x0000000040001508                spin_unlock
 .text.asm.str_in_crash_buf_print
                0x0000000040001510       0x18 /home/lodge/Allwinner/orangepi-build/external/cache/sources/arm-trusted-firmware-sunxi-mainline/master/build/sun50i_h616/debug/bl31/crash_reporting.o
 .text.asm.zeromem
                0x0000000040001528        0x8 /home/lodge/Allwinner/orangepi-build/external/cache/sources/arm-trusted-firmware-sunxi-mainline/master/build/sun50i_h616/debug/bl31/misc_helpers.o
                0x0000000040001528                zeromem
 .text.asm.zeromem_dczva
                0x0000000040001530      0x114 /home/lodge/Allwinner/orangepi-build/external/cache/sources/arm-trusted-firmware-sunxi-mainline/master/build/sun50i_h616/debug/bl31/misc_helpers.o
                0x0000000040001530                zero_normalmem
 .text.axp_check_id
                0x0000000040001644       0x5c /home/lodge/Allwinner/orangepi-build/external/cache/sources/arm-trusted-firmware-sunxi-mainline/master/build/sun50i_h616/debug/bl31/common.o
                0x0000000040001644                axp_check_id
 .text.axp_clrsetbits
                0x00000000400016a0       0x54 /home/lodge/Allwinner/orangepi-build/external/cache/sources/arm-trusted-firmware-sunxi-mainline/master/build/sun50i_h616/debug/bl31/common.o
                0x00000000400016a0                axp_clrsetbits
 .text.axp_power_off
                0x00000000400016f4       0x10 /home/lodge/Allwinner/orangepi-build/external/cache/sources/arm-trusted-firmware-sunxi-mainline/master/build/sun50i_h616/debug/bl31/common.o
                0x00000000400016f4                axp_power_off
 .text.axp_read
                0x0000000040001704        0xc /home/lodge/Allwinner/orangepi-build/external/cache/sources/arm-trusted-firmware-sunxi-mainline/master/build/sun50i_h616/debug/bl31/sunxi_power.o
                0x0000000040001704                axp_read
 .text.axp_setup_regulators
                0x0000000040001710      0x384 /home/lodge/Allwinner/orangepi-build/external/cache/sources/arm-trusted-firmware-sunxi-mainline/master/build/sun50i_h616/debug/bl31/common.o
                0x0000000040001710                axp_setup_regulators
 .text.axp_write
                0x0000000040001a94       0x10 /home/lodge/Allwinner/orangepi-build/external/cache/sources/arm-trusted-firmware-sunxi-mainline/master/build/sun50i_h616/debug/bl31/sunxi_power.o
                0x0000000040001a94                axp_write
 .text.bakery_lock_get
                0x0000000040001aa4       0xec /home/lodge/Allwinner/orangepi-build/external/cache/sources/arm-trusted-firmware-sunxi-mainline/master/build/sun50i_h616/debug/bl31/bakery_lock_coherent.o
                0x0000000040001aa4                bakery_lock_get
 .text.bakery_lock_release
                0x0000000040001b90       0x64 /home/lodge/Allwinner/orangepi-build/external/cache/sources/arm-trusted-firmware-sunxi-mainline/master/build/sun50i_h616/debug/bl31/bakery_lock_coherent.o
                0x0000000040001b90                bakery_lock_release
 .text.bl31_early_platform_setup2
                0x0000000040001bf4       0x58 /home/lodge/Allwinner/orangepi-build/external/cache/sources/arm-trusted-firmware-sunxi-mainline/master/build/sun50i_h616/debug/bl31/sunxi_bl31_setup.o
                0x0000000040001bf4                bl31_early_platform_setup2
 .text.bl31_main
                0x0000000040001c4c       0x90 /home/lodge/Allwinner/orangepi-build/external/cache/sources/arm-trusted-firmware-sunxi-mainline/master/build/sun50i_h616/debug/bl31/bl31_main.o
                0x0000000040001c4c                bl31_main
 .text.bl31_plat_arch_setup
                0x0000000040001cdc        0x8 /home/lodge/Allwinner/orangepi-build/external/cache/sources/arm-trusted-firmware-sunxi-mainline/master/build/sun50i_h616/debug/bl31/sunxi_bl31_setup.o
                0x0000000040001cdc                bl31_plat_arch_setup
 .text.bl31_plat_get_next_image_ep_info
                0x0000000040001ce4       0x48 /home/lodge/Allwinner/orangepi-build/external/cache/sources/arm-trusted-firmware-sunxi-mainline/master/build/sun50i_h616/debug/bl31/sunxi_bl31_setup.o
                0x0000000040001ce4                bl31_plat_get_next_image_ep_info
 .text.bl31_plat_runtime_setup
                0x0000000040001d2c       0x20 /home/lodge/Allwinner/orangepi-build/external/cache/sources/arm-trusted-firmware-sunxi-mainline/master/build/sun50i_h616/debug/bl31/sunxi_bl31_setup.o
                0x0000000040001d2c                bl31_plat_runtime_setup
 .text.bl31_platform_setup
                0x0000000040001d4c      0x1e8 /home/lodge/Allwinner/orangepi-build/external/cache/sources/arm-trusted-firmware-sunxi-mainline/master/build/sun50i_h616/debug/bl31/sunxi_bl31_setup.o
                0x0000000040001d4c                bl31_platform_setup
 .text.bl31_prepare_next_image_entry
                0x0000000040001f34       0xd8 /home/lodge/Allwinner/orangepi-build/external/cache/sources/arm-trusted-firmware-sunxi-mainline/master/build/sun50i_h616/debug/bl31/bl31_main.o
                0x0000000040001f34                bl31_prepare_next_image_entry
 .text.bl31_setup
                0x000000004000200c       0x14 /home/lodge/Allwinner/orangepi-build/external/cache/sources/arm-trusted-firmware-sunxi-mainline/master/build/sun50i_h616/debug/bl31/bl31_main.o
                0x000000004000200c                bl31_setup
 .text.cm_el1_sysregs_context_restore
                0x0000000040002020       0x90 /home/lodge/Allwinner/orangepi-build/external/cache/sources/arm-trusted-firmware-sunxi-mainline/master/build/sun50i_h616/debug/bl31/context_mgmt.o
                0x0000000040002020                cm_el1_sysregs_context_restore
 .text.cm_get_context
                0x00000000400020b0       0x2c /home/lodge/Allwinner/orangepi-build/external/cache/sources/arm-trusted-firmware-sunxi-mainline/master/build/sun50i_h616/debug/bl31/bl31_context_mgmt.o
                0x00000000400020b0                cm_get_context
 .text.cm_get_context_by_index
                0x00000000400020dc       0x3c /home/lodge/Allwinner/orangepi-build/external/cache/sources/arm-trusted-firmware-sunxi-mainline/master/build/sun50i_h616/debug/bl31/bl31_context_mgmt.o
                0x00000000400020dc                cm_get_context_by_index
 .text.cm_init  0x0000000040002118        0x4 /home/lodge/Allwinner/orangepi-build/external/cache/sources/arm-trusted-firmware-sunxi-mainline/master/build/sun50i_h616/debug/bl31/context_mgmt.o
                0x0000000040002118                cm_init
 .text.cm_init_context_by_index
                0x000000004000211c       0x30 /home/lodge/Allwinner/orangepi-build/external/cache/sources/arm-trusted-firmware-sunxi-mainline/master/build/sun50i_h616/debug/bl31/context_mgmt.o
                0x000000004000211c                cm_init_context_by_index
 .text.cm_init_my_context
                0x000000004000214c       0x30 /home/lodge/Allwinner/orangepi-build/external/cache/sources/arm-trusted-firmware-sunxi-mainline/master/build/sun50i_h616/debug/bl31/context_mgmt.o
                0x000000004000214c                cm_init_my_context
 .text.cm_prepare_el3_exit
                0x000000004000217c       0xd4 /home/lodge/Allwinner/orangepi-build/external/cache/sources/arm-trusted-firmware-sunxi-mainline/master/build/sun50i_h616/debug/bl31/context_mgmt.o
                0x000000004000217c                cm_prepare_el3_exit
 .text.cm_prepare_el3_exit_ns
                0x0000000040002250        0x8 /home/lodge/Allwinner/orangepi-build/external/cache/sources/arm-trusted-firmware-sunxi-mainline/master/build/sun50i_h616/debug/bl31/context_mgmt.o
                0x0000000040002250                cm_prepare_el3_exit_ns
 .text.cm_set_context_by_index
                0x0000000040002258       0x40 /home/lodge/Allwinner/orangepi-build/external/cache/sources/arm-trusted-firmware-sunxi-mainline/master/build/sun50i_h616/debug/bl31/bl31_context_mgmt.o
                0x0000000040002258                cm_set_context_by_index
 .text.cm_set_next_eret_context
                0x0000000040002298       0x4c /home/lodge/Allwinner/orangepi-build/external/cache/sources/arm-trusted-firmware-sunxi-mainline/master/build/sun50i_h616/debug/bl31/context_mgmt.o
                0x0000000040002298                cm_set_next_eret_context
 .text.cm_setup_context
                0x00000000400022e4      0x1d0 /home/lodge/Allwinner/orangepi-build/external/cache/sources/arm-trusted-firmware-sunxi-mainline/master/build/sun50i_h616/debug/bl31/context_mgmt.o
                0x00000000400022e4                cm_setup_context
 .text.console_flush
                0x00000000400024b4       0x54 /home/lodge/Allwinner/orangepi-build/external/cache/sources/arm-trusted-firmware-sunxi-mainline/master/build/sun50i_h616/debug/bl31/multi_console.o
                0x00000000400024b4                console_flush
 .text.console_is_registered
                0x0000000040002508       0x48 /home/lodge/Allwinner/orangepi-build/external/cache/sources/arm-trusted-firmware-sunxi-mainline/master/build/sun50i_h616/debug/bl31/multi_console.o
                0x0000000040002508                console_is_registered
 .text.console_putc
                0x0000000040002550       0x9c /home/lodge/Allwinner/orangepi-build/external/cache/sources/arm-trusted-firmware-sunxi-mainline/master/build/sun50i_h616/debug/bl31/multi_console.o
                0x0000000040002550                console_putc
 .text.console_register
                0x00000000400025ec       0x70 /home/lodge/Allwinner/orangepi-build/external/cache/sources/arm-trusted-firmware-sunxi-mainline/master/build/sun50i_h616/debug/bl31/multi_console.o
                0x00000000400025ec                console_register
 .text.console_switch_state
                0x000000004000265c        0xc /home/lodge/Allwinner/orangepi-build/external/cache/sources/arm-trusted-firmware-sunxi-mainline/master/build/sun50i_h616/debug/bl31/multi_console.o
                0x000000004000265c                console_switch_state
 .text.cpu_to_fdt32
                0x0000000040002668        0x8 /home/lodge/Allwinner/orangepi-build/external/cache/sources/arm-trusted-firmware-sunxi-mainline/master/build/sun50i_h616/debug/bl31/fdt_fixup.o
 .text.cpu_to_fdt32
                0x0000000040002670        0x8 /home/lodge/Allwinner/orangepi-build/external/cache/sources/arm-trusted-firmware-sunxi-mainline/master/build/sun50i_h616/debug/lib/libfdt.a(fdt_rw.o)
 .text.enable_mmu_el3
                0x0000000040002678       0x48 /home/lodge/Allwinner/orangepi-build/external/cache/sources/arm-trusted-firmware-sunxi-mainline/master/build/sun50i_h616/debug/bl31/xlat_tables_context.o
                0x0000000040002678                enable_mmu_el3
 .text.errata_needs_reporting
                0x00000000400026c0       0x60 /home/lodge/Allwinner/orangepi-build/external/cache/sources/arm-trusted-firmware-sunxi-mainline/master/build/sun50i_h616/debug/bl31/errata_report.o
                0x00000000400026c0                errata_needs_reporting
 .text.errata_print_msg
                0x0000000040002720       0x98 /home/lodge/Allwinner/orangepi-build/external/cache/sources/arm-trusted-firmware-sunxi-mainline/master/build/sun50i_h616/debug/bl31/errata_report.o
                0x0000000040002720                errata_print_msg
 .text.fdt32_ld
                0x00000000400027b8       0x24 /home/lodge/Allwinner/orangepi-build/external/cache/sources/arm-trusted-firmware-sunxi-mainline/master/build/sun50i_h616/debug/lib/libfdt.a(fdt.o)
 .text.fdt32_ld
                0x00000000400027dc       0x24 /home/lodge/Allwinner/orangepi-build/external/cache/sources/arm-trusted-firmware-sunxi-mainline/master/build/sun50i_h616/debug/lib/libfdt.a(fdt_ro.o)
 .text.fdt32_ld
                0x0000000040002800       0x24 /home/lodge/Allwinner/orangepi-build/external/cache/sources/arm-trusted-firmware-sunxi-mainline/master/build/sun50i_h616/debug/lib/libfdt.a(fdt_rw.o)
 .text.fdt64_ld
                0x0000000040002824       0x44 /home/lodge/Allwinner/orangepi-build/external/cache/sources/arm-trusted-firmware-sunxi-mainline/master/build/sun50i_h616/debug/lib/libfdt.a(fdt_ro.o)
 .text.fdt_add_property_
                0x0000000040002868      0x1a8 /home/lodge/Allwinner/orangepi-build/external/cache/sources/arm-trusted-firmware-sunxi-mainline/master/build/sun50i_h616/debug/lib/libfdt.a(fdt_rw.o)
 .text.fdt_add_reserved_memory
                0x0000000040002a10      0x194 /home/lodge/Allwinner/orangepi-build/external/cache/sources/arm-trusted-firmware-sunxi-mainline/master/build/sun50i_h616/debug/bl31/fdt_fixup.o
                0x0000000040002a10                fdt_add_reserved_memory
 .text.fdt_add_subnode
                0x0000000040002ba4       0x44 /home/lodge/Allwinner/orangepi-build/external/cache/sources/arm-trusted-firmware-sunxi-mainline/master/build/sun50i_h616/debug/lib/libfdt.a(fdt_rw.o)
                0x0000000040002ba4                fdt_add_subnode
 .text.fdt_add_subnode_namelen
                0x0000000040002be8      0x120 /home/lodge/Allwinner/orangepi-build/external/cache/sources/arm-trusted-firmware-sunxi-mainline/master/build/sun50i_h616/debug/lib/libfdt.a(fdt_rw.o)
                0x0000000040002be8                fdt_add_subnode_namelen
 .text.fdt_address_cells
                0x0000000040002d08       0x34 /home/lodge/Allwinner/orangepi-build/external/cache/sources/arm-trusted-firmware-sunxi-mainline/master/build/sun50i_h616/debug/lib/libfdt.a(fdt_addresses.o)
                0x0000000040002d08                fdt_address_cells
 .text.fdt_blocks_misordered_
                0x0000000040002d3c       0x88 /home/lodge/Allwinner/orangepi-build/external/cache/sources/arm-trusted-firmware-sunxi-mainline/master/build/sun50i_h616/debug/lib/libfdt.a(fdt_rw.o)
 .text.fdt_cells
                0x0000000040002dc4       0x60 /home/lodge/Allwinner/orangepi-build/external/cache/sources/arm-trusted-firmware-sunxi-mainline/master/build/sun50i_h616/debug/lib/libfdt.a(fdt_addresses.o)
 .text.fdt_check_header
                0x0000000040002e24      0x128 /home/lodge/Allwinner/orangepi-build/external/cache/sources/arm-trusted-firmware-sunxi-mainline/master/build/sun50i_h616/debug/lib/libfdt.a(fdt.o)
                0x0000000040002e24                fdt_check_header
 .text.fdt_check_node_offset_
                0x0000000040002f4c       0x40 /home/lodge/Allwinner/orangepi-build/external/cache/sources/arm-trusted-firmware-sunxi-mainline/master/build/sun50i_h616/debug/lib/libfdt.a(fdt.o)
                0x0000000040002f4c                fdt_check_node_offset_
 .text.fdt_check_prop_offset_
                0x0000000040002f8c       0x40 /home/lodge/Allwinner/orangepi-build/external/cache/sources/arm-trusted-firmware-sunxi-mainline/master/build/sun50i_h616/debug/lib/libfdt.a(fdt.o)
                0x0000000040002f8c                fdt_check_prop_offset_
 .text.fdt_find_string_
                0x0000000040002fcc       0x70 /home/lodge/Allwinner/orangepi-build/external/cache/sources/arm-trusted-firmware-sunxi-mainline/master/build/sun50i_h616/debug/lib/libfdt.a(fdt.o)
                0x0000000040002fcc                fdt_find_string_
 .text.fdt_first_property_offset
                0x000000004000303c       0x38 /home/lodge/Allwinner/orangepi-build/external/cache/sources/arm-trusted-firmware-sunxi-mainline/master/build/sun50i_h616/debug/lib/libfdt.a(fdt_ro.o)
                0x000000004000303c                fdt_first_property_offset
 .text.fdt_first_subnode
                0x0000000040003074       0x34 /home/lodge/Allwinner/orangepi-build/external/cache/sources/arm-trusted-firmware-sunxi-mainline/master/build/sun50i_h616/debug/lib/libfdt.a(fdt.o)
                0x0000000040003074                fdt_first_subnode
 .text.fdt_get_alias_namelen
                0x00000000400030a8       0x64 /home/lodge/Allwinner/orangepi-build/external/cache/sources/arm-trusted-firmware-sunxi-mainline/master/build/sun50i_h616/debug/lib/libfdt.a(fdt_ro.o)
                0x00000000400030a8                fdt_get_alias_namelen
 .text.fdt_get_name
                0x000000004000310c       0xac /home/lodge/Allwinner/orangepi-build/external/cache/sources/arm-trusted-firmware-sunxi-mainline/master/build/sun50i_h616/debug/lib/libfdt.a(fdt_ro.o)
                0x000000004000310c                fdt_get_name
 .text.fdt_get_property
                0x00000000400031b8       0x4c /home/lodge/Allwinner/orangepi-build/external/cache/sources/arm-trusted-firmware-sunxi-mainline/master/build/sun50i_h616/debug/lib/libfdt.a(fdt_ro.o)
                0x00000000400031b8                fdt_get_property
 .text.fdt_get_property_by_offset_
                0x0000000040003204       0x68 /home/lodge/Allwinner/orangepi-build/external/cache/sources/arm-trusted-firmware-sunxi-mainline/master/build/sun50i_h616/debug/lib/libfdt.a(fdt_ro.o)
 .text.fdt_get_property_namelen
                0x000000004000326c       0x54 /home/lodge/Allwinner/orangepi-build/external/cache/sources/arm-trusted-firmware-sunxi-mainline/master/build/sun50i_h616/debug/lib/libfdt.a(fdt_ro.o)
                0x000000004000326c                fdt_get_property_namelen
 .text.fdt_get_property_namelen_
                0x00000000400032c0       0xd8 /home/lodge/Allwinner/orangepi-build/external/cache/sources/arm-trusted-firmware-sunxi-mainline/master/build/sun50i_h616/debug/lib/libfdt.a(fdt_ro.o)
 .text.fdt_get_string
                0x0000000040003398      0x114 /home/lodge/Allwinner/orangepi-build/external/cache/sources/arm-trusted-firmware-sunxi-mainline/master/build/sun50i_h616/debug/lib/libfdt.a(fdt_ro.o)
                0x0000000040003398                fdt_get_string
 .text.fdt_getprop
                0x00000000400034ac       0x4c /home/lodge/Allwinner/orangepi-build/external/cache/sources/arm-trusted-firmware-sunxi-mainline/master/build/sun50i_h616/debug/lib/libfdt.a(fdt_ro.o)
                0x00000000400034ac                fdt_getprop
 .text.fdt_getprop_namelen
                0x00000000400034f8       0x6c /home/lodge/Allwinner/orangepi-build/external/cache/sources/arm-trusted-firmware-sunxi-mainline/master/build/sun50i_h616/debug/lib/libfdt.a(fdt_ro.o)
                0x00000000400034f8                fdt_getprop_namelen
 .text.fdt_header_size
                0x0000000040003564       0x18 /home/lodge/Allwinner/orangepi-build/external/cache/sources/arm-trusted-firmware-sunxi-mainline/master/build/sun50i_h616/debug/lib/libfdt.a(fdt.o)
                0x0000000040003564                fdt_header_size
 .text.fdt_header_size_
                0x000000004000357c       0x34 /home/lodge/Allwinner/orangepi-build/external/cache/sources/arm-trusted-firmware-sunxi-mainline/master/build/sun50i_h616/debug/lib/libfdt.a(fdt.o)
                0x000000004000357c                fdt_header_size_
 .text.fdt_mem_rsv
                0x00000000400035b0       0x58 /home/lodge/Allwinner/orangepi-build/external/cache/sources/arm-trusted-firmware-sunxi-mainline/master/build/sun50i_h616/debug/lib/libfdt.a(fdt_ro.o)
 .text.fdt_move
                0x0000000040003608       0x5c /home/lodge/Allwinner/orangepi-build/external/cache/sources/arm-trusted-firmware-sunxi-mainline/master/build/sun50i_h616/debug/lib/libfdt.a(fdt.o)
                0x0000000040003608                fdt_move
 .text.fdt_next_node
                0x0000000040003664       0xb0 /home/lodge/Allwinner/orangepi-build/external/cache/sources/arm-trusted-firmware-sunxi-mainline/master/build/sun50i_h616/debug/lib/libfdt.a(fdt.o)
                0x0000000040003664                fdt_next_node
 .text.fdt_next_property_offset
                0x0000000040003714       0x38 /home/lodge/Allwinner/orangepi-build/external/cache/sources/arm-trusted-firmware-sunxi-mainline/master/build/sun50i_h616/debug/lib/libfdt.a(fdt_ro.o)
                0x0000000040003714                fdt_next_property_offset
 .text.fdt_next_subnode
                0x000000004000374c       0x50 /home/lodge/Allwinner/orangepi-build/external/cache/sources/arm-trusted-firmware-sunxi-mainline/master/build/sun50i_h616/debug/lib/libfdt.a(fdt.o)
                0x000000004000374c                fdt_next_subnode
 .text.fdt_next_tag
                0x000000004000379c      0x130 /home/lodge/Allwinner/orangepi-build/external/cache/sources/arm-trusted-firmware-sunxi-mainline/master/build/sun50i_h616/debug/lib/libfdt.a(fdt.o)
                0x000000004000379c                fdt_next_tag
 .text.fdt_node_check_compatible
                0x00000000400038cc       0x4c /home/lodge/Allwinner/orangepi-build/external/cache/sources/arm-trusted-firmware-sunxi-mainline/master/build/sun50i_h616/debug/lib/libfdt.a(fdt_ro.o)
                0x00000000400038cc                fdt_node_check_compatible
 .text.fdt_node_offset_by_compatible
                0x0000000040003918       0x84 /home/lodge/Allwinner/orangepi-build/external/cache/sources/arm-trusted-firmware-sunxi-mainline/master/build/sun50i_h616/debug/lib/libfdt.a(fdt_ro.o)
                0x0000000040003918                fdt_node_offset_by_compatible
 .text.fdt_num_mem_rsv
                0x000000004000399c       0x44 /home/lodge/Allwinner/orangepi-build/external/cache/sources/arm-trusted-firmware-sunxi-mainline/master/build/sun50i_h616/debug/lib/libfdt.a(fdt_ro.o)
                0x000000004000399c                fdt_num_mem_rsv
 .text.fdt_offset_ptr
                0x00000000400039e0       0x88 /home/lodge/Allwinner/orangepi-build/external/cache/sources/arm-trusted-firmware-sunxi-mainline/master/build/sun50i_h616/debug/lib/libfdt.a(fdt.o)
                0x00000000400039e0                fdt_offset_ptr
 .text.fdt_open_into
                0x0000000040003a68      0x1b0 /home/lodge/Allwinner/orangepi-build/external/cache/sources/arm-trusted-firmware-sunxi-mainline/master/build/sun50i_h616/debug/lib/libfdt.a(fdt_rw.o)
                0x0000000040003a68                fdt_open_into
 .text.fdt_pack
                0x0000000040003c18       0x78 /home/lodge/Allwinner/orangepi-build/external/cache/sources/arm-trusted-firmware-sunxi-mainline/master/build/sun50i_h616/debug/lib/libfdt.a(fdt_rw.o)
                0x0000000040003c18                fdt_pack
 .text.fdt_packblocks_
                0x0000000040003c90       0xdc /home/lodge/Allwinner/orangepi-build/external/cache/sources/arm-trusted-firmware-sunxi-mainline/master/build/sun50i_h616/debug/lib/libfdt.a(fdt_rw.o)
 .text.fdt_path_offset
                0x0000000040003d6c       0x34 /home/lodge/Allwinner/orangepi-build/external/cache/sources/arm-trusted-firmware-sunxi-mainline/master/build/sun50i_h616/debug/lib/libfdt.a(fdt_ro.o)
                0x0000000040003d6c                fdt_path_offset
 .text.fdt_path_offset_namelen
                0x0000000040003da0      0x100 /home/lodge/Allwinner/orangepi-build/external/cache/sources/arm-trusted-firmware-sunxi-mainline/master/build/sun50i_h616/debug/lib/libfdt.a(fdt_ro.o)
                0x0000000040003da0                fdt_path_offset_namelen
 .text.fdt_ro_probe_
                0x0000000040003ea0       0x9c /home/lodge/Allwinner/orangepi-build/external/cache/sources/arm-trusted-firmware-sunxi-mainline/master/build/sun50i_h616/debug/lib/libfdt.a(fdt.o)
                0x0000000040003ea0                fdt_ro_probe_
 .text.fdt_rw_probe_
                0x0000000040003f3c       0x74 /home/lodge/Allwinner/orangepi-build/external/cache/sources/arm-trusted-firmware-sunxi-mainline/master/build/sun50i_h616/debug/lib/libfdt.a(fdt_rw.o)
 .text.fdt_setprop
                0x0000000040003fb0       0x54 /home/lodge/Allwinner/orangepi-build/external/cache/sources/arm-trusted-firmware-sunxi-mainline/master/build/sun50i_h616/debug/lib/libfdt.a(fdt_rw.o)
                0x0000000040003fb0                fdt_setprop
 .text.fdt_setprop_placeholder
                0x0000000040004004       0xdc /home/lodge/Allwinner/orangepi-build/external/cache/sources/arm-trusted-firmware-sunxi-mainline/master/build/sun50i_h616/debug/lib/libfdt.a(fdt_rw.o)
                0x0000000040004004                fdt_setprop_placeholder
 .text.fdt_setprop_u32
                0x00000000400040e0       0x30 /home/lodge/Allwinner/orangepi-build/external/cache/sources/arm-trusted-firmware-sunxi-mainline/master/build/sun50i_h616/debug/bl31/fdt_fixup.o
 .text.fdt_size_cells
                0x0000000040004110       0x28 /home/lodge/Allwinner/orangepi-build/external/cache/sources/arm-trusted-firmware-sunxi-mainline/master/build/sun50i_h616/debug/lib/libfdt.a(fdt_addresses.o)
                0x0000000040004110                fdt_size_cells
 .text.fdt_splice_
                0x0000000040004138       0xa8 /home/lodge/Allwinner/orangepi-build/external/cache/sources/arm-trusted-firmware-sunxi-mainline/master/build/sun50i_h616/debug/lib/libfdt.a(fdt_rw.o)
 .text.fdt_splice_struct_
                0x00000000400041e0       0x68 /home/lodge/Allwinner/orangepi-build/external/cache/sources/arm-trusted-firmware-sunxi-mainline/master/build/sun50i_h616/debug/lib/libfdt.a(fdt_rw.o)
 .text.fdt_stringlist_contains
                0x0000000040004248       0x98 /home/lodge/Allwinner/orangepi-build/external/cache/sources/arm-trusted-firmware-sunxi-mainline/master/build/sun50i_h616/debug/lib/libfdt.a(fdt_ro.o)
                0x0000000040004248                fdt_stringlist_contains
 .text.fdt_subnode_offset
                0x00000000400042e0       0x44 /home/lodge/Allwinner/orangepi-build/external/cache/sources/arm-trusted-firmware-sunxi-mainline/master/build/sun50i_h616/debug/lib/libfdt.a(fdt_ro.o)
                0x00000000400042e0                fdt_subnode_offset
 .text.fdt_subnode_offset_namelen
                0x0000000040004324       0xe8 /home/lodge/Allwinner/orangepi-build/external/cache/sources/arm-trusted-firmware-sunxi-mainline/master/build/sun50i_h616/debug/lib/libfdt.a(fdt_ro.o)
                0x0000000040004324                fdt_subnode_offset_namelen
 .text.generic_delay_timer_init
                0x000000004000440c       0x44 /home/lodge/Allwinner/orangepi-build/external/cache/sources/arm-trusted-firmware-sunxi-mainline/master/build/sun50i_h616/debug/bl31/generic_delay_timer.o
                0x000000004000440c                generic_delay_timer_init
 .text.generic_delay_timer_init_args
                0x0000000040004450       0x20 /home/lodge/Allwinner/orangepi-build/external/cache/sources/arm-trusted-firmware-sunxi-mainline/master/build/sun50i_h616/debug/bl31/generic_delay_timer.o
                0x0000000040004450                generic_delay_timer_init_args
 .text.get_arm_std_svc_args
                0x0000000040004470       0x30 /home/lodge/Allwinner/orangepi-build/external/cache/sources/arm-trusted-firmware-sunxi-mainline/master/build/sun50i_h616/debug/bl31/bl31_main.o
                0x0000000040004470                get_arm_std_svc_args
 .text.get_interrupt_type_handler
                0x00000000400044a0       0x24 /home/lodge/Allwinner/orangepi-build/external/cache/sources/arm-trusted-firmware-sunxi-mainline/master/build/sun50i_h616/debug/bl31/interrupt_mgmt.o
                0x00000000400044a0                get_interrupt_type_handler
 .text.get_scr_el3_from_routing_model
                0x00000000400044c4       0x50 /home/lodge/Allwinner/orangepi-build/external/cache/sources/arm-trusted-firmware-sunxi-mainline/master/build/sun50i_h616/debug/bl31/interrupt_mgmt.o
                0x00000000400044c4                get_scr_el3_from_routing_model
 .text.get_timer_value
                0x0000000040004514        0xc /home/lodge/Allwinner/orangepi-build/external/cache/sources/arm-trusted-firmware-sunxi-mainline/master/build/sun50i_h616/debug/bl31/generic_delay_timer.o
 .text.gicd_clr_igroupr
                0x0000000040004520       0x30 /home/lodge/Allwinner/orangepi-build/external/cache/sources/arm-trusted-firmware-sunxi-mainline/master/build/sun50i_h616/debug/bl31/gicdv2_helpers.o
                0x0000000040004520                gicd_clr_igroupr
 .text.gicd_read_icfgr
                0x0000000040004550       0x14 /home/lodge/Allwinner/orangepi-build/external/cache/sources/arm-trusted-firmware-sunxi-mainline/master/build/sun50i_h616/debug/bl31/gicdv2_helpers.o
                0x0000000040004550                gicd_read_icfgr
 .text.gicd_read_igroupr
                0x0000000040004564       0x14 /home/lodge/Allwinner/orangepi-build/external/cache/sources/arm-trusted-firmware-sunxi-mainline/master/build/sun50i_h616/debug/bl31/gicdv2_helpers.o
                0x0000000040004564                gicd_read_igroupr
 .text.gicd_set_icfgr
                0x0000000040004578       0x40 /home/lodge/Allwinner/orangepi-build/external/cache/sources/arm-trusted-firmware-sunxi-mainline/master/build/sun50i_h616/debug/bl31/gicdv2_helpers.o
                0x0000000040004578                gicd_set_icfgr
 .text.gicd_set_ipriorityr
                0x00000000400045b8       0x14 /home/lodge/Allwinner/orangepi-build/external/cache/sources/arm-trusted-firmware-sunxi-mainline/master/build/sun50i_h616/debug/bl31/gicdv2_helpers.o
                0x00000000400045b8                gicd_set_ipriorityr
 .text.gicd_set_isenabler
                0x00000000400045cc        0xc /home/lodge/Allwinner/orangepi-build/external/cache/sources/arm-trusted-firmware-sunxi-mainline/master/build/sun50i_h616/debug/bl31/gicdv2_helpers.o
                0x00000000400045cc                gicd_set_isenabler
 .text.gicd_write_icenabler
                0x00000000400045d8       0x14 /home/lodge/Allwinner/orangepi-build/external/cache/sources/arm-trusted-firmware-sunxi-mainline/master/build/sun50i_h616/debug/bl31/gicdv2_helpers.o
                0x00000000400045d8                gicd_write_icenabler
 .text.gicd_write_icfgr
                0x00000000400045ec       0x14 /home/lodge/Allwinner/orangepi-build/external/cache/sources/arm-trusted-firmware-sunxi-mainline/master/build/sun50i_h616/debug/bl31/gicdv2_helpers.o
                0x00000000400045ec                gicd_write_icfgr
 .text.gicd_write_igroupr
                0x0000000040004600       0x14 /home/lodge/Allwinner/orangepi-build/external/cache/sources/arm-trusted-firmware-sunxi-mainline/master/build/sun50i_h616/debug/bl31/gicdv2_helpers.o
                0x0000000040004600                gicd_write_igroupr
 .text.gicd_write_ipriorityr
                0x0000000040004614       0x10 /home/lodge/Allwinner/orangepi-build/external/cache/sources/arm-trusted-firmware-sunxi-mainline/master/build/sun50i_h616/debug/bl31/gicdv2_helpers.o
                0x0000000040004614                gicd_write_ipriorityr
 .text.gicd_write_isenabler
                0x0000000040004624       0x14 /home/lodge/Allwinner/orangepi-build/external/cache/sources/arm-trusted-firmware-sunxi-mainline/master/build/sun50i_h616/debug/bl31/gicdv2_helpers.o
                0x0000000040004624                gicd_write_isenabler
 .text.gicv2_cpuif_disable
                0x0000000040004638       0x4c /home/lodge/Allwinner/orangepi-build/external/cache/sources/arm-trusted-firmware-sunxi-mainline/master/build/sun50i_h616/debug/bl31/gicv2_main.o
                0x0000000040004638                gicv2_cpuif_disable
 .text.gicv2_cpuif_enable
                0x0000000040004684       0x4c /home/lodge/Allwinner/orangepi-build/external/cache/sources/arm-trusted-firmware-sunxi-mainline/master/build/sun50i_h616/debug/bl31/gicv2_main.o
                0x0000000040004684                gicv2_cpuif_enable
 .text.gicv2_distif_init
                0x00000000400046d0       0x78 /home/lodge/Allwinner/orangepi-build/external/cache/sources/arm-trusted-firmware-sunxi-mainline/master/build/sun50i_h616/debug/bl31/gicv2_main.o
                0x00000000400046d0                gicv2_distif_init
 .text.gicv2_driver_init
                0x0000000040004748       0x88 /home/lodge/Allwinner/orangepi-build/external/cache/sources/arm-trusted-firmware-sunxi-mainline/master/build/sun50i_h616/debug/bl31/gicv2_main.o
                0x0000000040004748                gicv2_driver_init
 .text.gicv2_get_pending_interrupt_type
                0x00000000400047d0       0x44 /home/lodge/Allwinner/orangepi-build/external/cache/sources/arm-trusted-firmware-sunxi-mainline/master/build/sun50i_h616/debug/bl31/gicv2_main.o
                0x00000000400047d0                gicv2_get_pending_interrupt_type
 .text.gicv2_pcpu_distif_init
                0x0000000040004814       0x68 /home/lodge/Allwinner/orangepi-build/external/cache/sources/arm-trusted-firmware-sunxi-mainline/master/build/sun50i_h616/debug/bl31/gicv2_main.o
                0x0000000040004814                gicv2_pcpu_distif_init
 .text.gicv2_secure_ppi_sgi_setup_props
                0x000000004000487c      0x114 /home/lodge/Allwinner/orangepi-build/external/cache/sources/arm-trusted-firmware-sunxi-mainline/master/build/sun50i_h616/debug/bl31/gicv2_helpers.o
                0x000000004000487c                gicv2_secure_ppi_sgi_setup_props
 .text.gicv2_secure_spis_configure_props
                0x0000000040004990       0xe4 /home/lodge/Allwinner/orangepi-build/external/cache/sources/arm-trusted-firmware-sunxi-mainline/master/build/sun50i_h616/debug/bl31/gicv2_helpers.o
                0x0000000040004990                gicv2_secure_spis_configure_props
 .text.gicv2_spis_configure_defaults
                0x0000000040004a74       0x9c /home/lodge/Allwinner/orangepi-build/external/cache/sources/arm-trusted-firmware-sunxi-mainline/master/build/sun50i_h616/debug/bl31/gicv2_helpers.o
                0x0000000040004a74                gicv2_spis_configure_defaults
 .text.init_xlat_tables
                0x0000000040004b10       0x68 /home/lodge/Allwinner/orangepi-build/external/cache/sources/arm-trusted-firmware-sunxi-mainline/master/build/sun50i_h616/debug/bl31/xlat_tables_context.o
                0x0000000040004b10                init_xlat_tables
 .text.init_xlat_tables_ctx
                0x0000000040004b78      0x1c8 /home/lodge/Allwinner/orangepi-build/external/cache/sources/arm-trusted-firmware-sunxi-mainline/master/build/sun50i_h616/debug/bl31/xlat_tables_core.o
                0x0000000040004b78                init_xlat_tables_ctx
 .text.is_mmu_enabled_ctx
                0x0000000040004d40       0x8c /home/lodge/Allwinner/orangepi-build/external/cache/sources/arm-trusted-firmware-sunxi-mainline/master/build/sun50i_h616/debug/bl31/xlat_tables_arch.o
                0x0000000040004d40                is_mmu_enabled_ctx
 .text.mdelay   0x0000000040004dcc       0x34 /home/lodge/Allwinner/orangepi-build/external/cache/sources/arm-trusted-firmware-sunxi-mainline/master/build/sun50i_h616/debug/bl31/delay_timer.o
                0x0000000040004dcc                mdelay
 .text.memchr   0x0000000040004e00       0x2c /home/lodge/Allwinner/orangepi-build/external/cache/sources/arm-trusted-firmware-sunxi-mainline/master/build/sun50i_h616/debug/lib/libc.a(memchr.o)
                0x0000000040004e00                memchr
 .text.memcmp   0x0000000040004e2c       0x34 /home/lodge/Allwinner/orangepi-build/external/cache/sources/arm-trusted-firmware-sunxi-mainline/master/build/sun50i_h616/debug/lib/libc.a(memcmp.o)
                0x0000000040004e2c                memcmp
 .text.memcpy   0x0000000040004e60       0x20 /home/lodge/Allwinner/orangepi-build/external/cache/sources/arm-trusted-firmware-sunxi-mainline/master/build/sun50i_h616/debug/lib/libc.a(memcpy.o)
                0x0000000040004e60                memcpy
 .text.memmove  0x0000000040004e80       0x34 /home/lodge/Allwinner/orangepi-build/external/cache/sources/arm-trusted-firmware-sunxi-mainline/master/build/sun50i_h616/debug/lib/libc.a(memmove.o)
                0x0000000040004e80                memmove
 .text.memset   0x0000000040004eb4       0x78 /home/lodge/Allwinner/orangepi-build/external/cache/sources/arm-trusted-firmware-sunxi-mainline/master/build/sun50i_h616/debug/lib/libc.a(memset.o)
                0x0000000040004eb4                memset
 .text.mmap_add
                0x0000000040004f2c       0x10 /home/lodge/Allwinner/orangepi-build/external/cache/sources/arm-trusted-firmware-sunxi-mainline/master/build/sun50i_h616/debug/bl31/xlat_tables_context.o
                0x0000000040004f2c                mmap_add
 .text.mmap_add_ctx
                0x0000000040004f3c       0x3c /home/lodge/Allwinner/orangepi-build/external/cache/sources/arm-trusted-firmware-sunxi-mainline/master/build/sun50i_h616/debug/bl31/xlat_tables_core.o
                0x0000000040004f3c                mmap_add_ctx
 .text.mmap_add_region
                0x0000000040004f78       0x34 /home/lodge/Allwinner/orangepi-build/external/cache/sources/arm-trusted-firmware-sunxi-mainline/master/build/sun50i_h616/debug/bl31/xlat_tables_context.o
                0x0000000040004f78                mmap_add_region
 .text.mmap_add_region_ctx
                0x0000000040004fac      0x25c /home/lodge/Allwinner/orangepi-build/external/cache/sources/arm-trusted-firmware-sunxi-mainline/master/build/sun50i_h616/debug/bl31/xlat_tables_core.o
                0x0000000040004fac                mmap_add_region_ctx
 .text.nextprop_
                0x0000000040005208       0x64 /home/lodge/Allwinner/orangepi-build/external/cache/sources/arm-trusted-firmware-sunxi-mainline/master/build/sun50i_h616/debug/lib/libfdt.a(fdt_ro.o)
 .text.plat_core_pos_by_mpidr
                0x000000004000526c       0x34 /home/lodge/Allwinner/orangepi-build/external/cache/sources/arm-trusted-firmware-sunxi-mainline/master/build/sun50i_h616/debug/bl31/sunxi_topology.o
                0x000000004000526c                plat_core_pos_by_mpidr
 .text.plat_default_ea_handler
                0x00000000400052a0       0x84 /home/lodge/Allwinner/orangepi-build/external/cache/sources/arm-trusted-firmware-sunxi-mainline/master/build/sun50i_h616/debug/bl31/plat_common.o
                0x00000000400052a0                plat_ea_handler
                0x00000000400052a0                plat_default_ea_handler
 .text.plat_get_power_domain_tree_desc
                0x0000000040005324        0xc /home/lodge/Allwinner/orangepi-build/external/cache/sources/arm-trusted-firmware-sunxi-mainline/master/build/sun50i_h616/debug/bl31/sunxi_topology.o
                0x0000000040005324                plat_get_power_domain_tree_desc
 .text.plat_get_soc_revision
                0x0000000040005330       0x14 /home/lodge/Allwinner/orangepi-build/external/cache/sources/arm-trusted-firmware-sunxi-mainline/master/build/sun50i_h616/debug/bl31/sunxi_common.o
                0x0000000040005330                plat_get_soc_revision
 .text.plat_get_soc_version
                0x0000000040005344       0x20 /home/lodge/Allwinner/orangepi-build/external/cache/sources/arm-trusted-firmware-sunxi-mainline/master/build/sun50i_h616/debug/bl31/sunxi_common.o
                0x0000000040005344                plat_get_soc_version
 .text.plat_get_syscnt_freq2
                0x0000000040005364        0xc /home/lodge/Allwinner/orangepi-build/external/cache/sources/arm-trusted-firmware-sunxi-mainline/master/build/sun50i_h616/debug/bl31/sunxi_common.o
                0x0000000040005364                plat_get_syscnt_freq2
 .text.plat_get_target_pwr_state
                0x0000000040005370       0x44 /home/lodge/Allwinner/orangepi-build/external/cache/sources/arm-trusted-firmware-sunxi-mainline/master/build/sun50i_h616/debug/bl31/plat_psci_common.o
                0x0000000040005370                plat_get_target_pwr_state
 .text.plat_ic_get_pending_interrupt_type
                0x00000000400053b4       0x30 /home/lodge/Allwinner/orangepi-build/external/cache/sources/arm-trusted-firmware-sunxi-mainline/master/build/sun50i_h616/debug/bl31/plat_gicv2.o
                0x00000000400053b4                plat_ic_get_pending_interrupt_type
 .text.plat_is_smccc_feature_available
                0x00000000400053e4       0x14 /home/lodge/Allwinner/orangepi-build/external/cache/sources/arm-trusted-firmware-sunxi-mainline/master/build/sun50i_h616/debug/bl31/sunxi_common.o
                0x00000000400053e4                plat_is_smccc_feature_available
 .text.plat_log_get_prefix
                0x00000000400053f8       0x30 /home/lodge/Allwinner/orangepi-build/external/cache/sources/arm-trusted-firmware-sunxi-mainline/master/build/sun50i_h616/debug/bl31/plat_log_common.o
                0x00000000400053f8                plat_log_get_prefix
 .text.plat_setup_psci_ops
                0x0000000040005428       0x84 /home/lodge/Allwinner/orangepi-build/external/cache/sources/arm-trusted-firmware-sunxi-mainline/master/build/sun50i_h616/debug/bl31/sunxi_pm.o
                0x0000000040005428                plat_setup_psci_ops
 .text.print_entry_point_info
                0x00000000400054ac       0x38 /home/lodge/Allwinner/orangepi-build/external/cache/sources/arm-trusted-firmware-sunxi-mainline/master/build/sun50i_h616/debug/bl31/bl_common.o
                0x00000000400054ac                print_entry_point_info
 .text.printf   0x00000000400054e4       0x54 /home/lodge/Allwinner/orangepi-build/external/cache/sources/arm-trusted-firmware-sunxi-mainline/master/build/sun50i_h616/debug/lib/libc.a(printf.o)
                0x00000000400054e4                printf
 .text.psci_acquire_pwr_domain_locks
                0x0000000040005538       0x6c /home/lodge/Allwinner/orangepi-build/external/cache/sources/arm-trusted-firmware-sunxi-mainline/master/build/sun50i_h616/debug/bl31/psci_common.o
                0x0000000040005538                psci_acquire_pwr_domain_locks
 .text.psci_affinity_info
                0x00000000400055a4       0x58 /home/lodge/Allwinner/orangepi-build/external/cache/sources/arm-trusted-firmware-sunxi-mainline/master/build/sun50i_h616/debug/bl31/psci_main.o
                0x00000000400055a4                psci_affinity_info
 .text.psci_arch_setup
                0x00000000400055fc       0x20 /home/lodge/Allwinner/orangepi-build/external/cache/sources/arm-trusted-firmware-sunxi-mainline/master/build/sun50i_h616/debug/bl31/psci_setup.o
                0x00000000400055fc                psci_arch_setup
 .text.psci_cpu_off
                0x000000004000561c       0x30 /home/lodge/Allwinner/orangepi-build/external/cache/sources/arm-trusted-firmware-sunxi-mainline/master/build/sun50i_h616/debug/bl31/psci_main.o
                0x000000004000561c                psci_cpu_off
 .text.psci_cpu_on
                0x000000004000564c       0x5c /home/lodge/Allwinner/orangepi-build/external/cache/sources/arm-trusted-firmware-sunxi-mainline/master/build/sun50i_h616/debug/bl31/psci_main.o
                0x000000004000564c                psci_cpu_on
 .text.psci_cpu_on_finish
                0x00000000400056a8       0xf0 /home/lodge/Allwinner/orangepi-build/external/cache/sources/arm-trusted-firmware-sunxi-mainline/master/build/sun50i_h616/debug/bl31/psci_on.o
                0x00000000400056a8                psci_cpu_on_finish
 .text.psci_cpu_on_start
                0x0000000040005798      0x1ec /home/lodge/Allwinner/orangepi-build/external/cache/sources/arm-trusted-firmware-sunxi-mainline/master/build/sun50i_h616/debug/bl31/psci_on.o
                0x0000000040005798                psci_cpu_on_start
 .text.psci_cpu_suspend
                0x0000000040005984      0x11c /home/lodge/Allwinner/orangepi-build/external/cache/sources/arm-trusted-firmware-sunxi-mainline/master/build/sun50i_h616/debug/bl31/psci_main.o
                0x0000000040005984                psci_cpu_suspend
 .text.psci_cpu_suspend_finish
                0x0000000040005aa0       0xd8 /home/lodge/Allwinner/orangepi-build/external/cache/sources/arm-trusted-firmware-sunxi-mainline/master/build/sun50i_h616/debug/bl31/psci_suspend.o
                0x0000000040005aa0                psci_cpu_suspend_finish
 .text.psci_cpu_suspend_start
                0x0000000040005b78      0x1d4 /home/lodge/Allwinner/orangepi-build/external/cache/sources/arm-trusted-firmware-sunxi-mainline/master/build/sun50i_h616/debug/bl31/psci_suspend.o
                0x0000000040005b78                psci_cpu_suspend_start
 .text.psci_do_cpu_off
                0x0000000040005d4c      0x124 /home/lodge/Allwinner/orangepi-build/external/cache/sources/arm-trusted-firmware-sunxi-mainline/master/build/sun50i_h616/debug/bl31/psci_off.o
                0x0000000040005d4c                psci_do_cpu_off
 .text.psci_do_pwrdown_sequence
                0x0000000040005e70        0x4 /home/lodge/Allwinner/orangepi-build/external/cache/sources/arm-trusted-firmware-sunxi-mainline/master/build/sun50i_h616/debug/bl31/psci_common.o
                0x0000000040005e70                psci_do_pwrdown_sequence
 .text.psci_do_state_coordination
                0x0000000040005e74      0x17c /home/lodge/Allwinner/orangepi-build/external/cache/sources/arm-trusted-firmware-sunxi-mainline/master/build/sun50i_h616/debug/bl31/psci_common.o
                0x0000000040005e74                psci_do_state_coordination
 .text.psci_features
                0x0000000040005ff0       0x68 /home/lodge/Allwinner/orangepi-build/external/cache/sources/arm-trusted-firmware-sunxi-mainline/master/build/sun50i_h616/debug/bl31/psci_main.o
                0x0000000040005ff0                psci_features
 .text.psci_find_max_off_lvl
                0x0000000040006058       0x4c /home/lodge/Allwinner/orangepi-build/external/cache/sources/arm-trusted-firmware-sunxi-mainline/master/build/sun50i_h616/debug/bl31/psci_common.o
                0x0000000040006058                psci_find_max_off_lvl
 .text.psci_find_target_suspend_lvl
                0x00000000400060a4       0x34 /home/lodge/Allwinner/orangepi-build/external/cache/sources/arm-trusted-firmware-sunxi-mainline/master/build/sun50i_h616/debug/bl31/psci_common.o
                0x00000000400060a4                psci_find_target_suspend_lvl
 .text.psci_get_parent_pwr_domain_nodes
                0x00000000400060d8       0x48 /home/lodge/Allwinner/orangepi-build/external/cache/sources/arm-trusted-firmware-sunxi-mainline/master/build/sun50i_h616/debug/bl31/psci_common.o
                0x00000000400060d8                psci_get_parent_pwr_domain_nodes
 .text.psci_get_target_local_pwr_states
                0x0000000040006120       0x90 /home/lodge/Allwinner/orangepi-build/external/cache/sources/arm-trusted-firmware-sunxi-mainline/master/build/sun50i_h616/debug/bl31/psci_common.o
                0x0000000040006120                psci_get_target_local_pwr_states
 .text.psci_init_req_local_pwr_states
                0x00000000400061b0       0x58 /home/lodge/Allwinner/orangepi-build/external/cache/sources/arm-trusted-firmware-sunxi-mainline/master/build/sun50i_h616/debug/bl31/psci_common.o
                0x00000000400061b0                psci_init_req_local_pwr_states
 .text.psci_is_last_on_cpu
                0x0000000040006208       0x8c /home/lodge/Allwinner/orangepi-build/external/cache/sources/arm-trusted-firmware-sunxi-mainline/master/build/sun50i_h616/debug/bl31/psci_common.o
                0x0000000040006208                psci_is_last_on_cpu
 .text.psci_mem_chk_range
                0x0000000040006294       0x54 /home/lodge/Allwinner/orangepi-build/external/cache/sources/arm-trusted-firmware-sunxi-mainline/master/build/sun50i_h616/debug/bl31/psci_mem_protect.o
                0x0000000040006294                psci_mem_chk_range
 .text.psci_mem_protect
                0x00000000400062e8       0x80 /home/lodge/Allwinner/orangepi-build/external/cache/sources/arm-trusted-firmware-sunxi-mainline/master/build/sun50i_h616/debug/bl31/psci_mem_protect.o
                0x00000000400062e8                psci_mem_protect
 .text.psci_migrate
                0x0000000040006368       0xa4 /home/lodge/Allwinner/orangepi-build/external/cache/sources/arm-trusted-firmware-sunxi-mainline/master/build/sun50i_h616/debug/bl31/psci_main.o
                0x0000000040006368                psci_migrate
 .text.psci_migrate_info_type
                0x000000004000640c       0x18 /home/lodge/Allwinner/orangepi-build/external/cache/sources/arm-trusted-firmware-sunxi-mainline/master/build/sun50i_h616/debug/bl31/psci_main.o
                0x000000004000640c                psci_migrate_info_type
 .text.psci_migrate_info_up_cpu
                0x0000000040006424       0x28 /home/lodge/Allwinner/orangepi-build/external/cache/sources/arm-trusted-firmware-sunxi-mainline/master/build/sun50i_h616/debug/bl31/psci_main.o
                0x0000000040006424                psci_migrate_info_up_cpu
 .text.psci_node_hw_state
                0x000000004000644c       0x7c /home/lodge/Allwinner/orangepi-build/external/cache/sources/arm-trusted-firmware-sunxi-mainline/master/build/sun50i_h616/debug/bl31/psci_main.o
                0x000000004000644c                psci_node_hw_state
 .text.psci_print_power_domain_map
                0x00000000400064c8      0x130 /home/lodge/Allwinner/orangepi-build/external/cache/sources/arm-trusted-firmware-sunxi-mainline/master/build/sun50i_h616/debug/bl31/psci_common.o
                0x00000000400064c8                psci_print_power_domain_map
 .text.psci_query_sys_suspend_pwrstate
                0x00000000400065f8       0x30 /home/lodge/Allwinner/orangepi-build/external/cache/sources/arm-trusted-firmware-sunxi-mainline/master/build/sun50i_h616/debug/bl31/psci_common.o
                0x00000000400065f8                psci_query_sys_suspend_pwrstate
 .text.psci_release_pwr_domain_locks
                0x0000000040006628       0x58 /home/lodge/Allwinner/orangepi-build/external/cache/sources/arm-trusted-firmware-sunxi-mainline/master/build/sun50i_h616/debug/bl31/psci_common.o
                0x0000000040006628                psci_release_pwr_domain_locks
 .text.psci_set_pwr_domains_to_run
                0x0000000040006680       0xa0 /home/lodge/Allwinner/orangepi-build/external/cache/sources/arm-trusted-firmware-sunxi-mainline/master/build/sun50i_h616/debug/bl31/psci_common.o
                0x0000000040006680                psci_set_pwr_domains_to_run
 .text.psci_set_req_local_pwr_state
                0x0000000040006720       0x50 /home/lodge/Allwinner/orangepi-build/external/cache/sources/arm-trusted-firmware-sunxi-mainline/master/build/sun50i_h616/debug/bl31/psci_common.o
 .text.psci_setup
                0x0000000040006770      0x3d8 /home/lodge/Allwinner/orangepi-build/external/cache/sources/arm-trusted-firmware-sunxi-mainline/master/build/sun50i_h616/debug/bl31/psci_setup.o
                0x0000000040006770                psci_setup
 .text.psci_smc_handler
                0x0000000040006b48      0x15c /home/lodge/Allwinner/orangepi-build/external/cache/sources/arm-trusted-firmware-sunxi-mainline/master/build/sun50i_h616/debug/bl31/psci_main.o
                0x0000000040006b48                psci_smc_handler
 .text.psci_spd_migrate_info
                0x0000000040006ca4       0x4c /home/lodge/Allwinner/orangepi-build/external/cache/sources/arm-trusted-firmware-sunxi-mainline/master/build/sun50i_h616/debug/bl31/psci_common.o
                0x0000000040006ca4                psci_spd_migrate_info
 .text.psci_system_off
                0x0000000040006cf0       0x5c /home/lodge/Allwinner/orangepi-build/external/cache/sources/arm-trusted-firmware-sunxi-mainline/master/build/sun50i_h616/debug/bl31/psci_system_off.o
                0x0000000040006cf0                psci_system_off
 .text.psci_system_reset
                0x0000000040006d4c       0x5c /home/lodge/Allwinner/orangepi-build/external/cache/sources/arm-trusted-firmware-sunxi-mainline/master/build/sun50i_h616/debug/bl31/psci_system_off.o
                0x0000000040006d4c                psci_system_reset
 .text.psci_system_reset2
                0x0000000040006da8       0xbc /home/lodge/Allwinner/orangepi-build/external/cache/sources/arm-trusted-firmware-sunxi-mainline/master/build/sun50i_h616/debug/bl31/psci_system_off.o
                0x0000000040006da8                psci_system_reset2
 .text.psci_system_suspend
                0x0000000040006e64       0xb4 /home/lodge/Allwinner/orangepi-build/external/cache/sources/arm-trusted-firmware-sunxi-mainline/master/build/sun50i_h616/debug/bl31/psci_main.o
                0x0000000040006e64                psci_system_suspend
 .text.psci_validate_entry_point
                0x0000000040006f18       0xf4 /home/lodge/Allwinner/orangepi-build/external/cache/sources/arm-trusted-firmware-sunxi-mainline/master/build/sun50i_h616/debug/bl31/psci_common.o
                0x0000000040006f18                psci_validate_entry_point
 .text.psci_validate_mpidr
                0x000000004000700c       0x20 /home/lodge/Allwinner/orangepi-build/external/cache/sources/arm-trusted-firmware-sunxi-mainline/master/build/sun50i_h616/debug/bl31/psci_common.o
                0x000000004000700c                psci_validate_mpidr
 .text.psci_validate_power_state
                0x000000004000702c       0x44 /home/lodge/Allwinner/orangepi-build/external/cache/sources/arm-trusted-firmware-sunxi-mainline/master/build/sun50i_h616/debug/bl31/psci_common.o
                0x000000004000702c                psci_validate_power_state
 .text.psci_validate_suspend_req
                0x0000000040007070       0xa0 /home/lodge/Allwinner/orangepi-build/external/cache/sources/arm-trusted-firmware-sunxi-mainline/master/build/sun50i_h616/debug/bl31/psci_common.o
                0x0000000040007070                psci_validate_suspend_req
 .text.psci_warmboot_entrypoint
                0x0000000040007110       0xdc /home/lodge/Allwinner/orangepi-build/external/cache/sources/arm-trusted-firmware-sunxi-mainline/master/build/sun50i_h616/debug/bl31/psci_common.o
                0x0000000040007110                psci_warmboot_entrypoint
 .text.putchar  0x00000000400071ec       0x2c /home/lodge/Allwinner/orangepi-build/external/cache/sources/arm-trusted-firmware-sunxi-mainline/master/build/sun50i_h616/debug/lib/libc.a(putchar.o)
                0x00000000400071ec                putchar
 .text.rsb_assign_runtime_address
                0x0000000040007218       0x44 /home/lodge/Allwinner/orangepi-build/external/cache/sources/arm-trusted-firmware-sunxi-mainline/master/build/sun50i_h616/debug/bl31/sunxi_rsb.o
                0x0000000040007218                rsb_assign_runtime_address
 .text.rsb_init
                0x000000004000725c       0x58 /home/lodge/Allwinner/orangepi-build/external/cache/sources/arm-trusted-firmware-sunxi-mainline/master/build/sun50i_h616/debug/bl31/sunxi_power.o
 .text.rsb_init_controller
                0x00000000400072b4       0x20 /home/lodge/Allwinner/orangepi-build/external/cache/sources/arm-trusted-firmware-sunxi-mainline/master/build/sun50i_h616/debug/bl31/sunxi_rsb.o
                0x00000000400072b4                rsb_init_controller
 .text.rsb_read
                0x00000000400072d4       0x68 /home/lodge/Allwinner/orangepi-build/external/cache/sources/arm-trusted-firmware-sunxi-mainline/master/build/sun50i_h616/debug/bl31/sunxi_rsb.o
                0x00000000400072d4                rsb_read
 .text.rsb_set_bus_speed
                0x000000004000733c       0x38 /home/lodge/Allwinner/orangepi-build/external/cache/sources/arm-trusted-firmware-sunxi-mainline/master/build/sun50i_h616/debug/bl31/sunxi_rsb.o
                0x000000004000733c                rsb_set_bus_speed
 .text.rsb_set_device_mode
                0x0000000040007374       0x28 /home/lodge/Allwinner/orangepi-build/external/cache/sources/arm-trusted-firmware-sunxi-mainline/master/build/sun50i_h616/debug/bl31/sunxi_rsb.o
                0x0000000040007374                rsb_set_device_mode
 .text.rsb_wait_bit
                0x000000004000739c       0x54 /home/lodge/Allwinner/orangepi-build/external/cache/sources/arm-trusted-firmware-sunxi-mainline/master/build/sun50i_h616/debug/bl31/sunxi_rsb.o
 .text.rsb_wait_stat
                0x00000000400073f0       0x58 /home/lodge/Allwinner/orangepi-build/external/cache/sources/arm-trusted-firmware-sunxi-mainline/master/build/sun50i_h616/debug/bl31/sunxi_rsb.o
 .text.rsb_write
                0x0000000040007448       0x4c /home/lodge/Allwinner/orangepi-build/external/cache/sources/arm-trusted-firmware-sunxi-mainline/master/build/sun50i_h616/debug/bl31/sunxi_rsb.o
                0x0000000040007448                rsb_write
 .text.runtime_svc_init
                0x0000000040007494      0x158 /home/lodge/Allwinner/orangepi-build/external/cache/sources/arm-trusted-firmware-sunxi-mainline/master/build/sun50i_h616/debug/bl31/runtime_svc.o
                0x0000000040007494                runtime_svc_init
 .text.setup_mmu_cfg
                0x00000000400075ec      0x108 /home/lodge/Allwinner/orangepi-build/external/cache/sources/arm-trusted-firmware-sunxi-mainline/master/build/sun50i_h616/debug/bl31/xlat_tables_arch.o
                0x00000000400075ec                setup_mmu_cfg
 .text.std_svc_setup
                0x00000000400076f4       0x38 /home/lodge/Allwinner/orangepi-build/external/cache/sources/arm-trusted-firmware-sunxi-mainline/master/build/sun50i_h616/debug/bl31/std_svc_setup.o
 .text.std_svc_smc_handler
                0x000000004000772c       0xb8 /home/lodge/Allwinner/orangepi-build/external/cache/sources/arm-trusted-firmware-sunxi-mainline/master/build/sun50i_h616/debug/bl31/std_svc_setup.o
 .text.strcmp   0x00000000400077e4       0x2c /home/lodge/Allwinner/orangepi-build/external/cache/sources/arm-trusted-firmware-sunxi-mainline/master/build/sun50i_h616/debug/lib/libc.a(strcmp.o)
                0x00000000400077e4                strcmp
 .text.strlen   0x0000000040007810       0x1c /home/lodge/Allwinner/orangepi-build/external/cache/sources/arm-trusted-firmware-sunxi-mainline/master/build/sun50i_h616/debug/lib/libc.a(strlen.o)
                0x0000000040007810                strlen
 .text.strncmp  0x000000004000782c       0x38 /home/lodge/Allwinner/orangepi-build/external/cache/sources/arm-trusted-firmware-sunxi-mainline/master/build/sun50i_h616/debug/lib/libc.a(strncmp.o)
                0x000000004000782c                strncmp
 .text.strrchr  0x0000000040007864       0x28 /home/lodge/Allwinner/orangepi-build/external/cache/sources/arm-trusted-firmware-sunxi-mainline/master/build/sun50i_h616/debug/lib/libc.a(strrchr.o)
                0x0000000040007864                strrchr
 .text.sunxi_configure_mmu_el3
                0x000000004000788c       0xa8 /home/lodge/Allwinner/orangepi-build/external/cache/sources/arm-trusted-firmware-sunxi-mainline/master/build/sun50i_h616/debug/bl31/sunxi_common.o
                0x000000004000788c                sunxi_configure_mmu_el3
 .text.sunxi_cpu_on
                0x0000000040007934      0x120 /home/lodge/Allwinner/orangepi-build/external/cache/sources/arm-trusted-firmware-sunxi-mainline/master/build/sun50i_h616/debug/bl31/sunxi_cpu_ops.o
                0x0000000040007934                sunxi_cpu_on
 .text.sunxi_cpu_power_off_others
                0x0000000040007a54       0x90 /home/lodge/Allwinner/orangepi-build/external/cache/sources/arm-trusted-firmware-sunxi-mainline/master/build/sun50i_h616/debug/bl31/sunxi_cpu_ops.o
                0x0000000040007a54                sunxi_cpu_power_off_others
 .text.sunxi_cpu_power_off_self
                0x0000000040007ae4       0x30 /home/lodge/Allwinner/orangepi-build/external/cache/sources/arm-trusted-firmware-sunxi-mainline/master/build/sun50i_h616/debug/bl31/sunxi_power.o
                0x0000000040007ae4                sunxi_cpu_power_off_self
 .text.sunxi_init_platform_r_twi
                0x0000000040007b14      0x17c /home/lodge/Allwinner/orangepi-build/external/cache/sources/arm-trusted-firmware-sunxi-mainline/master/build/sun50i_h616/debug/bl31/sunxi_common.o
                0x0000000040007b14                sunxi_init_platform_r_twi
 .text.sunxi_pmic_setup
                0x0000000040007c90       0x98 /home/lodge/Allwinner/orangepi-build/external/cache/sources/arm-trusted-firmware-sunxi-mainline/master/build/sun50i_h616/debug/bl31/sunxi_power.o
                0x0000000040007c90                sunxi_pmic_setup
 .text.sunxi_power_down
                0x0000000040007d28       0x30 /home/lodge/Allwinner/orangepi-build/external/cache/sources/arm-trusted-firmware-sunxi-mainline/master/build/sun50i_h616/debug/bl31/sunxi_power.o
                0x0000000040007d28                sunxi_power_down
 .text.sunxi_prepare_dtb
                0x0000000040007d58       0xe0 /home/lodge/Allwinner/orangepi-build/external/cache/sources/arm-trusted-firmware-sunxi-mainline/master/build/sun50i_h616/debug/bl31/sunxi_prepare_dtb.o
                0x0000000040007d58                sunxi_prepare_dtb
 .text.sunxi_pwr_domain_off
                0x0000000040007e38       0x14 /home/lodge/Allwinner/orangepi-build/external/cache/sources/arm-trusted-firmware-sunxi-mainline/master/build/sun50i_h616/debug/bl31/sunxi_native_pm.o
 .text.sunxi_pwr_domain_on
                0x0000000040007e4c       0x18 /home/lodge/Allwinner/orangepi-build/external/cache/sources/arm-trusted-firmware-sunxi-mainline/master/build/sun50i_h616/debug/bl31/sunxi_native_pm.o
 .text.sunxi_pwr_domain_on_finish
                0x0000000040007e64       0x14 /home/lodge/Allwinner/orangepi-build/external/cache/sources/arm-trusted-firmware-sunxi-mainline/master/build/sun50i_h616/debug/bl31/sunxi_native_pm.o
 .text.sunxi_read_soc_id
                0x0000000040007e78       0x28 /home/lodge/Allwinner/orangepi-build/external/cache/sources/arm-trusted-firmware-sunxi-mainline/master/build/sun50i_h616/debug/bl31/sunxi_common.o
                0x0000000040007e78                sunxi_read_soc_id
 .text.sunxi_security_setup
                0x0000000040007ea0       0x6c /home/lodge/Allwinner/orangepi-build/external/cache/sources/arm-trusted-firmware-sunxi-mainline/master/build/sun50i_h616/debug/bl31/sunxi_security.o
                0x0000000040007ea0                sunxi_security_setup
 .text.sunxi_set_native_psci_ops
                0x0000000040007f0c       0x10 /home/lodge/Allwinner/orangepi-build/external/cache/sources/arm-trusted-firmware-sunxi-mainline/master/build/sun50i_h616/debug/bl31/sunxi_native_pm.o
                0x0000000040007f0c                sunxi_set_native_psci_ops
 .text.sunxi_system_off
                0x0000000040007f1c       0x1c /home/lodge/Allwinner/orangepi-build/external/cache/sources/arm-trusted-firmware-sunxi-mainline/master/build/sun50i_h616/debug/bl31/sunxi_native_pm.o
 .text.sunxi_system_reset
                0x0000000040007f38       0x3c /home/lodge/Allwinner/orangepi-build/external/cache/sources/arm-trusted-firmware-sunxi-mainline/master/build/sun50i_h616/debug/bl31/sunxi_native_pm.o
 .text.sunxi_validate_ns_entrypoint
                0x0000000040007f74       0x14 /home/lodge/Allwinner/orangepi-build/external/cache/sources/arm-trusted-firmware-sunxi-mainline/master/build/sun50i_h616/debug/bl31/sunxi_pm.o
                0x0000000040007f74                sunxi_validate_ns_entrypoint
 .text.tcr_physical_addr_size_bits
                0x0000000040007f88       0x6c /home/lodge/Allwinner/orangepi-build/external/cache/sources/arm-trusted-firmware-sunxi-mainline/master/build/sun50i_h616/debug/bl31/xlat_tables_arch.o
                0x0000000040007f88                tcr_physical_addr_size_bits
 .text.tf_log   0x0000000040007ff4       0xc8 /home/lodge/Allwinner/orangepi-build/external/cache/sources/arm-trusted-firmware-sunxi-mainline/master/build/sun50i_h616/debug/bl31/tf_log.o
                0x0000000040007ff4                tf_log
 .text.tf_log_newline
                0x00000000400080bc       0x60 /home/lodge/Allwinner/orangepi-build/external/cache/sources/arm-trusted-firmware-sunxi-mainline/master/build/sun50i_h616/debug/bl31/tf_log.o
                0x00000000400080bc                tf_log_newline
 .text.timer_init
                0x000000004000811c       0x40 /home/lodge/Allwinner/orangepi-build/external/cache/sources/arm-trusted-firmware-sunxi-mainline/master/build/sun50i_h616/debug/bl31/delay_timer.o
                0x000000004000811c                timer_init
 .text.udelay   0x000000004000815c       0xa8 /home/lodge/Allwinner/orangepi-build/external/cache/sources/arm-trusted-firmware-sunxi-mainline/master/build/sun50i_h616/debug/bl31/delay_timer.o
                0x000000004000815c                udelay
 .text.unsigned_num_print
                0x0000000040008204       0xd0 /home/lodge/Allwinner/orangepi-build/external/cache/sources/arm-trusted-firmware-sunxi-mainline/master/build/sun50i_h616/debug/lib/libc.a(printf.o)
 .text.vprintf  0x00000000400082d4      0x414 /home/lodge/Allwinner/orangepi-build/external/cache/sources/arm-trusted-firmware-sunxi-mainline/master/build/sun50i_h616/debug/lib/libc.a(printf.o)
                0x00000000400082d4                vprintf
 .text.xlat_arch_current_el
                0x00000000400086e8       0x2c /home/lodge/Allwinner/orangepi-build/external/cache/sources/arm-trusted-firmware-sunxi-mainline/master/build/sun50i_h616/debug/bl31/xlat_tables_arch.o
                0x00000000400086e8                xlat_arch_current_el
 .text.xlat_arch_get_max_supported_pa
                0x0000000040008714       0x44 /home/lodge/Allwinner/orangepi-build/external/cache/sources/arm-trusted-firmware-sunxi-mainline/master/build/sun50i_h616/debug/bl31/xlat_tables_arch.o
                0x0000000040008714                xlat_arch_get_max_supported_pa
 .text.xlat_arch_get_pas
                0x0000000040008758       0x14 /home/lodge/Allwinner/orangepi-build/external/cache/sources/arm-trusted-firmware-sunxi-mainline/master/build/sun50i_h616/debug/bl31/xlat_tables_arch.o
                0x0000000040008758                xlat_arch_get_pas
 .text.xlat_arch_regime_get_xn_desc
                0x000000004000876c       0x38 /home/lodge/Allwinner/orangepi-build/external/cache/sources/arm-trusted-firmware-sunxi-mainline/master/build/sun50i_h616/debug/bl31/xlat_tables_arch.o
                0x000000004000876c                xlat_arch_regime_get_xn_desc
 .text.xlat_desc
                0x00000000400087a4      0x134 /home/lodge/Allwinner/orangepi-build/external/cache/sources/arm-trusted-firmware-sunxi-mainline/master/build/sun50i_h616/debug/bl31/xlat_tables_core.o
                0x00000000400087a4                xlat_desc
 .text.xlat_get_min_virt_addr_space_size
                0x00000000400088d8       0x1c /home/lodge/Allwinner/orangepi-build/external/cache/sources/arm-trusted-firmware-sunxi-mainline/master/build/sun50i_h616/debug/bl31/xlat_tables_arch.o
                0x00000000400088d8                xlat_get_min_virt_addr_space_size
 .text.xlat_mmap_print
                0x00000000400088f4        0x4 /home/lodge/Allwinner/orangepi-build/external/cache/sources/arm-trusted-firmware-sunxi-mainline/master/build/sun50i_h616/debug/bl31/xlat_tables_utils.o
                0x00000000400088f4                xlat_mmap_print
 .text.xlat_tables_map_region
                0x00000000400088f8      0x23c /home/lodge/Allwinner/orangepi-build/external/cache/sources/arm-trusted-firmware-sunxi-mainline/master/build/sun50i_h616/debug/bl31/xlat_tables_core.o
 .text.xlat_tables_print
                0x0000000040008b34        0x4 /home/lodge/Allwinner/orangepi-build/external/cache/sources/arm-trusted-firmware-sunxi-mainline/master/build/sun50i_h616/debug/bl31/xlat_tables_utils.o
                0x0000000040008b34                xlat_tables_print
 *(.vectors)
 *fill*         0x0000000040008b38      0x4c8 
 .vectors       0x0000000040009000      0x800 /home/lodge/Allwinner/orangepi-build/external/cache/sources/arm-trusted-firmware-sunxi-mainline/master/build/sun50i_h616/debug/bl31/runtime_exceptions.o
                0x0000000040009000                sync_exception_sp_el0
                0x0000000040009000                runtime_exceptions
                0x0000000040009080                irq_sp_el0
                0x0000000040009100                fiq_sp_el0
                0x0000000040009180                serror_sp_el0
                0x0000000040009200                sync_exception_sp_elx
                0x0000000040009280                irq_sp_elx
                0x0000000040009300                fiq_sp_elx
                0x0000000040009380                serror_sp_elx
                0x0000000040009400                sync_exception_aarch64
                0x0000000040009480                irq_aarch64
                0x0000000040009500                fiq_aarch64
                0x0000000040009580                serror_aarch64
                0x0000000040009600                sync_exception_aarch32
                0x0000000040009680                irq_aarch32
                0x0000000040009700                fiq_aarch32
                0x0000000040009780                serror_aarch32
                0x000000004000a000                . = ALIGN (0x1000)
 *fill*         0x0000000040009800      0x800 
                0x000000004000a000                __TEXT_END__ = .

.iplt           0x000000004000a000        0x0
 .iplt          0x000000004000a000        0x0 /home/lodge/Allwinner/orangepi-build/external/cache/sources/arm-trusted-firmware-sunxi-mainline/master/build/sun50i_h616/debug/bl31/build_message.o

.rodata         0x000000004000a000     0x2000
                0x000000004000a000                __RODATA_START__ = .
 *(SORT_BY_ALIGNMENT(.rodata*))
 .rodata.psci_args.3284
                0x000000004000a000       0x10 /home/lodge/Allwinner/orangepi-build/external/cache/sources/arm-trusted-firmware-sunxi-mainline/master/build/sun50i_h616/debug/bl31/bl31_main.o
 .rodata.axp_compatible
                0x000000004000a010        0x8 /home/lodge/Allwinner/orangepi-build/external/cache/sources/arm-trusted-firmware-sunxi-mainline/master/build/sun50i_h616/debug/bl31/axp805.o
                0x000000004000a010                axp_compatible
 .rodata.axp_regulators
                0x000000004000a018      0x180 /home/lodge/Allwinner/orangepi-build/external/cache/sources/arm-trusted-firmware-sunxi-mainline/master/build/sun50i_h616/debug/bl31/axp805.o